Archive member included to satisfy reference by file (symbol)

contiki-evb1000.a(autostart.o)
                              obj_evb1000/contiki-main.o (autostart_start)
contiki-evb1000.a(ctimer.o)   obj_evb1000/contiki-main.o (ctimer_init)
contiki-evb1000.a(energest.o)
                              obj_evb1000/contiki-main.o (energest_init)
contiki-evb1000.a(etimer.o)   obj_evb1000/clock.o (etimer_request_poll)
contiki-evb1000.a(process.o)  obj_evb1000/dw1000-ranging.o (process_alloc_event)
contiki-evb1000.a(rtimer.o)   obj_evb1000/contiki-main.o (rtimer_init)
contiki-evb1000.a(timer.o)    contiki-evb1000.a(etimer.o) (timer_set)
contiki-evb1000.a(leds.o)     obj_evb1000/contiki-main.o (leds_init)
contiki-evb1000.a(serial-line.o)
                              obj_evb1000/deca_usb.o (serial_line_input_byte)
contiki-evb1000.a(list.o)     contiki-evb1000.a(ctimer.o) (list_init)
contiki-evb1000.a(random.o)   obj_evb1000/contiki-main.o (random_init)
contiki-evb1000.a(ringbuf.o)  contiki-evb1000.a(serial-line.o) (ringbuf_init)
contiki-evb1000.a(linkaddr.o)
                              rng-init.co (linkaddr_copy)
contiki-evb1000.a(netstack.o)
                              obj_evb1000/contiki-main.o (netstack_init)
contiki-evb1000.a(packetbuf.o)
                              obj_evb1000/dw1000.o (packetbuf_clear)
contiki-evb1000.a(csma.o)     contiki-evb1000.a(netstack.o) (csma_driver)
contiki-evb1000.a(frame802154.o)
                              obj_evb1000/dw1000-ranging.o (frame802154_create)
contiki-evb1000.a(mac.o)      contiki-evb1000.a(csma.o) (mac_call_sent_callback)
contiki-evb1000.a(nullrdc.o)  obj_evb1000/dw1000.o (nullrdc_driver)
contiki-evb1000.a(nullsec.o)  contiki-evb1000.a(netstack.o) (nullsec_driver)
contiki-evb1000.a(memb.o)     contiki-evb1000.a(csma.o) (memb_init)
contiki-evb1000.a(rime.o)     contiki-evb1000.a(netstack.o) (rime_driver)
contiki-evb1000.a(queuebuf.o)
                              contiki-evb1000.a(rime.o) (queuebuf_init)
contiki-evb1000.a(framer-802154.o)
                              contiki-evb1000.a(nullrdc.o) (framer_802154)
contiki-evb1000.a(mac-sequence.o)
                              contiki-evb1000.a(nullrdc.o) (mac_sequence_is_duplicate)
contiki-evb1000.a(abc.o)      contiki-evb1000.a(rime.o) (abc_input)
contiki-evb1000.a(announcement.o)
                              contiki-evb1000.a(rime.o) (announcement_init)
contiki-evb1000.a(broadcast-annou)
                              contiki-evb1000.a(rime.o) (broadcast_announcement_init)
contiki-evb1000.a(broadcast.o)
                              contiki-evb1000.a(broadcast-annou) (broadcast_open)
contiki-evb1000.a(chameleon.o)
                              contiki-evb1000.a(rime.o) (chameleon_init)
contiki-evb1000.a(channel.o)  contiki-evb1000.a(chameleon.o) (channel_init)
contiki-evb1000.a(chameleon-bitop)
                              contiki-evb1000.a(chameleon.o) (chameleon_bitopt)
/Users/parallels/sw/gcc-arm/gcc-arm-none-eabi-10.3-2021.07/bin/../lib/gcc/arm-none-eabi/10.3.1/../../../../arm-none-eabi/lib/thumb/v7-m/nofp/libm.a(lib_a-s_round.o)
                              obj_evb1000/dw1000-util.o (round)
/Users/parallels/sw/gcc-arm/gcc-arm-none-eabi-10.3-2021.07/bin/../lib/gcc/arm-none-eabi/10.3.1/../../../../arm-none-eabi/lib/thumb/v7-m/nofp/libm.a(lib_a-w_log10.o)
                              obj_evb1000/dw1000-util.o (log10)
/Users/parallels/sw/gcc-arm/gcc-arm-none-eabi-10.3-2021.07/bin/../lib/gcc/arm-none-eabi/10.3.1/../../../../arm-none-eabi/lib/thumb/v7-m/nofp/libm.a(lib_a-w_sqrt.o)
                              obj_evb1000/dw1000-util.o (sqrt)
/Users/parallels/sw/gcc-arm/gcc-arm-none-eabi-10.3-2021.07/bin/../lib/gcc/arm-none-eabi/10.3.1/../../../../arm-none-eabi/lib/thumb/v7-m/nofp/libm.a(lib_a-e_log10.o)
                              /Users/parallels/sw/gcc-arm/gcc-arm-none-eabi-10.3-2021.07/bin/../lib/gcc/arm-none-eabi/10.3.1/../../../../arm-none-eabi/lib/thumb/v7-m/nofp/libm.a(lib_a-w_log10.o) (__ieee754_log10)
/Users/parallels/sw/gcc-arm/gcc-arm-none-eabi-10.3-2021.07/bin/../lib/gcc/arm-none-eabi/10.3.1/../../../../arm-none-eabi/lib/thumb/v7-m/nofp/libm.a(lib_a-e_sqrt.o)
                              /Users/parallels/sw/gcc-arm/gcc-arm-none-eabi-10.3-2021.07/bin/../lib/gcc/arm-none-eabi/10.3.1/../../../../arm-none-eabi/lib/thumb/v7-m/nofp/libm.a(lib_a-w_sqrt.o) (__ieee754_sqrt)
/Users/parallels/sw/gcc-arm/gcc-arm-none-eabi-10.3-2021.07/bin/../lib/gcc/arm-none-eabi/10.3.1/../../../../arm-none-eabi/lib/thumb/v7-m/nofp/libm.a(lib_a-s_nan.o)
                              /Users/parallels/sw/gcc-arm/gcc-arm-none-eabi-10.3-2021.07/bin/../lib/gcc/arm-none-eabi/10.3.1/../../../../arm-none-eabi/lib/thumb/v7-m/nofp/libm.a(lib_a-w_log10.o) (nan)
/Users/parallels/sw/gcc-arm/gcc-arm-none-eabi-10.3-2021.07/bin/../lib/gcc/arm-none-eabi/10.3.1/../../../../arm-none-eabi/lib/thumb/v7-m/nofp/libm.a(lib_a-e_log.o)
[...]
Memory Configuration

Name             Origin             Length             Attributes
FLASH            0x0000000008000000 0x0000000000040000 xr
RAM              0x0000000020000000 0x0000000000010000 xrw
MEMORY_B1        0x0000000060000000 0x0000000000000000 xr
*default*        0x0000000000000000 0xffffffffffffffff

Linker script and memory map

LOAD /Users/parallels/sw/gcc-arm/gcc-arm-none-eabi-10.3-2021.07/bin/../lib/gcc/arm-none-eabi/10.3.1/thumb/v7-m/nofp/crti.o
LOAD /Users/parallels/sw/gcc-arm/gcc-arm-none-eabi-10.3-2021.07/bin/../lib/gcc/arm-none-eabi/10.3.1/thumb/v7-m/nofp/crtbegin.o
LOAD /Users/parallels/sw/gcc-arm/gcc-arm-none-eabi-10.3-2021.07/bin/../lib/gcc/arm-none-eabi/10.3.1/../../../../arm-none-eabi/lib/thumb/v7-m/nofp/crt0.o
LOAD /var/folders/g4/0jm82hrn5yz7rm40wy0zb1q80000gr/T//cc6j3B6d.o
LOAD rng-init.co
LOAD obj_evb1000/dummynet.o
LOAD obj_evb1000/logging.o
LOAD obj_evb1000/contiki-main.o
LOAD obj_evb1000/board.o
LOAD obj_evb1000/leds-arch.o
LOAD obj_evb1000/lcd.o
LOAD obj_evb1000/stm32f10x_it.o
LOAD obj_evb1000/syscalls.o
LOAD obj_evb1000/dw1000-arch.o
LOAD obj_evb1000/deca_device.o
LOAD obj_evb1000/deca_params_init.o
LOAD obj_evb1000/deca_range_tables.o
LOAD obj_evb1000/dw1000.o
LOAD obj_evb1000/dw1000-ranging.o
LOAD obj_evb1000/dw1000-config.o
LOAD obj_evb1000/dw1000-util.o
LOAD obj_evb1000/dw1000-cir.o
LOAD obj_evb1000/dw1000-statetime.o
LOAD obj_evb1000/deca_usb.o
LOAD obj_evb1000/deca_usb_bsp_evk1000.o
LOAD obj_evb1000/usbd_desc.o
LOAD obj_evb1000/usbd_usr.o
LOAD obj_evb1000/system_stm32f10x.o
LOAD obj_evb1000/core_cm3.o
LOAD obj_evb1000/misc.o
LOAD obj_evb1000/stm32f10x_cec.o
LOAD obj_evb1000/stm32f10x_dma.o
LOAD obj_evb1000/stm32f10x_gpio.o
LOAD obj_evb1000/stm32f10x_rcc.o
LOAD obj_evb1000/stm32f10x_tim.o
LOAD obj_evb1000/stm32f10x_adc.o
LOAD obj_evb1000/stm32f10x_crc.o
LOAD obj_evb1000/stm32f10x_exti.o
LOAD obj_evb1000/stm32f10x_i2c.o
LOAD obj_evb1000/stm32f10x_rtc.o
LOAD obj_evb1000/stm32f10x_usart.o
LOAD obj_evb1000/stm32f10x_bkp.o
LOAD obj_evb1000/stm32f10x_dac.o
LOAD obj_evb1000/stm32f10x_flash.o
LOAD obj_evb1000/stm32f10x_iwdg.o
LOAD obj_evb1000/stm32f10x_sdio.o
LOAD obj_evb1000/stm32f10x_wwdg.o
LOAD obj_evb1000/stm32f10x_can.o
LOAD obj_evb1000/stm32f10x_dbgmcu.o
LOAD obj_evb1000/stm32f10x_fsmc.o
LOAD obj_evb1000/stm32f10x_pwr.o
LOAD obj_evb1000/stm32f10x_spi.o
LOAD obj_evb1000/usbd_core.o
LOAD obj_evb1000/usbd_ioreq.o
LOAD obj_evb1000/usbd_req.o
LOAD obj_evb1000/usbd_cdc_core.o
LOAD obj_evb1000/usb_core.o
LOAD obj_evb1000/usb_dcd_int.o
LOAD obj_evb1000/usb_dcd.o
LOAD obj_evb1000/clock.o
LOAD obj_evb1000/watchdog.o
LOAD obj_evb1000/rtimer-arch.o
LOAD obj_evb1000/spix.o
LOAD obj_evb1000/rng-support.o
LOAD contiki-evb1000.a
LOAD /Users/parallels/sw/gcc-arm/gcc-arm-none-eabi-10.3-2021.07/bin/../lib/gcc/arm-none-eabi/10.3.1/../../../../arm-none-eabi/lib/thumb/v7-m/nofp/libm.a
START GROUP
LOAD /Users/parallels/sw/gcc-arm/gcc-arm-none-eabi-10.3-2021.07/bin/../lib/gcc/arm-none-eabi/10.3.1/thumb/v7-m/nofp/libgcc.a
LOAD /Users/parallels/sw/gcc-arm/gcc-arm-none-eabi-10.3-2021.07/bin/../lib/gcc/arm-none-eabi/10.3.1/../../../../arm-none-eabi/lib/thumb/v7-m/nofp/libc.a
END GROUP
START GROUP
LOAD /Users/parallels/sw/gcc-arm/gcc-arm-none-eabi-10.3-2021.07/bin/../lib/gcc/arm-none-eabi/10.3.1/thumb/v7-m/nofp/libgcc.a
LOAD /Users/parallels/sw/gcc-arm/gcc-arm-none-eabi-10.3-2021.07/bin/../lib/gcc/arm-none-eabi/10.3.1/../../../../arm-none-eabi/lib/thumb/v7-m/nofp/libc.a
LOAD /Users/parallels/sw/gcc-arm/gcc-arm-none-eabi-10.3-2021.07/bin/../lib/gcc/arm-none-eabi/10.3.1/../../../../arm-none-eabi/lib/thumb/v7-m/nofp/libnosys.a
END GROUP
LOAD /Users/parallels/sw/gcc-arm/gcc-arm-none-eabi-10.3-2021.07/bin/../lib/gcc/arm-none-eabi/10.3.1/thumb/v7-m/nofp/crtend.o
LOAD /Users/parallels/sw/gcc-arm/gcc-arm-none-eabi-10.3-2021.07/bin/../lib/gcc/arm-none-eabi/10.3.1/thumb/v7-m/nofp/crtn.o
                0x0000000020010000                _estack = 0x20010000
                0x0000000000000400                _Min_Heap_Size = 0x400
                0x0000000000000400                _Min_Stack_Size = 0x400

.isr_vector     0x0000000008000000      0x1e4
                0x0000000008000000                . = ALIGN (0x4)
 *(.isr_vector)
 .isr_vector    0x0000000008000000      0x1e4 /var/folders/g4/0jm82hrn5yz7rm40wy0zb1q80000gr/T//cc6j3B6d.o
                0x0000000008000000                g_pfnVectors
                0x00000000080001e4                . = ALIGN (0x4)

.text           0x00000000080001e8    0x11fe8
                0x00000000080001e8                . = ALIGN (0x4)
 *(.text)
 .text          0x00000000080001e8       0x40 /Users/parallels/sw/gcc-arm/gcc-arm-none-eabi-10.3-2021.07/bin/../lib/gcc/arm-none-eabi/10.3.1/thumb/v7-m/nofp/crtbegin.o
 .text          0x0000000008000228      0x378 /Users/parallels/sw/gcc-arm/gcc-arm-none-eabi-10.3-2021.07/bin/../lib/gcc/arm-none-eabi/10.3.1/thumb/v7-m/nofp/libgcc.a(_arm_addsubdf3.o)
                0x0000000008000228                __aeabi_drsub
                0x0000000008000230                __subdf3
                0x0000000008000230                __aeabi_dsub
                0x0000000008000234                __aeabi_dadd
                0x0000000008000234                __adddf3
                0x00000000080004ac                __aeabi_ui2d
                0x00000000080004ac                __floatunsidf
                0x00000000080004cc                __floatsidf
                0x00000000080004cc                __aeabi_i2d
                0x00000000080004f0                __extendsfdf2
                0x00000000080004f0                __aeabi_f2d
                0x0000000008000534                __aeabi_ul2d
                0x0000000008000534                __floatundidf
                0x0000000008000544                __aeabi_l2d
                0x0000000008000544                __floatdidf
 .text          0x00000000080005a0      0x424 /Users/parallels/sw/gcc-arm/gcc-arm-none-eabi-10.3-2021.07/bin/../lib/gcc/arm-none-eabi/10.3.1/thumb/v7-m/nofp/libgcc.a(_arm_muldivdf3.o)
                0x00000000080005a0                __aeabi_dmul
                0x00000000080005a0                __muldf3
                0x00000000080007f4                __aeabi_ddiv
                0x00000000080007f4                __divdf3
 .text          0x00000000080009c4      0x110 /Users/parallels/sw/gcc-arm/gcc-arm-none-eabi-10.3-2021.07/bin/../lib/gcc/arm-none-eabi/10.3.1/thumb/v7-m/nofp/libgcc.a(_arm_cmpdf2.o)
                0x00000000080009c4                __gedf2
                0x00000000080009c4                __gtdf2
                0x00000000080009cc                __ledf2
                0x00000000080009cc                __ltdf2
                0x00000000080009d4                __cmpdf2
                0x00000000080009d4                __eqdf2
                0x00000000080009d4                __nedf2
                0x0000000008000a50                __aeabi_cdrcmple
                0x0000000008000a60                __aeabi_cdcmple
                0x0000000008000a60                __aeabi_cdcmpeq
                0x0000000008000a70                __aeabi_dcmpeq
                0x0000000008000a84                __aeabi_dcmplt
                0x0000000008000a98                __aeabi_dcmple
                0x0000000008000aac                __aeabi_dcmpge
                0x0000000008000ac0                __aeabi_dcmpgt
 .text          0x0000000008000ad4       0x2c /Users/parallels/sw/gcc-arm/gcc-arm-none-eabi-10.3-2021.07/bin/../lib/gcc/arm-none-eabi/10.3.1/thumb/v7-m/nofp/libgcc.a(_arm_unorddf2.o)
                0x0000000008000ad4                __aeabi_dcmpun
                0x0000000008000ad4                __unorddf2
 .text          0x0000000008000b00       0x50 /Users/parallels/sw/gcc-arm/gcc-arm-none-eabi-10.3-2021.07/bin/../lib/gcc/arm-none-eabi/10.3.1/thumb/v7-m/nofp/libgcc.a(_arm_fixdfsi.o)
                0x0000000008000b00                __fixdfsi
                0x0000000008000b00                __aeabi_d2iz
 .text          0x0000000008000b50       0x40 /Users/parallels/sw/gcc-arm/gcc-arm-none-eabi-10.3-2021.07/bin/../lib/gcc/arm-none-eabi/10.3.1/thumb/v7-m/nofp/libgcc.a(_arm_fixunsdfsi.o)
                0x0000000008000b50                __fixunsdfsi
                0x0000000008000b50                __aeabi_d2uiz
 .text          0x0000000008000b90       0xa0 /Users/parallels/sw/gcc-arm/gcc-arm-none-eabi-10.3-2021.07/bin/../lib/gcc/arm-none-eabi/10.3.1/thumb/v7-m/nofp/libgcc.a(_arm_truncdfsf2.o)
                0x0000000008000b90                __aeabi_d2f
                0x0000000008000b90                __truncdfsf2
 .text          0x0000000008000c30      0x21c /Users/parallels/sw/gcc-arm/gcc-arm-none-eabi-10.3-2021.07/bin/../lib/gcc/arm-none-eabi/10.3.1/thumb/v7-m/nofp/libgcc.a(_arm_addsubsf3.o)
                0x0000000008000c30                __aeabi_frsub
                0x0000000008000c38                __aeabi_fsub
                0x0000000008000c38                __subsf3
                0x0000000008000c3c                __aeabi_fadd
                0x0000000008000c3c                __addsf3
                0x0000000008000d9c                __aeabi_ui2f
                0x0000000008000d9c                __floatunsisf
                0x0000000008000da4                __floatsisf
                0x0000000008000da4                __aeabi_i2f
                0x0000000008000dc0                __aeabi_ul2f
                0x0000000008000dc0                __floatundisf
                0x0000000008000dd0                __aeabi_l2f
                0x0000000008000dd0                __floatdisf
 .text          0x0000000008000e4c       0x30 /Users/parallels/sw/gcc-arm/gcc-arm-none-eabi-10.3-2021.07/bin/../lib/gcc/arm-none-eabi/10.3.1/thumb/v7-m/nofp/libgcc.a(_aeabi_uldivmod.o)
                0x0000000008000e4c                __aeabi_uldivmod
 .text          0x0000000008000e7c       0x34 /Users/parallels/sw/gcc-arm/gcc-arm-none-eabi-10.3-2021.07/bin/../lib/gcc/arm-none-eabi/10.3.1/thumb/v7-m/nofp/libgcc.a(_fixdfdi.o)
                0x0000000008000e7c                __aeabi_d2lz
                0x0000000008000e7c                __fixdfdi
 .text          0x0000000008000eb0       0x3c /Users/parallels/sw/gcc-arm/gcc-arm-none-eabi-10.3-2021.07/bin/../lib/gcc/arm-none-eabi/10.3.1/thumb/v7-m/nofp/libgcc.a(_fixunsdfdi.o)
                0x0000000008000eb0                __aeabi_d2ulz
                0x0000000008000eb0                __fixunsdfdi
 .text          0x0000000008000eec      0x2d4 /Users/parallels/sw/gcc-arm/gcc-arm-none-eabi-10.3-2021.07/bin/../lib/gcc/arm-none-eabi/10.3.1/thumb/v7-m/nofp/libgcc.a(_udivmoddi4.o)
                0x0000000008000eec                __udivmoddi4
 .text          0x00000000080011c0        0x4 /Users/parallels/sw/gcc-arm/gcc-arm-none-eabi-10.3-2021.07/bin/../lib/gcc/arm-none-eabi/10.3.1/thumb/v7-m/nofp/libgcc.a(_dvmd_tls.o)
                0x00000000080011c0                __aeabi_ldiv0
                0x00000000080011c0                __aeabi_idiv0
 .text          0x00000000080011c4       0xec /Users/parallels/sw/gcc-arm/gcc-arm-none-eabi-10.3-2021.07/bin/../lib/gcc/arm-none-eabi/10.3.1/../../../../arm-none-eabi/lib/thumb/v7-m/nofp/libc.a(lib_a-memcpy.o)
                0x00000000080011c4                memcpy
 *(.text*)
 .text.Reset_Handler
                0x00000000080012b0       0x48 /var/folders/g4/0jm82hrn5yz7rm40wy0zb1q80000gr/T//cc6j3B6d.o
                0x00000000080012b0                Reset_Handler
 .text.Default_Handler
                0x00000000080012f8        0x2 /var/folders/g4/0jm82hrn5yz7rm40wy0zb1q80000gr/T//cc6j3B6d.o
                0x00000000080012f8                DMA2_Channel3_IRQHandler
                0x00000000080012f8                DebugMon_Handler
                0x00000000080012f8                TIM1_CC_IRQHandler
                0x00000000080012f8                HardFault_Handler
                0x00000000080012f8                TIM6_IRQHandler
                0x00000000080012f8                PVD_IRQHandler
                0x00000000080012f8                PendSV_Handler
                0x00000000080012f8                NMI_Handler
                0x00000000080012f8                CAN2_RX1_IRQHandler
                0x00000000080012f8                EXTI3_IRQHandler
                0x00000000080012f8                EXTI0_IRQHandler
                0x00000000080012f8                I2C2_EV_IRQHandler
                0x00000000080012f8                CAN1_RX0_IRQHandler
                0x00000000080012f8                UsageFault_Handler
                0x00000000080012f8                CAN2_SCE_IRQHandler
                0x00000000080012f8                ADC1_2_IRQHandler
                0x00000000080012f8                SPI1_IRQHandler
                0x00000000080012f8                TAMPER_IRQHandler
                0x00000000080012f8                CAN2_RX0_IRQHandler
                0x00000000080012f8                DMA2_Channel2_IRQHandler
                0x00000000080012f8                DMA1_Channel4_IRQHandler
                0x00000000080012f8                USART3_IRQHandler
                0x00000000080012f8                RTC_IRQHandler
                0x00000000080012f8                DMA1_Channel7_IRQHandler
                0x00000000080012f8                CAN1_RX1_IRQHandler
                0x00000000080012f8                UART5_IRQHandler
                0x00000000080012f8                TIM4_IRQHandler
                0x00000000080012f8                DMA2_Channel1_IRQHandler
                0x00000000080012f8                I2C1_EV_IRQHandler
                0x00000000080012f8                DMA1_Channel6_IRQHandler
                0x00000000080012f8                UART4_IRQHandler
                0x00000000080012f8                DMA2_Channel4_IRQHandler
                0x00000000080012f8                TIM3_IRQHandler
                0x00000000080012f8                RCC_IRQHandler
                0x00000000080012f8                TIM1_TRG_COM_IRQHandler
                0x00000000080012f8                DMA1_Channel1_IRQHandler
                0x00000000080012f8                Default_Handler
                0x00000000080012f8                EXTI15_10_IRQHandler
                0x00000000080012f8                TIM7_IRQHandler
                0x00000000080012f8                CAN2_TX_IRQHandler
                0x00000000080012f8                TIM5_IRQHandler
                0x00000000080012f8                ETH_WKUP_IRQHandler
                0x00000000080012f8                SPI2_IRQHandler
                0x00000000080012f8                MemManage_Handler
                0x00000000080012f8                CAN1_TX_IRQHandler
                0x00000000080012f8                SVC_Handler
                0x00000000080012f8                DMA2_Channel5_IRQHandler
                0x00000000080012f8                DMA1_Channel5_IRQHandler
                0x00000000080012f8                EXTI4_IRQHandler
                0x00000000080012f8                DMA1_Channel3_IRQHandler
                0x00000000080012f8                ETH_IRQHandler
                0x00000000080012f8                TIM1_UP_IRQHandler
                0x00000000080012f8                WWDG_IRQHandler
                0x00000000080012f8                TIM2_IRQHandler
                0x00000000080012f8                TIM1_BRK_IRQHandler
                0x00000000080012f8                EXTI1_IRQHandler
                0x00000000080012f8                USART2_IRQHandler
                0x00000000080012f8                I2C2_ER_IRQHandler
                0x00000000080012f8                DMA1_Channel2_IRQHandler
                0x00000000080012f8                CAN1_SCE_IRQHandler
                0x00000000080012f8                FLASH_IRQHandler
                0x00000000080012f8                BusFault_Handler
                0x00000000080012f8                USART1_IRQHandler
                0x00000000080012f8                SPI3_IRQHandler
                0x00000000080012f8                I2C1_ER_IRQHandler
                0x00000000080012f8                EXTI2_IRQHandler
 *fill*         0x00000000080012fa        0x6 
 .text.process_thread_ranging_process
                0x0000000008001300      0x2a8 rng-init.co
 .text.startup.main
                0x00000000080015a8      0x15c obj_evb1000/contiki-main.o
                0x00000000080015a8                main
 .text.rtc_init
                0x0000000008001704       0x58 obj_evb1000/board.o
                0x0000000008001704                rtc_init
 .text.rcc_init
                0x000000000800175c       0xa8 obj_evb1000/board.o
                0x000000000800175c                rcc_init
 .text.gpio_init
                0x0000000008001804       0x5c obj_evb1000/board.o
                0x0000000008001804                gpio_init
 .text.nvic_init
                0x0000000008001860        0x8 obj_evb1000/board.o
                0x0000000008001860                nvic_init
 .text.leds_arch_init
                0x0000000008001868       0x3c obj_evb1000/leds-arch.o
                0x0000000008001868                leds_arch_init
 .text.leds_arch_set
                0x00000000080018a4       0x60 obj_evb1000/leds-arch.o
                0x00000000080018a4                leds_arch_set
 .text.lcd_write
                0x0000000008001904       0xa0 obj_evb1000/lcd.o
                0x0000000008001904                lcd_write
 .text.lcd_display_str
                0x00000000080019a4       0x40 obj_evb1000/lcd.o
                0x00000000080019a4                lcd_display_str
 .text.lcd_init
                0x00000000080019e4      0x12c obj_evb1000/lcd.o
                0x00000000080019e4                lcd_init
 .text.OTG_FS_WKUP_IRQHandler
                0x0000000008001b10       0x40 obj_evb1000/stm32f10x_it.o
                0x0000000008001b10                OTG_FS_WKUP_IRQHandler
 .text.OTG_FS_IRQHandler
                0x0000000008001b50        0xc obj_evb1000/stm32f10x_it.o
                0x0000000008001b50                OTG_FS_IRQHandler
 .text._sbrk    0x0000000008001b5c       0x30 obj_evb1000/syscalls.o
                0x0000000008001b5c                _sbrk
 .text._write   0x0000000008001b8c       0x18 obj_evb1000/syscalls.o
                0x0000000008001b8c                _write
 .text._close   0x0000000008001ba4        0x4 obj_evb1000/syscalls.o
                0x0000000008001ba4                _close
 .text._lseek   0x0000000008001ba8        0x4 obj_evb1000/syscalls.o
                0x0000000008001ba8                _lseek
 .text._read    0x0000000008001bac        0x4 obj_evb1000/syscalls.o
                0x0000000008001bac                _read
 .text._fstat   0x0000000008001bb0        0x4 obj_evb1000/syscalls.o
                0x0000000008001bb0                _fstat
 .text._isatty  0x0000000008001bb4        0x4 obj_evb1000/syscalls.o
                0x0000000008001bb4                _isatty
 .text.EXTI9_5_IRQHandler
                0x0000000008001bb8       0x28 obj_evb1000/dw1000-arch.o
                0x0000000008001bb8                EXTI9_5_IRQHandler
 .text.dw1000_set_isr
                0x0000000008001be0       0x2c obj_evb1000/dw1000-arch.o
                0x0000000008001be0                dw1000_set_isr
 .text.dw1000_spi_read
                0x0000000008001c0c       0x80 obj_evb1000/dw1000-arch.o
                0x0000000008001c0c                dw1000_spi_read
 .text.dw1000_spi_write
                0x0000000008001c8c       0x7c obj_evb1000/dw1000-arch.o
                0x0000000008001c8c                dw1000_spi_write
 .text.dw1000_arch_reset
                0x0000000008001d08       0x48 obj_evb1000/dw1000-arch.o
                0x0000000008001d08                dw1000_arch_reset
 .text.dw1000_arch_wakeup_nowait
                0x0000000008001d50       0x1c obj_evb1000/dw1000-arch.o
                0x0000000008001d50                dw1000_arch_wakeup_nowait
 .text.dw1000_arch_init
                0x0000000008001d6c      0x120 obj_evb1000/dw1000-arch.o
                0x0000000008001d6c                dw1000_arch_init
 .text.dwt_getpartid
                0x0000000008001e8c        0xc obj_evb1000/deca_device.o
                0x0000000008001e8c                dwt_getpartid
 .text.dwt_getlotid
                0x0000000008001e98        0xc obj_evb1000/deca_device.o
                0x0000000008001e98                dwt_getlotid
 .text.dwt_configuretxrf
                0x0000000008001ea4       0x5c obj_evb1000/deca_device.o
                0x0000000008001ea4                dwt_configuretxrf
 .text.dwt_setrxantennadelay
                0x0000000008001f00       0x38 obj_evb1000/deca_device.o
                0x0000000008001f00                dwt_setrxantennadelay
 .text.dwt_settxantennadelay
                0x0000000008001f38       0x2c obj_evb1000/deca_device.o
                0x0000000008001f38                dwt_settxantennadelay
 .text.dwt_writetxdata
                0x0000000008001f64       0x54 obj_evb1000/deca_device.o
                0x0000000008001f64                dwt_writetxdata
 .text.dwt_writetxfctrl
                0x0000000008001fb8       0x58 obj_evb1000/deca_device.o
                0x0000000008001fb8                dwt_writetxfctrl
 .text.dwt_readrxdata
                0x0000000008002010       0x60 obj_evb1000/deca_device.o
                0x0000000008002010                dwt_readrxdata
 .text.dwt_readcarrierintegrator
                0x0000000008002070       0x4c obj_evb1000/deca_device.o
                0x0000000008002070                dwt_readcarrierintegrator
 .text.dwt_readtxtimestamp
                0x00000000080020bc       0x20 obj_evb1000/deca_device.o
                0x00000000080020bc                dwt_readtxtimestamp
 .text.dwt_readrxtimestamp
                0x00000000080020dc       0x20 obj_evb1000/deca_device.o
                0x00000000080020dc                dwt_readrxtimestamp
 .text.dwt_writetodevice
                0x00000000080020fc       0x58 obj_evb1000/deca_device.o
                0x00000000080020fc                dwt_writetodevice
 .text.dwt_readfromdevice
                0x0000000008002154       0x54 obj_evb1000/deca_device.o
                0x0000000008002154                dwt_readfromdevice
 .text.dwt_read32bitoffsetreg
                0x00000000080021a8       0x5c obj_evb1000/deca_device.o
                0x00000000080021a8                dwt_read32bitoffsetreg
 .text.dwt_readdevid
                0x0000000008002204        0x8 obj_evb1000/deca_device.o
                0x0000000008002204                dwt_readdevid
 .text.dwt_readtxtimestamplo32
                0x000000000800220c        0x8 obj_evb1000/deca_device.o
                0x000000000800220c                dwt_readtxtimestamplo32
 .text.dwt_readrxtimestamplo32
                0x0000000008002214        0x8 obj_evb1000/deca_device.o
                0x0000000008002214                dwt_readrxtimestamplo32
 .text.dwt_read16bitoffsetreg
                0x000000000800221c       0x54 obj_evb1000/deca_device.o
                0x000000000800221c                dwt_read16bitoffsetreg
 .text.dwt_readdiagnostics
                0x0000000008002270       0xdc obj_evb1000/deca_device.o
                0x0000000008002270                dwt_readdiagnostics
 .text.dwt_write8bitoffsetreg
                0x000000000800234c       0x50 obj_evb1000/deca_device.o
                0x000000000800234c                dwt_write8bitoffsetreg
 .text.dwt_write16bitoffsetreg
                0x000000000800239c       0x54 obj_evb1000/deca_device.o
                0x000000000800239c                dwt_write16bitoffsetreg
 .text.dwt_write32bitoffsetreg
                0x00000000080023f0       0x64 obj_evb1000/deca_device.o
                0x00000000080023f0                dwt_write32bitoffsetreg
 .text.dwt_enableframefilter
                0x0000000008002454       0x68 obj_evb1000/deca_device.o
                0x0000000008002454                dwt_enableframefilter
 .text.dwt_setpanid
                0x00000000080024bc       0x30 obj_evb1000/deca_device.o
                0x00000000080024bc                dwt_setpanid
 .text.dwt_setaddress16
                0x00000000080024ec       0x2c obj_evb1000/deca_device.o
                0x00000000080024ec                dwt_setaddress16
 .text.dwt_seteui
                0x0000000008002518       0x20 obj_evb1000/deca_device.o
                0x0000000008002518                dwt_seteui
 .text.dwt_geteui
                0x0000000008002538       0x1c obj_evb1000/deca_device.o
                0x0000000008002538                dwt_geteui
 .text._dwt_otpread
                0x0000000008002554       0x78 obj_evb1000/deca_device.o
                0x0000000008002554                _dwt_otpread
 .text.dwt_configuresleep
                0x00000000080025cc       0x5c obj_evb1000/deca_device.o
                0x00000000080025cc                dwt_configuresleep
 .text._dwt_configlde
                0x0000000008002628       0x60 obj_evb1000/deca_device.o
                0x0000000008002628                _dwt_configlde
 .text.dwt_configure
                0x0000000008002688      0x348 obj_evb1000/deca_device.o
                0x0000000008002688                dwt_configure
 .text.dwt_setsmarttxpower
                0x00000000080029d0       0x40 obj_evb1000/deca_device.o
                0x00000000080029d0                dwt_setsmarttxpower
 .text.dwt_setrxaftertxdelay
                0x0000000008002a10       0x58 obj_evb1000/deca_device.o
                0x0000000008002a10                dwt_setrxaftertxdelay
 .text.dwt_setcallbacks
                0x0000000008002a68       0x18 obj_evb1000/deca_device.o
                0x0000000008002a68                dwt_setcallbacks
 .text.dwt_setleds
                0x0000000008002a80       0x78 obj_evb1000/deca_device.o
                0x0000000008002a80                dwt_setleds
 .text._dwt_enableclocks
                0x0000000008002af8      0x10c obj_evb1000/deca_device.o
                0x0000000008002af8                _dwt_enableclocks
 .text.dwt_readaccdata
                0x0000000008002c04       0x54 obj_evb1000/deca_device.o
                0x0000000008002c04                dwt_readaccdata
 .text.dwt_setdelayedtrxtime
                0x0000000008002c58       0x44 obj_evb1000/deca_device.o
                0x0000000008002c58                dwt_setdelayedtrxtime
 .text.dwt_starttx
                0x0000000008002c9c       0x90 obj_evb1000/deca_device.o
                0x0000000008002c9c                dwt_starttx
 .text.dwt_syncrxbufptrs
                0x0000000008002d2c       0x54 obj_evb1000/deca_device.o
                0x0000000008002d2c                dwt_syncrxbufptrs
 .text.dwt_forcetrxoff
                0x0000000008002d80       0xbc obj_evb1000/deca_device.o
                0x0000000008002d80                dwt_forcetrxoff
 .text.dwt_rxenable
                0x0000000008002e3c       0xac obj_evb1000/deca_device.o
                0x0000000008002e3c                dwt_rxenable
 .text.dwt_setrxtimeout
                0x0000000008002ee8       0x88 obj_evb1000/deca_device.o
                0x0000000008002ee8                dwt_setrxtimeout
 .text.dwt_setinterrupt
                0x0000000008002f70       0x5c obj_evb1000/deca_device.o
                0x0000000008002f70                dwt_setinterrupt
 .text.dwt_rxreset
                0x0000000008002fcc       0x48 obj_evb1000/deca_device.o
                0x0000000008002fcc                dwt_rxreset
 .text.dwt_isr  0x0000000008003014      0x164 obj_evb1000/deca_device.o
                0x0000000008003014                dwt_isr
 .text.dwt_softreset
                0x0000000008003178       0xe4 obj_evb1000/deca_device.o
                0x0000000008003178                dwt_softreset
 .text.dwt_initialise
                0x000000000800325c      0x290 obj_evb1000/deca_device.o
                0x000000000800325c                dwt_initialise
 *fill*         0x00000000080034ec        0x4 
 .text.dwt_getrangebias
                0x00000000080034f0      0x18c obj_evb1000/deca_range_tables.o
                0x00000000080034f0                dwt_getrangebias
 .text.dw1000_receiving_packet
                0x000000000800367c        0xc obj_evb1000/dw1000.o
 .text.dw1000_pending_packet
                0x0000000008003688        0xc obj_evb1000/dw1000.o
 .text.dw1000_get_value
                0x0000000008003694       0x14 obj_evb1000/dw1000.o
 .text.dw1000_init
                0x00000000080036a8       0x70 obj_evb1000/dw1000.o
 .text.dw1000_radio_read
                0x0000000008003718       0x2c obj_evb1000/dw1000.o
 .text.dw1000_on
                0x0000000008003744       0x20 obj_evb1000/dw1000.o
 .text.dw1000_set_object
                0x0000000008003764       0x48 obj_evb1000/dw1000.o
 .text.dw1000_get_object
                0x00000000080037ac       0x50 obj_evb1000/dw1000.o
 .text.dw1000_set_value
                0x00000000080037fc       0x58 obj_evb1000/dw1000.o
 .text.dw1000_off
                0x0000000008003854       0x50 obj_evb1000/dw1000.o
 .text.dw1000_channel_clear
                0x00000000080038a4       0x28 obj_evb1000/dw1000.o
 .text.dw1000_transmit
                0x00000000080038cc       0xac obj_evb1000/dw1000.o
 .text.dw1000_prepare
                0x0000000008003978       0x4c obj_evb1000/dw1000.o
 .text.rx_ok_cb
                0x00000000080039c4       0x64 obj_evb1000/dw1000.o
 .text.tx_conf_cb
                0x0000000008003a28       0x3c obj_evb1000/dw1000.o
 .text.rx_err_cb
                0x0000000008003a64       0x30 obj_evb1000/dw1000.o
 .text.rx_to_cb
                0x0000000008003a94       0x34 obj_evb1000/dw1000.o
 .text.dw1000_send
                0x0000000008003ac8       0x60 obj_evb1000/dw1000.o
 .text.process_thread_dw1000_process
                0x0000000008003b28       0xd4 obj_evb1000/dw1000.o
 *fill*         0x0000000008003bfc        0x4 
 .text.process_thread_dw1000_rng_process
                0x0000000008003c00      0x328 obj_evb1000/dw1000-ranging.o
 .text.dw1000_ranging_init
                0x0000000008003f28       0x1c obj_evb1000/dw1000-ranging.o
                0x0000000008003f28                dw1000_ranging_init
 .text.dw1000_rng_ok_cb
                0x0000000008003f44      0x5d0 obj_evb1000/dw1000-ranging.o
                0x0000000008003f44                dw1000_rng_ok_cb
 .text.dw1000_rng_tx_conf_cb
                0x0000000008004514       0x3c obj_evb1000/dw1000-ranging.o
                0x0000000008004514                dw1000_rng_tx_conf_cb
 .text.dw1000_is_ranging
                0x0000000008004550       0x10 obj_evb1000/dw1000-ranging.o
                0x0000000008004550                dw1000_is_ranging
 .text.dw1000_range_reset
                0x0000000008004560       0x2c obj_evb1000/dw1000-ranging.o
                0x0000000008004560                dw1000_range_reset
 .text.dw1000_configure
                0x000000000800458c       0x68 obj_evb1000/dw1000-config.o
                0x000000000800458c                dw1000_configure
 .text.dw1000_get_recommended_tx_cfg
                0x00000000080045f4       0x74 obj_evb1000/dw1000-config.o
                0x00000000080045f4                dw1000_get_recommended_tx_cfg
 .text.dw1000_reset_cfg
                0x0000000008004668      0x148 obj_evb1000/dw1000-config.o
                0x0000000008004668                dw1000_reset_cfg
 .text.dw1000_get_current_cfg
                0x00000000080047b0        0x8 obj_evb1000/dw1000-config.o
                0x00000000080047b0                dw1000_get_current_cfg
 .text.dw1000_print_cfg
                0x00000000080047b8       0xe4 obj_evb1000/dw1000-config.o
                0x00000000080047b8                dw1000_print_cfg
 *fill*         0x000000000800489c        0x4 
 .text.dw1000_get_hz2ppm_multiplier
                0x00000000080048a0       0x64 obj_evb1000/dw1000-util.o
                0x00000000080048a0                dw1000_get_hz2ppm_multiplier
 .text.dw1000_read_cir
                0x0000000008004904       0x50 obj_evb1000/dw1000-cir.o
                0x0000000008004904                dw1000_read_cir
 .text.DW_VCP_Init
                0x0000000008004954        0x4 obj_evb1000/deca_usb.o
                0x0000000008004954                DW_VCP_Init
 .text.DW_VCP_Ctrl
                0x0000000008004958        0x4 obj_evb1000/deca_usb.o
                0x0000000008004958                DW_VCP_Ctrl
 .text.DW_VCP_DataTx
                0x000000000800495c       0x68 obj_evb1000/deca_usb.o
                0x000000000800495c                DW_VCP_DataTx
 .text.DW_VCP_DataRx
                0x00000000080049c4       0x20 obj_evb1000/deca_usb.o
                0x00000000080049c4                DW_VCP_DataRx
 .text.DW_VCP_DeInit
                0x00000000080049e4        0x4 obj_evb1000/deca_usb.o
                0x00000000080049e4                DW_VCP_DeInit
 .text.usb_init
                0x00000000080049e8       0x2c obj_evb1000/deca_usb.o
                0x00000000080049e8                usb_init
 .text.USB_OTG_BSP_Init
                0x0000000008004a14       0x60 obj_evb1000/deca_usb_bsp_evk1000.o
                0x0000000008004a14                USB_OTG_BSP_Init
 .text.USB_OTG_BSP_EnableInterrupt
                0x0000000008004a74       0x30 obj_evb1000/deca_usb_bsp_evk1000.o
                0x0000000008004a74                USB_OTG_BSP_EnableInterrupt
 .text.USB_OTG_BSP_uDelay
                0x0000000008004aa4        0x4 obj_evb1000/deca_usb_bsp_evk1000.o
                0x0000000008004aa4                USB_OTG_BSP_uDelay
 .text.USB_OTG_BSP_mDelay
                0x0000000008004aa8        0x4 obj_evb1000/deca_usb_bsp_evk1000.o
                0x0000000008004aa8                USB_OTG_BSP_mDelay
 .text.USBD_USR_DeviceDescriptor
                0x0000000008004aac        0xc obj_evb1000/usbd_desc.o
                0x0000000008004aac                USBD_USR_DeviceDescriptor
 .text.USBD_USR_LangIDStrDescriptor
                0x0000000008004ab8        0xc obj_evb1000/usbd_desc.o
                0x0000000008004ab8                USBD_USR_LangIDStrDescriptor
 .text.USBD_USR_ManufacturerStrDescriptor
                0x0000000008004ac4       0x1c obj_evb1000/usbd_desc.o
                0x0000000008004ac4                USBD_USR_ManufacturerStrDescriptor
 .text.USBD_USR_ProductStrDescriptor
                0x0000000008004ae0       0x28 obj_evb1000/usbd_desc.o
                0x0000000008004ae0                USBD_USR_ProductStrDescriptor
 .text.USBD_USR_SerialStrDescriptor
                0x0000000008004b08       0x28 obj_evb1000/usbd_desc.o
                0x0000000008004b08                USBD_USR_SerialStrDescriptor
 .text.USBD_USR_ConfigStrDescriptor
                0x0000000008004b30       0x1c obj_evb1000/usbd_desc.o
                0x0000000008004b30                USBD_USR_ConfigStrDescriptor
 .text.USBD_USR_InterfaceStrDescriptor
                0x0000000008004b4c       0x1c obj_evb1000/usbd_desc.o
                0x0000000008004b4c                USBD_USR_InterfaceStrDescriptor
 .text.USBD_USR_Init
                0x0000000008004b68        0x4 obj_evb1000/usbd_usr.o
                0x0000000008004b68                USBD_USR_Init
 .text.USBD_USR_DeviceReset
                0x0000000008004b6c        0x4 obj_evb1000/usbd_usr.o
                0x0000000008004b6c                USBD_USR_DeviceReset
 .text.USBD_USR_DeviceDisconnected
                0x0000000008004b70        0x4 obj_evb1000/usbd_usr.o
                0x0000000008004b70                USBD_USR_DeviceDisconnected
 .text.USBD_USR_DeviceConfigured
                0x0000000008004b74        0x4 obj_evb1000/usbd_usr.o
                0x0000000008004b74                USBD_USR_DeviceConfigured
 .text.USBD_USR_DeviceSuspended
                0x0000000008004b78        0x4 obj_evb1000/usbd_usr.o
                0x0000000008004b78                USBD_USR_DeviceSuspended
 .text.USBD_USR_DeviceResumed
                0x0000000008004b7c        0x4 obj_evb1000/usbd_usr.o
                0x0000000008004b7c                USBD_USR_DeviceResumed
 .text.USBD_USR_DeviceConnected
                0x0000000008004b80        0x4 obj_evb1000/usbd_usr.o
                0x0000000008004b80                USBD_USR_DeviceConnected
 .text.SystemInit
                0x0000000008004b84      0x130 obj_evb1000/system_stm32f10x.o
                0x0000000008004b84                SystemInit
 .text.__get_MSP
                0x0000000008004cb4        0x8 obj_evb1000/core_cm3.o
                0x0000000008004cb4                __get_MSP
 .text.NVIC_PriorityGroupConfig
                0x0000000008004cbc       0x14 obj_evb1000/misc.o
                0x0000000008004cbc                NVIC_PriorityGroupConfig
 .text.NVIC_Init
                0x0000000008004cd0       0x6c obj_evb1000/misc.o
                0x0000000008004cd0                NVIC_Init
 .text.GPIO_Init
                0x0000000008004d3c       0xc4 obj_evb1000/stm32f10x_gpio.o
                0x0000000008004d3c                GPIO_Init
 .text.GPIO_ReadInputDataBit
                0x0000000008004e00        0xc obj_evb1000/stm32f10x_gpio.o
                0x0000000008004e00                GPIO_ReadInputDataBit
 .text.GPIO_SetBits
                0x0000000008004e0c        0x4 obj_evb1000/stm32f10x_gpio.o
                0x0000000008004e0c                GPIO_SetBits
 .text.GPIO_ResetBits
                0x0000000008004e10        0x4 obj_evb1000/stm32f10x_gpio.o
                0x0000000008004e10                GPIO_ResetBits
 .text.GPIO_WriteBit
                0x0000000008004e14        0xc obj_evb1000/stm32f10x_gpio.o
                0x0000000008004e14                GPIO_WriteBit
 .text.GPIO_EXTILineConfig
                0x0000000008004e20       0x2c obj_evb1000/stm32f10x_gpio.o
                0x0000000008004e20                GPIO_EXTILineConfig
 .text.RCC_DeInit
                0x0000000008004e4c       0x50 obj_evb1000/stm32f10x_rcc.o
                0x0000000008004e4c                RCC_DeInit
 .text.RCC_HSEConfig
                0x0000000008004e9c       0x38 obj_evb1000/stm32f10x_rcc.o
                0x0000000008004e9c                RCC_HSEConfig
 .text.RCC_WaitForHSEStartUp
                0x0000000008004ed4       0x30 obj_evb1000/stm32f10x_rcc.o
                0x0000000008004ed4                RCC_WaitForHSEStartUp
 .text.RCC_PLLConfig
                0x0000000008004f04       0x14 obj_evb1000/stm32f10x_rcc.o
                0x0000000008004f04                RCC_PLLConfig
 .text.RCC_PLLCmd
                0x0000000008004f18        0xc obj_evb1000/stm32f10x_rcc.o
                0x0000000008004f18                RCC_PLLCmd
 .text.RCC_PREDIV1Config
                0x0000000008004f24       0x18 obj_evb1000/stm32f10x_rcc.o
                0x0000000008004f24                RCC_PREDIV1Config
 .text.RCC_PREDIV2Config
                0x0000000008004f3c       0x14 obj_evb1000/stm32f10x_rcc.o
                0x0000000008004f3c                RCC_PREDIV2Config
 .text.RCC_PLL2Config
                0x0000000008004f50       0x14 obj_evb1000/stm32f10x_rcc.o
                0x0000000008004f50                RCC_PLL2Config
 .text.RCC_PLL2Cmd
                0x0000000008004f64        0xc obj_evb1000/stm32f10x_rcc.o
                0x0000000008004f64                RCC_PLL2Cmd
 .text.RCC_SYSCLKConfig
                0x0000000008004f70       0x14 obj_evb1000/stm32f10x_rcc.o
                0x0000000008004f70                RCC_SYSCLKConfig
 .text.RCC_GetSYSCLKSource
                0x0000000008004f84       0x10 obj_evb1000/stm32f10x_rcc.o
                0x0000000008004f84                RCC_GetSYSCLKSource
 .text.RCC_HCLKConfig
                0x0000000008004f94       0x14 obj_evb1000/stm32f10x_rcc.o
                0x0000000008004f94                RCC_HCLKConfig
 .text.RCC_PCLK1Config
                0x0000000008004fa8       0x14 obj_evb1000/stm32f10x_rcc.o
                0x0000000008004fa8                RCC_PCLK1Config
 .text.RCC_PCLK2Config
                0x0000000008004fbc       0x14 obj_evb1000/stm32f10x_rcc.o
                0x0000000008004fbc                RCC_PCLK2Config
 .text.RCC_ADCCLKConfig
                0x0000000008004fd0       0x14 obj_evb1000/stm32f10x_rcc.o
                0x0000000008004fd0                RCC_ADCCLKConfig
 .text.RCC_LSEConfig
                0x0000000008004fe4       0x28 obj_evb1000/stm32f10x_rcc.o
                0x0000000008004fe4                RCC_LSEConfig
 .text.RCC_RTCCLKConfig
                0x000000000800500c       0x10 obj_evb1000/stm32f10x_rcc.o
                0x000000000800500c                RCC_RTCCLKConfig
 .text.RCC_RTCCLKCmd
                0x000000000800501c        0xc obj_evb1000/stm32f10x_rcc.o
                0x000000000800501c                RCC_RTCCLKCmd
 .text.RCC_GetClocksFreq
                0x0000000008005028       0xe0 obj_evb1000/stm32f10x_rcc.o
                0x0000000008005028                RCC_GetClocksFreq
 .text.RCC_AHBPeriphClockCmd
                0x0000000008005108       0x18 obj_evb1000/stm32f10x_rcc.o
                0x0000000008005108                RCC_AHBPeriphClockCmd
 .text.RCC_APB2PeriphClockCmd
                0x0000000008005120       0x18 obj_evb1000/stm32f10x_rcc.o
                0x0000000008005120                RCC_APB2PeriphClockCmd
 .text.RCC_APB1PeriphClockCmd
                0x0000000008005138       0x18 obj_evb1000/stm32f10x_rcc.o
                0x0000000008005138                RCC_APB1PeriphClockCmd
 .text.RCC_BackupResetCmd
                0x0000000008005150        0xc obj_evb1000/stm32f10x_rcc.o
                0x0000000008005150                RCC_BackupResetCmd
 .text.RCC_GetFlagStatus
                0x000000000800515c       0x34 obj_evb1000/stm32f10x_rcc.o
                0x000000000800515c                RCC_GetFlagStatus
 .text.EXTI_Init
                0x0000000008005190       0x80 obj_evb1000/stm32f10x_exti.o
                0x0000000008005190                EXTI_Init
 .text.EXTI_ClearITPendingBit
                0x0000000008005210        0xc obj_evb1000/stm32f10x_exti.o
                0x0000000008005210                EXTI_ClearITPendingBit
 .text.RTC_ITConfig
                0x000000000800521c       0x1c obj_evb1000/stm32f10x_rtc.o
                0x000000000800521c                RTC_ITConfig
 .text.RTC_GetCounter
                0x0000000008005238       0x14 obj_evb1000/stm32f10x_rtc.o
                0x0000000008005238                RTC_GetCounter
 .text.RTC_SetPrescaler
                0x000000000800524c       0x28 obj_evb1000/stm32f10x_rtc.o
                0x000000000800524c                RTC_SetPrescaler
 .text.RTC_SetAlarm
                0x0000000008005274       0x28 obj_evb1000/stm32f10x_rtc.o
                0x0000000008005274                RTC_SetAlarm
 .text.RTC_WaitForLastTask
                0x000000000800529c       0x10 obj_evb1000/stm32f10x_rtc.o
                0x000000000800529c                RTC_WaitForLastTask
 .text.RTC_WaitForSynchro
                0x00000000080052ac       0x1c obj_evb1000/stm32f10x_rtc.o
                0x00000000080052ac                RTC_WaitForSynchro
 .text.RTC_GetITStatus
                0x00000000080052c8       0x20 obj_evb1000/stm32f10x_rtc.o
                0x00000000080052c8                RTC_GetITStatus
 .text.RTC_ClearITPendingBit
                0x00000000080052e8       0x14 obj_evb1000/stm32f10x_rtc.o
                0x00000000080052e8                RTC_ClearITPendingBit
 .text.BKP_DeInit
                0x00000000080052fc       0x14 obj_evb1000/stm32f10x_bkp.o
                0x00000000080052fc                BKP_DeInit
 .text.FLASH_SetLatency
                0x0000000008005310       0x14 obj_evb1000/stm32f10x_flash.o
                0x0000000008005310                FLASH_SetLatency
 .text.FLASH_PrefetchBufferCmd
                0x0000000008005324       0x18 obj_evb1000/stm32f10x_flash.o
                0x0000000008005324                FLASH_PrefetchBufferCmd
 .text.IWDG_WriteAccessCmd
                0x000000000800533c        0xc obj_evb1000/stm32f10x_iwdg.o
                0x000000000800533c                IWDG_WriteAccessCmd
 .text.IWDG_SetPrescaler
                0x0000000008005348        0xc obj_evb1000/stm32f10x_iwdg.o
                0x0000000008005348                IWDG_SetPrescaler
 .text.IWDG_SetReload
                0x0000000008005354        0xc obj_evb1000/stm32f10x_iwdg.o
                0x0000000008005354                IWDG_SetReload
 .text.IWDG_ReloadCounter
                0x0000000008005360       0x10 obj_evb1000/stm32f10x_iwdg.o
                0x0000000008005360                IWDG_ReloadCounter
 .text.IWDG_Enable
                0x0000000008005370       0x10 obj_evb1000/stm32f10x_iwdg.o
                0x0000000008005370                IWDG_Enable
 .text.PWR_BackupAccessCmd
                0x0000000008005380        0xc obj_evb1000/stm32f10x_pwr.o
                0x0000000008005380                PWR_BackupAccessCmd
 .text.PWR_GetFlagStatus
                0x000000000800538c       0x14 obj_evb1000/stm32f10x_pwr.o
                0x000000000800538c                PWR_GetFlagStatus
 .text.PWR_ClearFlag
                0x00000000080053a0       0x10 obj_evb1000/stm32f10x_pwr.o
                0x00000000080053a0                PWR_ClearFlag
 .text.SPI_Init
                0x00000000080053b0       0x54 obj_evb1000/stm32f10x_spi.o
                0x00000000080053b0                SPI_Init
 .text.SPI_StructInit
                0x0000000008005404       0x18 obj_evb1000/stm32f10x_spi.o
                0x0000000008005404                SPI_StructInit
 .text.SPI_Cmd  0x000000000800541c       0x1c obj_evb1000/stm32f10x_spi.o
                0x000000000800541c                SPI_Cmd
 .text.SPI_I2S_SendData
                0x0000000008005438        0x4 obj_evb1000/stm32f10x_spi.o
                0x0000000008005438                SPI_I2S_SendData
 .text.SPI_I2S_ReceiveData
                0x000000000800543c        0x8 obj_evb1000/stm32f10x_spi.o
                0x000000000800543c                SPI_I2S_ReceiveData
 .text.SPI_SSOutputCmd
                0x0000000008005444       0x1c obj_evb1000/stm32f10x_spi.o
                0x0000000008005444                SPI_SSOutputCmd
 .text.SPI_I2S_GetFlagStatus
                0x0000000008005460        0xc obj_evb1000/stm32f10x_spi.o
                0x0000000008005460                SPI_I2S_GetFlagStatus
 .text.USBD_Resume
                0x000000000800546c       0x18 obj_evb1000/usbd_core.o
 .text.USBD_Suspend
                0x0000000008005484       0x1c obj_evb1000/usbd_core.o
 .text.USBD_SOF
                0x00000000080054a0       0x10 obj_evb1000/usbd_core.o
 .text.USBD_IsoINIncomplete
                0x00000000080054b0       0x10 obj_evb1000/usbd_core.o
 .text.USBD_IsoOUTIncomplete
                0x00000000080054c0       0x10 obj_evb1000/usbd_core.o
 .text.USBD_DevConnected
                0x00000000080054d0       0x18 obj_evb1000/usbd_core.o
 .text.USBD_DevDisconnected
                0x00000000080054e8       0x20 obj_evb1000/usbd_core.o
 .text.USBD_Reset
                0x0000000008005508       0x30 obj_evb1000/usbd_core.o
 .text.USBD_SetupStage
                0x0000000008005538       0x58 obj_evb1000/usbd_core.o
 .text.USBD_DataInStage
                0x0000000008005590       0xd0 obj_evb1000/usbd_core.o
 .text.USBD_DataOutStage
                0x0000000008005660       0x78 obj_evb1000/usbd_core.o
 .text.USBD_Init
                0x00000000080056d8       0x3c obj_evb1000/usbd_core.o
                0x00000000080056d8                USBD_Init
 .text.USBD_SetCfg
                0x0000000008005714       0x18 obj_evb1000/usbd_core.o
                0x0000000008005714                USBD_SetCfg
 .text.USBD_ClrCfg
                0x000000000800572c       0x10 obj_evb1000/usbd_core.o
                0x000000000800572c                USBD_ClrCfg
 .text.USBD_CtlSendData
                0x000000000800573c       0x1c obj_evb1000/usbd_ioreq.o
                0x000000000800573c                USBD_CtlSendData
 .text.USBD_CtlContinueSendData
                0x0000000008005758       0x14 obj_evb1000/usbd_ioreq.o
                0x0000000008005758                USBD_CtlContinueSendData
 .text.USBD_CtlPrepareRx
                0x000000000800576c       0x1c obj_evb1000/usbd_ioreq.o
                0x000000000800576c                USBD_CtlPrepareRx
 .text.USBD_CtlContinueRx
                0x0000000008005788       0x14 obj_evb1000/usbd_ioreq.o
                0x0000000008005788                USBD_CtlContinueRx
 .text.USBD_CtlSendStatus
                0x000000000800579c       0x20 obj_evb1000/usbd_ioreq.o
                0x000000000800579c                USBD_CtlSendStatus
 .text.USBD_CtlReceiveStatus
                0x00000000080057bc       0x20 obj_evb1000/usbd_ioreq.o
                0x00000000080057bc                USBD_CtlReceiveStatus
 .text.USBD_StdDevReq
                0x00000000080057dc      0x2bc obj_evb1000/usbd_req.o
                0x00000000080057dc                USBD_StdDevReq
 .text.USBD_StdItfReq
                0x0000000008005a98       0x44 obj_evb1000/usbd_req.o
                0x0000000008005a98                USBD_StdItfReq
 .text.USBD_StdEPReq
                0x0000000008005adc      0x100 obj_evb1000/usbd_req.o
                0x0000000008005adc                USBD_StdEPReq
 .text.USBD_ParseSetupRequest
                0x0000000008005bdc       0x44 obj_evb1000/usbd_req.o
                0x0000000008005bdc                USBD_ParseSetupRequest
 .text.USBD_CtlError
                0x0000000008005c20       0x1c obj_evb1000/usbd_req.o
                0x0000000008005c20                USBD_CtlError
 .text.USBD_GetString
                0x0000000008005c3c       0x54 obj_evb1000/usbd_req.o
                0x0000000008005c3c                USBD_GetString
 .text.usbd_cdc_EP0_RxReady
                0x0000000008005c90       0x30 obj_evb1000/usbd_cdc_core.o
                0x0000000008005c90                usbd_cdc_EP0_RxReady
 .text.USBD_cdc_GetCfgDesc
                0x0000000008005cc0        0xc obj_evb1000/usbd_cdc_core.o
 .text.usbd_cdc_Init
                0x0000000008005ccc       0x54 obj_evb1000/usbd_cdc_core.o
                0x0000000008005ccc                usbd_cdc_Init
 .text.usbd_cdc_DataOut
                0x0000000008005d20       0x34 obj_evb1000/usbd_cdc_core.o
                0x0000000008005d20                usbd_cdc_DataOut
 .text.usbd_cdc_DeInit
                0x0000000008005d54       0x28 obj_evb1000/usbd_cdc_core.o
                0x0000000008005d54                usbd_cdc_DeInit
 .text.usbd_cdc_Setup
                0x0000000008005d7c       0xa4 obj_evb1000/usbd_cdc_core.o
                0x0000000008005d7c                usbd_cdc_Setup
 .text.usbd_cdc_DataIn
                0x0000000008005e20       0x80 obj_evb1000/usbd_cdc_core.o
                0x0000000008005e20                usbd_cdc_DataIn
 .text.usbd_cdc_SOF
                0x0000000008005ea0       0x98 obj_evb1000/usbd_cdc_core.o
                0x0000000008005ea0                usbd_cdc_SOF
 .text.USB_OTG_CoreReset.isra.0
                0x0000000008005f38       0x68 obj_evb1000/usb_core.o
 .text.USB_OTG_WritePacket
                0x0000000008005fa0       0x30 obj_evb1000/usb_core.o
                0x0000000008005fa0                USB_OTG_WritePacket
 .text.USB_OTG_ReadPacket
                0x0000000008005fd0       0x30 obj_evb1000/usb_core.o
                0x0000000008005fd0                USB_OTG_ReadPacket
 .text.USB_OTG_SelectCore
                0x0000000008006000      0x120 obj_evb1000/usb_core.o
                0x0000000008006000                USB_OTG_SelectCore
 .text.USB_OTG_CoreInit
                0x0000000008006120       0x90 obj_evb1000/usb_core.o
                0x0000000008006120                USB_OTG_CoreInit
 .text.USB_OTG_EnableGlobalInt
                0x00000000080061b0       0x10 obj_evb1000/usb_core.o
                0x00000000080061b0                USB_OTG_EnableGlobalInt
 .text.USB_OTG_DisableGlobalInt
                0x00000000080061c0       0x10 obj_evb1000/usb_core.o
                0x00000000080061c0                USB_OTG_DisableGlobalInt
 .text.USB_OTG_FlushTxFifo
                0x00000000080061d0       0x48 obj_evb1000/usb_core.o
                0x00000000080061d0                USB_OTG_FlushTxFifo
 .text.USB_OTG_SetCurrentMode
                0x0000000008006218       0x30 obj_evb1000/usb_core.o
                0x0000000008006218                USB_OTG_SetCurrentMode
 .text.USB_OTG_IsDeviceMode
                0x0000000008006248        0xc obj_evb1000/usb_core.o
                0x0000000008006248                USB_OTG_IsDeviceMode
 .text.USB_OTG_ReadCoreItr
                0x0000000008006254        0xc obj_evb1000/usb_core.o
                0x0000000008006254                USB_OTG_ReadCoreItr
 .text.USB_OTG_EnableDevInt
                0x0000000008006260       0x40 obj_evb1000/usb_core.o
                0x0000000008006260                USB_OTG_EnableDevInt
 .text.USB_OTG_CoreInitDev
                0x00000000080062a0      0x140 obj_evb1000/usb_core.o
                0x00000000080062a0                USB_OTG_CoreInitDev
 .text.USB_OTG_GetDeviceSpeed
                0x00000000080063e0       0x14 obj_evb1000/usb_core.o
                0x00000000080063e0                USB_OTG_GetDeviceSpeed
 .text.USB_OTG_EP0Activate
                0x00000000080063f4       0x28 obj_evb1000/usb_core.o
                0x00000000080063f4                USB_OTG_EP0Activate
 .text.USB_OTG_EPActivate
                0x000000000800641c       0x70 obj_evb1000/usb_core.o
                0x000000000800641c                USB_OTG_EPActivate
 .text.USB_OTG_EPDeactivate
                0x000000000800648c       0x3c obj_evb1000/usb_core.o
                0x000000000800648c                USB_OTG_EPDeactivate
 .text.USB_OTG_EPStartXfer
                0x00000000080064c8      0x168 obj_evb1000/usb_core.o
                0x00000000080064c8                USB_OTG_EPStartXfer
 .text.USB_OTG_EP0StartXfer
                0x0000000008006630       0xe0 obj_evb1000/usb_core.o
                0x0000000008006630                USB_OTG_EP0StartXfer
 .text.USB_OTG_EPSetStall
                0x0000000008006710       0x48 obj_evb1000/usb_core.o
                0x0000000008006710                USB_OTG_EPSetStall
 .text.USB_OTG_EPClearStall
                0x0000000008006758       0x34 obj_evb1000/usb_core.o
                0x0000000008006758                USB_OTG_EPClearStall
 .text.USB_OTG_ReadDevAllOutEp_itr
                0x000000000800678c        0xc obj_evb1000/usb_core.o
                0x000000000800678c                USB_OTG_ReadDevAllOutEp_itr
 .text.USB_OTG_ReadDevOutEP_itr
                0x0000000008006798       0x10 obj_evb1000/usb_core.o
                0x0000000008006798                USB_OTG_ReadDevOutEP_itr
 .text.USB_OTG_ReadDevAllInEPItr
                0x00000000080067a8        0xc obj_evb1000/usb_core.o
                0x00000000080067a8                USB_OTG_ReadDevAllInEPItr
 .text.USB_OTG_EP0_OutStart
                0x00000000080067b4       0x20 obj_evb1000/usb_core.o
                0x00000000080067b4                USB_OTG_EP0_OutStart
 .text.USB_OTG_UngateClock
                0x00000000080067d4       0x20 obj_evb1000/usb_core.o
                0x00000000080067d4                USB_OTG_UngateClock
 .text.USBD_OTG_ISR_Handler
                0x00000000080067f4      0x5f4 obj_evb1000/usb_dcd_int.o
                0x00000000080067f4                USBD_OTG_ISR_Handler
 .text.DCD_Init
                0x0000000008006de8       0x90 obj_evb1000/usb_dcd.o
                0x0000000008006de8                DCD_Init
 .text.DCD_EP_Open
                0x0000000008006e78       0x68 obj_evb1000/usb_dcd.o
                0x0000000008006e78                DCD_EP_Open
 .text.DCD_EP_Close
                0x0000000008006ee0       0x40 obj_evb1000/usb_dcd.o
                0x0000000008006ee0                DCD_EP_Close
 .text.DCD_EP_PrepareRx
                0x0000000008006f20       0x48 obj_evb1000/usb_dcd.o
                0x0000000008006f20                DCD_EP_PrepareRx
 .text.DCD_EP_Tx
                0x0000000008006f68       0x3c obj_evb1000/usb_dcd.o
                0x0000000008006f68                DCD_EP_Tx
 .text.DCD_EP_Stall
                0x0000000008006fa4       0x44 obj_evb1000/usb_dcd.o
                0x0000000008006fa4                DCD_EP_Stall
 .text.DCD_EP_ClrStall
                0x0000000008006fe8       0x44 obj_evb1000/usb_dcd.o
                0x0000000008006fe8                DCD_EP_ClrStall
 .text.DCD_EP_SetAddress
                0x000000000800702c       0x10 obj_evb1000/usb_dcd.o
                0x000000000800702c                DCD_EP_SetAddress
 .text.SysTick_Handler
                0x000000000800703c       0x3c obj_evb1000/clock.o
                0x000000000800703c                SysTick_Handler
 .text.clock_init
                0x0000000008007078       0x40 obj_evb1000/clock.o
                0x0000000008007078                clock_init
 .text.clock_time
                0x00000000080070b8        0xc obj_evb1000/clock.o
                0x00000000080070b8                clock_time
 .text.clock_wait
                0x00000000080070c4       0x14 obj_evb1000/clock.o
                0x00000000080070c4                clock_wait
 .text.clock_delay_usec
                0x00000000080070d8        0x4 obj_evb1000/clock.o
                0x00000000080070d8                clock_delay_usec
 .text.watchdog_init
                0x00000000080070dc       0x1c obj_evb1000/watchdog.o
                0x00000000080070dc                watchdog_init
 .text.watchdog_start
                0x00000000080070f8       0x10 obj_evb1000/watchdog.o
                0x00000000080070f8                watchdog_start
 .text.watchdog_periodic
                0x0000000008007108        0x4 obj_evb1000/watchdog.o
                0x0000000008007108                watchdog_periodic
 .text.RTCAlarm_IRQHandler
                0x000000000800710c       0x3c obj_evb1000/rtimer-arch.o
                0x000000000800710c                RTCAlarm_IRQHandler
 .text.rtimer_arch_init
                0x0000000008007148       0x48 obj_evb1000/rtimer-arch.o
                0x0000000008007148                rtimer_arch_init
 .text.rtimer_arch_schedule
                0x0000000008007190        0x4 obj_evb1000/rtimer-arch.o
                0x0000000008007190                rtimer_arch_schedule
 .text.rtimer_arch_now
                0x0000000008007194        0x4 obj_evb1000/rtimer-arch.o
                0x0000000008007194                rtimer_arch_now
 .text.spix_init
                0x0000000008007198       0xac obj_evb1000/spix.o
                0x0000000008007198                spix_init
 .text.spix_change_speed
                0x0000000008007244       0x10 obj_evb1000/spix.o
                0x0000000008007244                spix_change_speed
 .text.get_rx_timestamp
                0x0000000008007254       0x2c obj_evb1000/rng-support.o
                0x0000000008007254                get_rx_timestamp
 .text.get_tx_timestamp
                0x0000000008007280       0x2c obj_evb1000/rng-support.o
                0x0000000008007280                get_tx_timestamp
 .text.resp_msg_get_timestamp
                0x00000000080072ac       0x40 obj_evb1000/rng-support.o
                0x00000000080072ac                resp_msg_get_timestamp
 .text.fill_ieee_hdr
                0x00000000080072ec       0x34 obj_evb1000/rng-support.o
                0x00000000080072ec                fill_ieee_hdr
 .text.start_tx
                0x0000000008007320       0xa0 obj_evb1000/rng-support.o
                0x0000000008007320                start_tx
 .text.radio_init
                0x00000000080073c0       0x38 obj_evb1000/rng-support.o
                0x00000000080073c0                radio_init
 .text.wait_rx  0x00000000080073f8       0x20 obj_evb1000/rng-support.o
                0x00000000080073f8                wait_rx
 .text.read_rx_data
                0x0000000008007418       0x2c obj_evb1000/rng-support.o
                0x0000000008007418                read_rx_data
 .text.radio_reset
                0x0000000008007444       0x2c obj_evb1000/rng-support.o
                0x0000000008007444                radio_reset
 .text.autostart_start
                0x0000000008007470       0x18 contiki-evb1000.a(autostart.o)
                0x0000000008007470                autostart_start
 .text.process_thread_ctimer_process
                0x0000000008007488       0x94 contiki-evb1000.a(ctimer.o)
 .text.ctimer_init
                0x000000000800751c       0x28 contiki-evb1000.a(ctimer.o)
                0x000000000800751c                ctimer_init
 .text.ctimer_set
                0x0000000008007544       0x4c contiki-evb1000.a(ctimer.o)
                0x0000000008007544                ctimer_set
 .text.ctimer_stop
                0x0000000008007590       0x34 contiki-evb1000.a(ctimer.o)
                0x0000000008007590                ctimer_stop
 .text.energest_init
                0x00000000080075c4        0x4 contiki-evb1000.a(energest.o)
                0x00000000080075c4                energest_init
 .text.update_time.part.0
                0x00000000080075c8       0x3c contiki-evb1000.a(etimer.o)
 .text.process_thread_etimer_process
                0x0000000008007604       0xd4 contiki-evb1000.a(etimer.o)
 .text.add_timer
                0x00000000080076d8       0x54 contiki-evb1000.a(etimer.o)
 .text.etimer_request_poll
                0x000000000800772c        0xc contiki-evb1000.a(etimer.o)
                0x000000000800772c                etimer_request_poll
 .text.etimer_set
                0x0000000008007738       0x14 contiki-evb1000.a(etimer.o)
                0x0000000008007738                etimer_set
 .text.etimer_expired
                0x000000000800774c        0xc contiki-evb1000.a(etimer.o)
                0x000000000800774c                etimer_expired
 .text.etimer_pending
                0x0000000008007758       0x10 contiki-evb1000.a(etimer.o)
                0x0000000008007758                etimer_pending
 .text.etimer_stop
                0x0000000008007768       0x54 contiki-evb1000.a(etimer.o)
                0x0000000008007768                etimer_stop
 .text.exit_process
                0x00000000080077bc       0xd8 contiki-evb1000.a(process.o)
 .text.call_process.part.0
                0x0000000008007894       0x38 contiki-evb1000.a(process.o)
 .text.do_poll  0x00000000080078cc       0x5c contiki-evb1000.a(process.o)
 .text.process_alloc_event
                0x0000000008007928       0x10 contiki-evb1000.a(process.o)
                0x0000000008007928                process_alloc_event
 .text.process_start
                0x0000000008007938       0x64 contiki-evb1000.a(process.o)
                0x0000000008007938                process_start
 .text.process_init
                0x000000000800799c       0x38 contiki-evb1000.a(process.o)
                0x000000000800799c                process_init
 .text.process_run
                0x00000000080079d4       0xd8 contiki-evb1000.a(process.o)
                0x00000000080079d4                process_run
 .text.process_post
                0x0000000008007aac       0x4c contiki-evb1000.a(process.o)
                0x0000000008007aac                process_post
 .text.process_post_synch
                0x0000000008007af8       0x18 contiki-evb1000.a(process.o)
                0x0000000008007af8                process_post_synch
 .text.process_poll
                0x0000000008007b10       0x1c contiki-evb1000.a(process.o)
                0x0000000008007b10                process_poll
 .text.rtimer_init
                0x0000000008007b2c        0x4 contiki-evb1000.a(rtimer.o)
                0x0000000008007b2c                rtimer_init
 .text.rtimer_run_next
                0x0000000008007b30       0x28 contiki-evb1000.a(rtimer.o)
                0x0000000008007b30                rtimer_run_next
 .text.timer_set
                0x0000000008007b58       0x10 contiki-evb1000.a(timer.o)
                0x0000000008007b58                timer_set
 .text.timer_expired
                0x0000000008007b68       0x1c contiki-evb1000.a(timer.o)
                0x0000000008007b68                timer_expired
 .text.leds_init
                0x0000000008007b84       0x14 contiki-evb1000.a(leds.o)
                0x0000000008007b84                leds_init
 .text.leds_set
                0x0000000008007b98        0xc contiki-evb1000.a(leds.o)
                0x0000000008007b98                leds_set
 .text.leds_on  0x0000000008007ba4       0x10 contiki-evb1000.a(leds.o)
                0x0000000008007ba4                leds_on
 .text.leds_off
                0x0000000008007bb4       0x14 contiki-evb1000.a(leds.o)
                0x0000000008007bb4                leds_off
 .text.leds_toggle
                0x0000000008007bc8       0x10 contiki-evb1000.a(leds.o)
                0x0000000008007bc8                leds_toggle
 .text.process_thread_serial_line_process
                0x0000000008007bd8       0xa8 contiki-evb1000.a(serial-line.o)
 .text.serial_line_input_byte
                0x0000000008007c80       0x58 contiki-evb1000.a(serial-line.o)
                0x0000000008007c80                serial_line_input_byte
 .text.serial_line_init
                0x0000000008007cd8       0x24 contiki-evb1000.a(serial-line.o)
                0x0000000008007cd8                serial_line_init
 .text.list_init
                0x0000000008007cfc        0x8 contiki-evb1000.a(list.o)
                0x0000000008007cfc                list_init
 .text.list_head
                0x0000000008007d04        0x4 contiki-evb1000.a(list.o)
                0x0000000008007d04                list_head
 .text.list_add
                0x0000000008007d08       0x5c contiki-evb1000.a(list.o)
                0x0000000008007d08                list_add
 .text.list_push
                0x0000000008007d64       0x3c contiki-evb1000.a(list.o)
                0x0000000008007d64                list_push
 .text.list_remove
                0x0000000008007da0       0x30 contiki-evb1000.a(list.o)
                0x0000000008007da0                list_remove
 .text.list_length
                0x0000000008007dd0       0x14 contiki-evb1000.a(list.o)
                0x0000000008007dd0                list_length
 .text.list_item_next
                0x0000000008007de4        0x8 contiki-evb1000.a(list.o)
                0x0000000008007de4                list_item_next
 .text.random_init
                0x0000000008007dec        0x4 contiki-evb1000.a(random.o)
                0x0000000008007dec                random_init
 .text.random_rand
                0x0000000008007df0        0xc contiki-evb1000.a(random.o)
                0x0000000008007df0                random_rand
 .text.ringbuf_init
                0x0000000008007dfc       0x10 contiki-evb1000.a(ringbuf.o)
                0x0000000008007dfc                ringbuf_init
 .text.ringbuf_put
                0x0000000008007e0c       0x2c contiki-evb1000.a(ringbuf.o)
                0x0000000008007e0c                ringbuf_put
 .text.ringbuf_get
                0x0000000008007e38       0x28 contiki-evb1000.a(ringbuf.o)
                0x0000000008007e38                ringbuf_get
 .text.linkaddr_copy
                0x0000000008007e60        0x8 contiki-evb1000.a(linkaddr.o)
                0x0000000008007e60                linkaddr_copy
 .text.linkaddr_cmp
                0x0000000008007e68       0x20 contiki-evb1000.a(linkaddr.o)
                0x0000000008007e68                linkaddr_cmp
 .text.netstack_init
                0x0000000008007e88       0x38 contiki-evb1000.a(netstack.o)
                0x0000000008007e88                netstack_init
 .text.packetbuf_clear
                0x0000000008007ec0       0x4c contiki-evb1000.a(packetbuf.o)
                0x0000000008007ec0                packetbuf_clear
 .text.packetbuf_copyfrom
                0x0000000008007f0c       0x70 contiki-evb1000.a(packetbuf.o)
                0x0000000008007f0c                packetbuf_copyfrom
 .text.packetbuf_compact
                0x0000000008007f7c       0x4c contiki-evb1000.a(packetbuf.o)
                0x0000000008007f7c                packetbuf_compact
 .text.packetbuf_copyto
                0x0000000008007fc8       0x54 contiki-evb1000.a(packetbuf.o)
                0x0000000008007fc8                packetbuf_copyto
 .text.packetbuf_hdralloc
                0x000000000800801c       0x64 contiki-evb1000.a(packetbuf.o)
                0x000000000800801c                packetbuf_hdralloc
 .text.packetbuf_hdrreduce
                0x0000000008008080       0x2c contiki-evb1000.a(packetbuf.o)
                0x0000000008008080                packetbuf_hdrreduce
 .text.packetbuf_set_datalen
                0x00000000080080ac        0xc contiki-evb1000.a(packetbuf.o)
                0x00000000080080ac                packetbuf_set_datalen
 .text.packetbuf_dataptr
                0x00000000080080b8       0x20 contiki-evb1000.a(packetbuf.o)
                0x00000000080080b8                packetbuf_dataptr
 .text.packetbuf_hdrptr
                0x00000000080080d8        0x8 contiki-evb1000.a(packetbuf.o)
                0x00000000080080d8                packetbuf_hdrptr
 .text.packetbuf_datalen
                0x00000000080080e0        0xc contiki-evb1000.a(packetbuf.o)
                0x00000000080080e0                packetbuf_datalen
 .text.packetbuf_totlen
                0x00000000080080ec       0x24 contiki-evb1000.a(packetbuf.o)
                0x00000000080080ec                packetbuf_totlen
 .text.packetbuf_attr_copyto
                0x0000000008008110       0x48 contiki-evb1000.a(packetbuf.o)
                0x0000000008008110                packetbuf_attr_copyto
 .text.packetbuf_attr_copyfrom
                0x0000000008008158       0x48 contiki-evb1000.a(packetbuf.o)
                0x0000000008008158                packetbuf_attr_copyfrom
 .text.packetbuf_set_attr
                0x00000000080081a0       0x10 contiki-evb1000.a(packetbuf.o)
                0x00000000080081a0                packetbuf_set_attr
 .text.packetbuf_attr
                0x00000000080081b0        0xc contiki-evb1000.a(packetbuf.o)
                0x00000000080081b0                packetbuf_attr
 .text.packetbuf_set_addr
                0x00000000080081bc       0x18 contiki-evb1000.a(packetbuf.o)
                0x00000000080081bc                packetbuf_set_addr
 .text.packetbuf_addr
                0x00000000080081d4       0x10 contiki-evb1000.a(packetbuf.o)
                0x00000000080081d4                packetbuf_addr
 .text.packetbuf_holds_broadcast
                0x00000000080081e4       0x10 contiki-evb1000.a(packetbuf.o)
                0x00000000080081e4                packetbuf_holds_broadcast
 .text.input_packet
                0x00000000080081f4        0xc contiki-evb1000.a(csma.o)
 .text.on       0x0000000008008200        0xc contiki-evb1000.a(csma.o)
 .text.off      0x000000000800820c        0xc contiki-evb1000.a(csma.o)
 .text.channel_check_interval
                0x0000000008008218       0x10 contiki-evb1000.a(csma.o)
 .text.schedule_transmission
                0x0000000008008228       0x50 contiki-evb1000.a(csma.o)
 .text.send_packet
                0x0000000008008278      0x160 contiki-evb1000.a(csma.o)
 .text.init     0x00000000080083d8       0x24 contiki-evb1000.a(csma.o)
 .text.transmit_packet_list
                0x00000000080083fc       0x34 contiki-evb1000.a(csma.o)
 .text.tx_done  0x0000000008008430       0x8c contiki-evb1000.a(csma.o)
 .text.packet_sent
                0x00000000080084bc       0xec contiki-evb1000.a(csma.o)
 .text.frame802154_get_pan_id
                0x00000000080085a8        0xc contiki-evb1000.a(frame802154.o)
                0x00000000080085a8                frame802154_get_pan_id
 .text.frame802154_has_panid
                0x00000000080085b4       0xdc contiki-evb1000.a(frame802154.o)
                0x00000000080085b4                frame802154_has_panid
 .text.field_len
                0x0000000008008690       0x88 contiki-evb1000.a(frame802154.o)
 .text.frame802154_is_broadcast_addr
                0x0000000008008718       0x24 contiki-evb1000.a(frame802154.o)
                0x0000000008008718                frame802154_is_broadcast_addr
 .text.frame802154_hdrlen
                0x000000000800873c       0x34 contiki-evb1000.a(frame802154.o)
                0x000000000800873c                frame802154_hdrlen
 .text.frame802154_create_fcf
                0x0000000008008770       0x6c contiki-evb1000.a(frame802154.o)
                0x0000000008008770                frame802154_create_fcf
 .text.frame802154_create
                0x00000000080087dc       0xb0 contiki-evb1000.a(frame802154.o)
                0x00000000080087dc                frame802154_create
 .text.frame802154_parse_fcf
                0x000000000800888c       0x48 contiki-evb1000.a(frame802154.o)
                0x000000000800888c                frame802154_parse_fcf
 .text.frame802154_parse
                0x00000000080088d4      0x134 contiki-evb1000.a(frame802154.o)
                0x00000000080088d4                frame802154_parse
 .text.mac_call_sent_callback
                0x0000000008008a08       0x18 contiki-evb1000.a(mac.o)
                0x0000000008008a08                mac_call_sent_callback
 .text.on       0x0000000008008a20        0xc contiki-evb1000.a(nullrdc.o)
 .text.channel_check_interval
                0x0000000008008a2c        0x4 contiki-evb1000.a(nullrdc.o)
 .text.init     0x0000000008008a30        0xc contiki-evb1000.a(nullrdc.o)
 .text.packet_input
                0x0000000008008a3c       0xf8 contiki-evb1000.a(nullrdc.o)
 .text.send_one_packet
                0x0000000008008b34      0x140 contiki-evb1000.a(nullrdc.o)
 .text.send_list
                0x0000000008008c74       0x20 contiki-evb1000.a(nullrdc.o)
 .text.send_packet
                0x0000000008008c94        0x4 contiki-evb1000.a(nullrdc.o)
 .text.off      0x0000000008008c98       0x1c contiki-evb1000.a(nullrdc.o)
 .text.init     0x0000000008008cb4        0x4 contiki-evb1000.a(nullsec.o)
 .text.input    0x0000000008008cb8        0xc contiki-evb1000.a(nullsec.o)
 .text.send     0x0000000008008cc4       0x20 contiki-evb1000.a(nullsec.o)
 .text.memb_init
                0x0000000008008ce4       0x24 contiki-evb1000.a(memb.o)
                0x0000000008008ce4                memb_init
 .text.memb_alloc
                0x0000000008008d08       0x38 contiki-evb1000.a(memb.o)
                0x0000000008008d08                memb_alloc
 .text.memb_free
                0x0000000008008d40       0x40 contiki-evb1000.a(memb.o)
                0x0000000008008d40                memb_free
 .text.memb_inmemb
                0x0000000008008d80       0x1c contiki-evb1000.a(memb.o)
                0x0000000008008d80                memb_inmemb
 .text.packet_sent
                0x0000000008008d9c       0x38 contiki-evb1000.a(rime.o)
 .text.input    0x0000000008008dd4       0x38 contiki-evb1000.a(rime.o)
 .text.init     0x0000000008008e0c       0x2c contiki-evb1000.a(rime.o)
 .text.rime_output
                0x0000000008008e38       0x28 contiki-evb1000.a(rime.o)
                0x0000000008008e38                rime_output
 .text.queuebuf_init
                0x0000000008008e60       0x1c contiki-evb1000.a(queuebuf.o)
                0x0000000008008e60                queuebuf_init
 .text.queuebuf_new_from_packetbuf
                0x0000000008008e7c       0x48 contiki-evb1000.a(queuebuf.o)
                0x0000000008008e7c                queuebuf_new_from_packetbuf
 .text.queuebuf_update_attr_from_packetbuf
                0x0000000008008ec4        0xc contiki-evb1000.a(queuebuf.o)
                0x0000000008008ec4                queuebuf_update_attr_from_packetbuf
 .text.queuebuf_free
                0x0000000008008ed0       0x2c contiki-evb1000.a(queuebuf.o)
                0x0000000008008ed0                queuebuf_free
 .text.queuebuf_to_packetbuf
                0x0000000008008efc       0x30 contiki-evb1000.a(queuebuf.o)
                0x0000000008008efc                queuebuf_to_packetbuf
 .text.queuebuf_attr
                0x0000000008008f2c        0xc contiki-evb1000.a(queuebuf.o)
                0x0000000008008f2c                queuebuf_attr
 .text.parse    0x0000000008008f38       0xa8 contiki-evb1000.a(framer-802154.o)
 .text.create_frame.constprop.0
                0x0000000008008fe0      0x148 contiki-evb1000.a(framer-802154.o)
 .text.hdr_length
                0x0000000008009128        0x8 contiki-evb1000.a(framer-802154.o)
 .text.create   0x0000000008009130        0x8 contiki-evb1000.a(framer-802154.o)
 .text.mac_sequence_is_duplicate
                0x0000000008009138       0x54 contiki-evb1000.a(mac-sequence.o)
                0x0000000008009138                mac_sequence_is_duplicate
 .text.mac_sequence_register_seqno
                0x000000000800918c       0x64 contiki-evb1000.a(mac-sequence.o)
                0x000000000800918c                mac_sequence_register_seqno
 .text.abc_open
                0x00000000080091f0       0x20 contiki-evb1000.a(abc.o)
                0x00000000080091f0                abc_open
 .text.abc_send
                0x0000000008009210        0x4 contiki-evb1000.a(abc.o)
                0x0000000008009210                abc_send
 .text.abc_input
                0x0000000008009214        0xc contiki-evb1000.a(abc.o)
                0x0000000008009214                abc_input
 .text.abc_sent
                0x0000000008009220        0xc contiki-evb1000.a(abc.o)
                0x0000000008009220                abc_sent
 .text.announcement_init
                0x000000000800922c        0xc contiki-evb1000.a(announcement.o)
                0x000000000800922c                announcement_init
 .text.announcement_register_observer_callback
                0x0000000008009238        0xc contiki-evb1000.a(announcement.o)
                0x0000000008009238                announcement_register_observer_callback
 .text.announcement_list
                0x0000000008009244        0xc contiki-evb1000.a(announcement.o)
                0x0000000008009244                announcement_list
 .text.announcement_heard
                0x0000000008009250       0x3c contiki-evb1000.a(announcement.o)
                0x0000000008009250                announcement_heard
 .text.adv_packet_sent
                0x000000000800928c        0x4 contiki-evb1000.a(broadcast-annou)
 .text.send_adv
                0x0000000008009290       0x5c contiki-evb1000.a(broadcast-annou)
 .text.adv_packet_received
                0x00000000080092ec       0x34 contiki-evb1000.a(broadcast-annou)
 .text.new_announcement
                0x0000000008009320       0x4c contiki-evb1000.a(broadcast-annou)
 .text.send_timer
                0x000000000800936c       0x4c contiki-evb1000.a(broadcast-annou)
 .text.broadcast_announcement_init
                0x00000000080093b8       0x30 contiki-evb1000.a(broadcast-annou)
                0x00000000080093b8                broadcast_announcement_init
 .text.sent_by_abc
                0x00000000080093e8        0xc contiki-evb1000.a(broadcast.o)
 .text.recv_from_abc
                0x00000000080093f4       0x24 contiki-evb1000.a(broadcast.o)
 .text.broadcast_open
                0x0000000008009418       0x24 contiki-evb1000.a(broadcast.o)
                0x0000000008009418                broadcast_open
 .text.broadcast_send
                0x000000000800943c       0x1c contiki-evb1000.a(broadcast.o)
                0x000000000800943c                broadcast_send
 .text.chameleon_init
                0x0000000008009458        0x4 contiki-evb1000.a(chameleon.o)
                0x0000000008009458                chameleon_init
 .text.chameleon_parse
                0x000000000800945c       0x1c contiki-evb1000.a(chameleon.o)
                0x000000000800945c                chameleon_parse
 .text.chameleon_create
                0x0000000008009478       0x20 contiki-evb1000.a(chameleon.o)
                0x0000000008009478                chameleon_create
 .text.chameleon_hdrsize
                0x0000000008009498        0xc contiki-evb1000.a(chameleon.o)
                0x0000000008009498                chameleon_hdrsize
 .text.channel_init
                0x00000000080094a4        0xc contiki-evb1000.a(channel.o)
                0x00000000080094a4                channel_init
 .text.channel_set_attributes
                0x00000000080094b0       0x34 contiki-evb1000.a(channel.o)
                0x00000000080094b0                channel_set_attributes
 .text.channel_open
                0x00000000080094e4       0x14 contiki-evb1000.a(channel.o)
                0x00000000080094e4                channel_open
 .text.channel_lookup
                0x00000000080094f8       0x24 contiki-evb1000.a(channel.o)
                0x00000000080094f8                channel_lookup
 .text.header_size
                0x000000000800951c       0x20 contiki-evb1000.a(chameleon-bitop)
 .text.get_bits
                0x000000000800953c       0xac contiki-evb1000.a(chameleon-bitop)
                0x000000000800953c                get_bits
 .text.unpack_header
                0x00000000080095e8       0xc0 contiki-evb1000.a(chameleon-bitop)
 .text.set_bits
                0x00000000080096a8       0xdc contiki-evb1000.a(chameleon-bitop)
                0x00000000080096a8                set_bits
 .text.pack_header
                0x0000000008009784       0xac contiki-evb1000.a(chameleon-bitop)
 .text.__errno  0x0000000008009830        0xc /Users/parallels/sw/gcc-arm/gcc-arm-none-eabi-10.3-2021.07/bin/../lib/gcc/arm-none-eabi/10.3.1/../../../../arm-none-eabi/lib/thumb/v7-m/nofp/libc.a(lib_a-errno.o)
                0x0000000008009830                __errno
 .text.__sflush_r
                0x000000000800983c      0x124 /Users/parallels/sw/gcc-arm/gcc-arm-none-eabi-10.3-2021.07/bin/../lib/gcc/arm-none-eabi/10.3.1/../../../../arm-none-eabi/lib/thumb/v7-m/nofp/libc.a(lib_a-fflush.o)
                0x000000000800983c                __sflush_r
 .text._fflush_r
                0x0000000008009960       0x5c /Users/parallels/sw/gcc-arm/gcc-arm-none-eabi-10.3-2021.07/bin/../lib/gcc/arm-none-eabi/10.3.1/../../../../arm-none-eabi/lib/thumb/v7-m/nofp/libc.a(lib_a-fflush.o)
                0x0000000008009960                _fflush_r
 .text._cleanup_r
                0x00000000080099bc        0xc /Users/parallels/sw/gcc-arm/gcc-arm-none-eabi-10.3-2021.07/bin/../lib/gcc/arm-none-eabi/10.3.1/../../../../arm-none-eabi/lib/thumb/v7-m/nofp/libc.a(lib_a-findfp.o)
                0x00000000080099bc                _cleanup_r
 .text.__sinit  0x00000000080099c8      0x10c /Users/parallels/sw/gcc-arm/gcc-arm-none-eabi-10.3-2021.07/bin/../lib/gcc/arm-none-eabi/10.3.1/../../../../arm-none-eabi/lib/thumb/v7-m/nofp/libc.a(lib_a-findfp.o)
                0x00000000080099c8                __sinit
 .text.__sfp_lock_acquire
                0x0000000008009ad4        0xc /Users/parallels/sw/gcc-arm/gcc-arm-none-eabi-10.3-2021.07/bin/../lib/gcc/arm-none-eabi/10.3.1/../../../../arm-none-eabi/lib/thumb/v7-m/nofp/libc.a(lib_a-findfp.o)
                0x0000000008009ad4                __sfp_lock_acquire
 .text.__sfp_lock_release
                0x0000000008009ae0        0xc /Users/parallels/sw/gcc-arm/gcc-arm-none-eabi-10.3-2021.07/bin/../lib/gcc/arm-none-eabi/10.3.1/../../../../arm-none-eabi/lib/thumb/v7-m/nofp/libc.a(lib_a-findfp.o)
                0x0000000008009ae0                __sfp_lock_release
 .text._malloc_trim_r
                0x0000000008009aec       0xa0 /Users/parallels/sw/gcc-arm/gcc-arm-none-eabi-10.3-2021.07/bin/../lib/gcc/arm-none-eabi/10.3.1/../../../../arm-none-eabi/lib/thumb/v7-m/nofp/libc.a(lib_a-freer.o)
                0x0000000008009aec                _malloc_trim_r
 .text._free_r  0x0000000008009b8c      0x200 /Users/parallels/sw/gcc-arm/gcc-arm-none-eabi-10.3-2021.07/bin/../lib/gcc/arm-none-eabi/10.3.1/../../../../arm-none-eabi/lib/thumb/v7-m/nofp/libc.a(lib_a-freer.o)
                0x0000000008009b8c                _free_r
 .text._fwalk_reent
                0x0000000008009d8c       0x48 /Users/parallels/sw/gcc-arm/gcc-arm-none-eabi-10.3-2021.07/bin/../lib/gcc/arm-none-eabi/10.3.1/../../../../arm-none-eabi/lib/thumb/v7-m/nofp/libc.a(lib_a-fwalk.o)
                0x0000000008009d8c                _fwalk_reent
 .text.__libc_init_array
                0x0000000008009dd4       0x48 /Users/parallels/sw/gcc-arm/gcc-arm-none-eabi-10.3-2021.07/bin/../lib/gcc/arm-none-eabi/10.3.1/../../../../arm-none-eabi/lib/thumb/v7-m/nofp/libc.a(lib_a-init.o)
                0x0000000008009dd4                __libc_init_array
 .text.__retarget_lock_init_recursive
                0x0000000008009e1c        0x4 /Users/parallels/sw/gcc-arm/gcc-arm-none-eabi-10.3-2021.07/bin/../lib/gcc/arm-none-eabi/10.3.1/../../../../arm-none-eabi/lib/thumb/v7-m/nofp/libc.a(lib_a-lock.o)
                0x0000000008009e1c                __retarget_lock_init_recursive
 .text.__retarget_lock_close_recursive
                0x0000000008009e20        0x4 /Users/parallels/sw/gcc-arm/gcc-arm-none-eabi-10.3-2021.07/bin/../lib/gcc/arm-none-eabi/10.3.1/../../../../arm-none-eabi/lib/thumb/v7-m/nofp/libc.a(lib_a-lock.o)
                0x0000000008009e20                __retarget_lock_close_recursive
 .text.__retarget_lock_acquire_recursive
                0x0000000008009e24        0x4 /Users/parallels/sw/gcc-arm/gcc-arm-none-eabi-10.3-2021.07/bin/../lib/gcc/arm-none-eabi/10.3.1/../../../../arm-none-eabi/lib/thumb/v7-m/nofp/libc.a(lib_a-lock.o)
                0x0000000008009e24                __retarget_lock_acquire_recursive
 .text.__retarget_lock_release_recursive
                0x0000000008009e28        0x4 /Users/parallels/sw/gcc-arm/gcc-arm-none-eabi-10.3-2021.07/bin/../lib/gcc/arm-none-eabi/10.3.1/../../../../arm-none-eabi/lib/thumb/v7-m/nofp/libc.a(lib_a-lock.o)
                0x0000000008009e28                __retarget_lock_release_recursive
 .text._malloc_r
                0x0000000008009e2c      0x558 /Users/parallels/sw/gcc-arm/gcc-arm-none-eabi-10.3-2021.07/bin/../lib/gcc/arm-none-eabi/10.3.1/../../../../arm-none-eabi/lib/thumb/v7-m/nofp/libc.a(lib_a-mallocr.o)
                0x0000000008009e2c                _malloc_r
 .text.memset   0x000000000800a384       0xa4 /Users/parallels/sw/gcc-arm/gcc-arm-none-eabi-10.3-2021.07/bin/../lib/gcc/arm-none-eabi/10.3.1/../../../../arm-none-eabi/lib/thumb/v7-m/nofp/libc.a(lib_a-memset.o)
                0x000000000800a384                memset
 .text.__malloc_lock
                0x000000000800a428        0xc /Users/parallels/sw/gcc-arm/gcc-arm-none-eabi-10.3-2021.07/bin/../lib/gcc/arm-none-eabi/10.3.1/../../../../arm-none-eabi/lib/thumb/v7-m/nofp/libc.a(lib_a-mlock.o)
                0x000000000800a428                __malloc_lock
 .text.__malloc_unlock
                0x000000000800a434        0xc /Users/parallels/sw/gcc-arm/gcc-arm-none-eabi-10.3-2021.07/bin/../lib/gcc/arm-none-eabi/10.3.1/../../../../arm-none-eabi/lib/thumb/v7-m/nofp/libc.a(lib_a-mlock.o)
                0x000000000800a434                __malloc_unlock
 .text.printf   0x000000000800a440       0x28 /Users/parallels/sw/gcc-arm/gcc-arm-none-eabi-10.3-2021.07/bin/../lib/gcc/arm-none-eabi/10.3.1/../../../../arm-none-eabi/lib/thumb/v7-m/nofp/libc.a(lib_a-printf.o)
                0x000000000800a440                printf
 .text._puts_r  0x000000000800a468       0x9c /Users/parallels/sw/gcc-arm/gcc-arm-none-eabi-10.3-2021.07/bin/../lib/gcc/arm-none-eabi/10.3.1/../../../../arm-none-eabi/lib/thumb/v7-m/nofp/libc.a(lib_a-puts.o)
                0x000000000800a468                _puts_r
 .text.puts     0x000000000800a504       0x10 /Users/parallels/sw/gcc-arm/gcc-arm-none-eabi-10.3-2021.07/bin/../lib/gcc/arm-none-eabi/10.3.1/../../../../arm-none-eabi/lib/thumb/v7-m/nofp/libc.a(lib_a-puts.o)
                0x000000000800a504                puts
 .text.srand    0x000000000800a514       0x10 /Users/parallels/sw/gcc-arm/gcc-arm-none-eabi-10.3-2021.07/bin/../lib/gcc/arm-none-eabi/10.3.1/../../../../arm-none-eabi/lib/thumb/v7-m/nofp/libc.a(lib_a-rand.o)
                0x000000000800a514                srand
 .text.rand     0x000000000800a524       0x38 /Users/parallels/sw/gcc-arm/gcc-arm-none-eabi-10.3-2021.07/bin/../lib/gcc/arm-none-eabi/10.3.1/../../../../arm-none-eabi/lib/thumb/v7-m/nofp/libc.a(lib_a-rand.o)
                0x000000000800a524                rand
 .text._sbrk_r  0x000000000800a55c       0x24 /Users/parallels/sw/gcc-arm/gcc-arm-none-eabi-10.3-2021.07/bin/../lib/gcc/arm-none-eabi/10.3.1/../../../../arm-none-eabi/lib/thumb/v7-m/nofp/libc.a(lib_a-sbrkr.o)
                0x000000000800a55c                _sbrk_r
 .text.snprintf
                0x000000000800a580       0x84 /Users/parallels/sw/gcc-arm/gcc-arm-none-eabi-10.3-2021.07/bin/../lib/gcc/arm-none-eabi/10.3.1/../../../../arm-none-eabi/lib/thumb/v7-m/nofp/libc.a(lib_a-snprintf.o)
                0x000000000800a580                snprintf
 .text.__sread  0x000000000800a604       0x24 /Users/parallels/sw/gcc-arm/gcc-arm-none-eabi-10.3-2021.07/bin/../lib/gcc/arm-none-eabi/10.3.1/../../../../arm-none-eabi/lib/thumb/v7-m/nofp/libc.a(lib_a-stdio.o)
                0x000000000800a604                __sread
 .text.__swrite
                0x000000000800a628       0x40 /Users/parallels/sw/gcc-arm/gcc-arm-none-eabi-10.3-2021.07/bin/../lib/gcc/arm-none-eabi/10.3.1/../../../../arm-none-eabi/lib/thumb/v7-m/nofp/libc.a(lib_a-stdio.o)
                0x000000000800a628                __swrite
 .text.__sseek  0x000000000800a668       0x20 /Users/parallels/sw/gcc-arm/gcc-arm-none-eabi-10.3-2021.07/bin/../lib/gcc/arm-none-eabi/10.3.1/../../../../arm-none-eabi/lib/thumb/v7-m/nofp/libc.a(lib_a-stdio.o)
                0x000000000800a668                __sseek
 .text.__sclose
                0x000000000800a688        0x8 /Users/parallels/sw/gcc-arm/gcc-arm-none-eabi-10.3-2021.07/bin/../lib/gcc/arm-none-eabi/10.3.1/../../../../arm-none-eabi/lib/thumb/v7-m/nofp/libc.a(lib_a-stdio.o)
                0x000000000800a688                __sclose
 .text.strlen   0x000000000800a690       0x5c /Users/parallels/sw/gcc-arm/gcc-arm-none-eabi-10.3-2021.07/bin/../lib/gcc/arm-none-eabi/10.3.1/../../../../arm-none-eabi/lib/thumb/v7-m/nofp/libc.a(lib_a-strlen-stub.o)
                0x000000000800a690                strlen
 .text._svfprintf_r
                0x000000000800a6ec     0x1aa4 /Users/parallels/sw/gcc-arm/gcc-arm-none-eabi-10.3-2021.07/bin/../lib/gcc/arm-none-eabi/10.3.1/../../../../arm-none-eabi/lib/thumb/v7-m/nofp/libc.a(lib_a-svfprintf.o)
                0x000000000800a6ec                _svfprintf_r
 .text._vfprintf_r
                0x000000000800c190     0x1b58 /Users/parallels/sw/gcc-arm/gcc-arm-none-eabi-10.3-2021.07/bin/../lib/gcc/arm-none-eabi/10.3.1/../../../../arm-none-eabi/lib/thumb/v7-m/nofp/libc.a(lib_a-vfprintf.o)
                0x000000000800c190                _vfprintf_r
 .text.__sbprintf
                0x000000000800dce8       0x84 /Users/parallels/sw/gcc-arm/gcc-arm-none-eabi-10.3-2021.07/bin/../lib/gcc/arm-none-eabi/10.3.1/../../../../arm-none-eabi/lib/thumb/v7-m/nofp/libc.a(lib_a-vfprintf.o)
 .text._write_r
                0x000000000800dd6c       0x2c /Users/parallels/sw/gcc-arm/gcc-arm-none-eabi-10.3-2021.07/bin/../lib/gcc/arm-none-eabi/10.3.1/../../../../arm-none-eabi/lib/thumb/v7-m/nofp/libc.a(lib_a-writer.o)
                0x000000000800dd6c                _write_r
 .text.__swsetup_r
                0x000000000800dd98       0xd4 /Users/parallels/sw/gcc-arm/gcc-arm-none-eabi-10.3-2021.07/bin/../lib/gcc/arm-none-eabi/10.3.1/../../../../arm-none-eabi/lib/thumb/v7-m/nofp/libc.a(lib_a-wsetup.o)
                0x000000000800dd98                __swsetup_r
 .text.startup.register_fini
                0x000000000800de6c       0x14 /Users/parallels/sw/gcc-arm/gcc-arm-none-eabi-10.3-2021.07/bin/../lib/gcc/arm-none-eabi/10.3.1/../../../../arm-none-eabi/lib/thumb/v7-m/nofp/libc.a(lib_a-__call_atexit.o)
 .text.atexit   0x000000000800de80        0xc /Users/parallels/sw/gcc-arm/gcc-arm-none-eabi-10.3-2021.07/bin/../lib/gcc/arm-none-eabi/10.3.1/../../../../arm-none-eabi/lib/thumb/v7-m/nofp/libc.a(lib_a-atexit.o)
                0x000000000800de80                atexit
 .text._close_r
                0x000000000800de8c       0x24 /Users/parallels/sw/gcc-arm/gcc-arm-none-eabi-10.3-2021.07/bin/../lib/gcc/arm-none-eabi/10.3.1/../../../../arm-none-eabi/lib/thumb/v7-m/nofp/libc.a(lib_a-closer.o)
                0x000000000800de8c                _close_r
 .text.quorem   0x000000000800deb0      0x12c /Users/parallels/sw/gcc-arm/gcc-arm-none-eabi-10.3-2021.07/bin/../lib/gcc/arm-none-eabi/10.3.1/../../../../arm-none-eabi/lib/thumb/v7-m/nofp/libc.a(lib_a-dtoa.o)
 *fill*         0x000000000800dfdc        0x4 
 .text._dtoa_r  0x000000000800dfe0      0xecc /Users/parallels/sw/gcc-arm/gcc-arm-none-eabi-10.3-2021.07/bin/../lib/gcc/arm-none-eabi/10.3.1/../../../../arm-none-eabi/lib/thumb/v7-m/nofp/libc.a(lib_a-dtoa.o)
                0x000000000800dfe0                _dtoa_r
 .text._fclose_r
                0x000000000800eeac       0xcc /Users/parallels/sw/gcc-arm/gcc-arm-none-eabi-10.3-2021.07/bin/../lib/gcc/arm-none-eabi/10.3.1/../../../../arm-none-eabi/lib/thumb/v7-m/nofp/libc.a(lib_a-fclose.o)
                0x000000000800eeac                _fclose_r
 .text.__libc_fini_array
                0x000000000800ef78       0x2c /Users/parallels/sw/gcc-arm/gcc-arm-none-eabi-10.3-2021.07/bin/../lib/gcc/arm-none-eabi/10.3.1/../../../../arm-none-eabi/lib/thumb/v7-m/nofp/libc.a(lib_a-fini.o)
                0x000000000800ef78                __libc_fini_array
 .text.__sfvwrite_r
                0x000000000800efa4      0x2f0 /Users/parallels/sw/gcc-arm/gcc-arm-none-eabi-10.3-2021.07/bin/../lib/gcc/arm-none-eabi/10.3.1/../../../../arm-none-eabi/lib/thumb/v7-m/nofp/libc.a(lib_a-fvwrite.o)
                0x000000000800efa4                __sfvwrite_r
 .text._localeconv_r
                0x000000000800f294        0x8 /Users/parallels/sw/gcc-arm/gcc-arm-none-eabi-10.3-2021.07/bin/../lib/gcc/arm-none-eabi/10.3.1/../../../../arm-none-eabi/lib/thumb/v7-m/nofp/libc.a(lib_a-localeconv.o)
                0x000000000800f294                _localeconv_r
 .text._lseek_r
                0x000000000800f29c       0x2c /Users/parallels/sw/gcc-arm/gcc-arm-none-eabi-10.3-2021.07/bin/../lib/gcc/arm-none-eabi/10.3.1/../../../../arm-none-eabi/lib/thumb/v7-m/nofp/libc.a(lib_a-lseekr.o)
                0x000000000800f29c                _lseek_r
 .text.__smakebuf_r