Archive member included to satisfy reference by file (symbol)

contiki-evb1000.a(autostart.o)
                              obj_evb1000/contiki-main.o (autostart_start)
contiki-evb1000.a(ctimer.o)   obj_evb1000/contiki-main.o (ctimer_init)
contiki-evb1000.a(energest.o)
                              obj_evb1000/contiki-main.o (energest_init)
contiki-evb1000.a(etimer.o)   obj_evb1000/clock.o (etimer_request_poll)
contiki-evb1000.a(process.o)  obj_evb1000/dw1000-ranging.o (process_alloc_event)
contiki-evb1000.a(rtimer.o)   obj_evb1000/contiki-main.o (rtimer_init)
contiki-evb1000.a(timer.o)    contiki-evb1000.a(etimer.o) (timer_set)
contiki-evb1000.a(leds.o)     obj_evb1000/contiki-main.o (leds_init)
contiki-evb1000.a(serial-line.o)
                              obj_evb1000/deca_usb.o (serial_line_input_byte)
contiki-evb1000.a(list.o)     contiki-evb1000.a(ctimer.o) (list_init)
contiki-evb1000.a(random.o)   obj_evb1000/contiki-main.o (random_init)
contiki-evb1000.a(ringbuf.o)  contiki-evb1000.a(serial-line.o) (ringbuf_init)
contiki-evb1000.a(linkaddr.o)
                              rng-resp.co (linkaddr_cmp)
contiki-evb1000.a(netstack.o)
                              obj_evb1000/contiki-main.o (netstack_init)
contiki-evb1000.a(packetbuf.o)
                              obj_evb1000/dw1000.o (packetbuf_clear)
contiki-evb1000.a(csma.o)     contiki-evb1000.a(netstack.o) (csma_driver)
contiki-evb1000.a(frame802154.o)
                              obj_evb1000/dw1000-ranging.o (frame802154_create)
contiki-evb1000.a(mac.o)      contiki-evb1000.a(csma.o) (mac_call_sent_callback)
contiki-evb1000.a(nullrdc.o)  obj_evb1000/dw1000.o (nullrdc_driver)
contiki-evb1000.a(nullsec.o)  contiki-evb1000.a(netstack.o) (nullsec_driver)
contiki-evb1000.a(memb.o)     contiki-evb1000.a(csma.o) (memb_init)
contiki-evb1000.a(rime.o)     contiki-evb1000.a(netstack.o) (rime_driver)
contiki-evb1000.a(queuebuf.o)
                              contiki-evb1000.a(rime.o) (queuebuf_init)
contiki-evb1000.a(framer-802154.o)
                              contiki-evb1000.a(nullrdc.o) (framer_802154)
contiki-evb1000.a(mac-sequence.o)
                              contiki-evb1000.a(nullrdc.o) (mac_sequence_is_duplicate)
contiki-evb1000.a(abc.o)      contiki-evb1000.a(rime.o) (abc_input)
contiki-evb1000.a(announcement.o)
                              contiki-evb1000.a(rime.o) (announcement_init)
contiki-evb1000.a(broadcast-annou)
                              contiki-evb1000.a(rime.o) (broadcast_announcement_init)
contiki-evb1000.a(broadcast.o)
                              contiki-evb1000.a(broadcast-annou) (broadcast_open)
contiki-evb1000.a(chameleon.o)
                              contiki-evb1000.a(rime.o) (chameleon_init)
contiki-evb1000.a(channel.o)  contiki-evb1000.a(chameleon.o) (channel_init)
contiki-evb1000.a(chameleon-bitop)
                              contiki-evb1000.a(chameleon.o) (chameleon_bitopt)
/Users/parallels/sw/gcc-arm/gcc-arm-none-eabi-10.3-2021.07/bin/../lib/gcc/arm-none-eabi/10.3.1/../../../../arm-none-eabi/lib/thumb/v7-m/nofp/libm.a(lib_a-s_round.o)
                              obj_evb1000/dw1000-util.o (round)
/Users/parallels/sw/gcc-arm/gcc-arm-none-eabi-10.3-2021.07/bin/../lib/gcc/arm-none-eabi/10.3.1/../../../../arm-none-eabi/lib/thumb/v7-m/nofp/libm.a(lib_a-w_log10.o)
                              obj_evb1000/dw1000-util.o (log10)
/Users/parallels/sw/gcc-arm/gcc-arm-none-eabi-10.3-2021.07/bin/../lib/gcc/arm-none-eabi/10.3.1/../../../../arm-none-eabi/lib/thumb/v7-m/nofp/libm.a(lib_a-w_sqrt.o)
                              obj_evb1000/dw1000-util.o (sqrt)
/Users/parallels/sw/gcc-arm/gcc-arm-none-eabi-10.3-2021.07/bin/../lib/gcc/arm-none-eabi/10.3.1/../../../../arm-none-eabi/lib/thumb/v7-m/nofp/libm.a(lib_a-e_log10.o)
                              /Users/parallels/sw/gcc-arm/gcc-arm-none-eabi-10.3-2021.07/bin/../lib/gcc/arm-none-eabi/10.3.1/../../../../arm-none-eabi/lib/thumb/v7-m/nofp/libm.a(lib_a-w_log10.o) (__ieee754_log10)
/Users/parallels/sw/gcc-arm/gcc-arm-none-eabi-10.3-2021.07/bin/../lib/gcc/arm-none-eabi/10.3.1/../../../../arm-none-eabi/lib/thumb/v7-m/nofp/libm.a(lib_a-e_sqrt.o)
                              /Users/parallels/sw/gcc-arm/gcc-arm-none-eabi-10.3-2021.07/bin/../lib/gcc/arm-none-eabi/10.3.1/../../../../arm-none-eabi/lib/thumb/v7-m/nofp/libm.a(lib_a-w_sqrt.o) (__ieee754_sqrt)
/Users/parallels/sw/gcc-arm/gcc-arm-none-eabi-10.3-2021.07/bin/../lib/gcc/arm-none-eabi/10.3.1/../../../../arm-none-eabi/lib/thumb/v7-m/nofp/libm.a(lib_a-s_nan.o)
                              /Users/parallels/sw/gcc-arm/gcc-arm-none-eabi-10.3-2021.07/bin/../lib/gcc/arm-none-eabi/10.3.1/../../../../arm-none-eabi/lib/thumb/v7-m/nofp/libm.a(lib_a-w_log10.o) (nan)
/Users/parallels/sw/gcc-arm/gcc-arm-none-eabi-10.3-2021.07/bin/../lib/gcc/arm-none-eabi/10.3.1/../../../../arm-none-eabi/lib/thumb/v7-m/nofp/libm.a(lib_a-e_log.o)
[...]
Memory Configuration

Name             Origin             Length             Attributes
FLASH            0x0000000008000000 0x0000000000040000 xr
RAM              0x0000000020000000 0x0000000000010000 xrw
MEMORY_B1        0x0000000060000000 0x0000000000000000 xr
*default*        0x0000000000000000 0xffffffffffffffff

Linker script and memory map

LOAD /Users/parallels/sw/gcc-arm/gcc-arm-none-eabi-10.3-2021.07/bin/../lib/gcc/arm-none-eabi/10.3.1/thumb/v7-m/nofp/crti.o
LOAD /Users/parallels/sw/gcc-arm/gcc-arm-none-eabi-10.3-2021.07/bin/../lib/gcc/arm-none-eabi/10.3.1/thumb/v7-m/nofp/crtbegin.o
LOAD /Users/parallels/sw/gcc-arm/gcc-arm-none-eabi-10.3-2021.07/bin/../lib/gcc/arm-none-eabi/10.3.1/../../../../arm-none-eabi/lib/thumb/v7-m/nofp/crt0.o
LOAD /var/folders/g4/0jm82hrn5yz7rm40wy0zb1q80000gr/T//ccujtanV.o
LOAD rng-resp.co
LOAD obj_evb1000/dummynet.o
LOAD obj_evb1000/logging.o
LOAD obj_evb1000/contiki-main.o
LOAD obj_evb1000/board.o
LOAD obj_evb1000/leds-arch.o
LOAD obj_evb1000/lcd.o
LOAD obj_evb1000/stm32f10x_it.o
LOAD obj_evb1000/syscalls.o
LOAD obj_evb1000/dw1000-arch.o
LOAD obj_evb1000/deca_device.o
LOAD obj_evb1000/deca_params_init.o
LOAD obj_evb1000/deca_range_tables.o
LOAD obj_evb1000/dw1000.o
LOAD obj_evb1000/dw1000-ranging.o
LOAD obj_evb1000/dw1000-config.o
LOAD obj_evb1000/dw1000-util.o
LOAD obj_evb1000/dw1000-cir.o
LOAD obj_evb1000/dw1000-statetime.o
LOAD obj_evb1000/deca_usb.o
LOAD obj_evb1000/deca_usb_bsp_evk1000.o
LOAD obj_evb1000/usbd_desc.o
LOAD obj_evb1000/usbd_usr.o
LOAD obj_evb1000/system_stm32f10x.o
LOAD obj_evb1000/core_cm3.o
LOAD obj_evb1000/misc.o
LOAD obj_evb1000/stm32f10x_cec.o
LOAD obj_evb1000/stm32f10x_dma.o
LOAD obj_evb1000/stm32f10x_gpio.o
LOAD obj_evb1000/stm32f10x_rcc.o
LOAD obj_evb1000/stm32f10x_tim.o
LOAD obj_evb1000/stm32f10x_adc.o
LOAD obj_evb1000/stm32f10x_crc.o
LOAD obj_evb1000/stm32f10x_exti.o
LOAD obj_evb1000/stm32f10x_i2c.o
LOAD obj_evb1000/stm32f10x_rtc.o
LOAD obj_evb1000/stm32f10x_usart.o
LOAD obj_evb1000/stm32f10x_bkp.o
LOAD obj_evb1000/stm32f10x_dac.o
LOAD obj_evb1000/stm32f10x_flash.o
LOAD obj_evb1000/stm32f10x_iwdg.o
LOAD obj_evb1000/stm32f10x_sdio.o
LOAD obj_evb1000/stm32f10x_wwdg.o
LOAD obj_evb1000/stm32f10x_can.o
LOAD obj_evb1000/stm32f10x_dbgmcu.o
LOAD obj_evb1000/stm32f10x_fsmc.o
LOAD obj_evb1000/stm32f10x_pwr.o
LOAD obj_evb1000/stm32f10x_spi.o
LOAD obj_evb1000/usbd_core.o
LOAD obj_evb1000/usbd_ioreq.o
LOAD obj_evb1000/usbd_req.o
LOAD obj_evb1000/usbd_cdc_core.o
LOAD obj_evb1000/usb_core.o
LOAD obj_evb1000/usb_dcd_int.o
LOAD obj_evb1000/usb_dcd.o
LOAD obj_evb1000/clock.o
LOAD obj_evb1000/watchdog.o
LOAD obj_evb1000/rtimer-arch.o
LOAD obj_evb1000/spix.o
LOAD obj_evb1000/rng-support.o
LOAD contiki-evb1000.a
LOAD /Users/parallels/sw/gcc-arm/gcc-arm-none-eabi-10.3-2021.07/bin/../lib/gcc/arm-none-eabi/10.3.1/../../../../arm-none-eabi/lib/thumb/v7-m/nofp/libm.a
START GROUP
LOAD /Users/parallels/sw/gcc-arm/gcc-arm-none-eabi-10.3-2021.07/bin/../lib/gcc/arm-none-eabi/10.3.1/thumb/v7-m/nofp/libgcc.a
LOAD /Users/parallels/sw/gcc-arm/gcc-arm-none-eabi-10.3-2021.07/bin/../lib/gcc/arm-none-eabi/10.3.1/../../../../arm-none-eabi/lib/thumb/v7-m/nofp/libc.a
END GROUP
START GROUP
LOAD /Users/parallels/sw/gcc-arm/gcc-arm-none-eabi-10.3-2021.07/bin/../lib/gcc/arm-none-eabi/10.3.1/thumb/v7-m/nofp/libgcc.a
LOAD /Users/parallels/sw/gcc-arm/gcc-arm-none-eabi-10.3-2021.07/bin/../lib/gcc/arm-none-eabi/10.3.1/../../../../arm-none-eabi/lib/thumb/v7-m/nofp/libc.a
LOAD /Users/parallels/sw/gcc-arm/gcc-arm-none-eabi-10.3-2021.07/bin/../lib/gcc/arm-none-eabi/10.3.1/../../../../arm-none-eabi/lib/thumb/v7-m/nofp/libnosys.a
END GROUP
LOAD /Users/parallels/sw/gcc-arm/gcc-arm-none-eabi-10.3-2021.07/bin/../lib/gcc/arm-none-eabi/10.3.1/thumb/v7-m/nofp/crtend.o
LOAD /Users/parallels/sw/gcc-arm/gcc-arm-none-eabi-10.3-2021.07/bin/../lib/gcc/arm-none-eabi/10.3.1/thumb/v7-m/nofp/crtn.o
                0x0000000020010000                _estack = 0x20010000
                0x0000000000000400                _Min_Heap_Size = 0x400
                0x0000000000000400                _Min_Stack_Size = 0x400

.isr_vector     0x0000000008000000      0x1e4
                0x0000000008000000                . = ALIGN (0x4)
 *(.isr_vector)
 .isr_vector    0x0000000008000000      0x1e4 /var/folders/g4/0jm82hrn5yz7rm40wy0zb1q80000gr/T//ccujtanV.o
                0x0000000008000000                g_pfnVectors
                0x00000000080001e4                . = ALIGN (0x4)

.text           0x00000000080001e8    0x11e90
                0x00000000080001e8                . = ALIGN (0x4)
 *(.text)
 .text          0x00000000080001e8       0x40 /Users/parallels/sw/gcc-arm/gcc-arm-none-eabi-10.3-2021.07/bin/../lib/gcc/arm-none-eabi/10.3.1/thumb/v7-m/nofp/crtbegin.o
 .text          0x0000000008000228      0x378 /Users/parallels/sw/gcc-arm/gcc-arm-none-eabi-10.3-2021.07/bin/../lib/gcc/arm-none-eabi/10.3.1/thumb/v7-m/nofp/libgcc.a(_arm_addsubdf3.o)
                0x0000000008000228                __aeabi_drsub
                0x0000000008000230                __subdf3
                0x0000000008000230                __aeabi_dsub
                0x0000000008000234                __aeabi_dadd
                0x0000000008000234                __adddf3
                0x00000000080004ac                __aeabi_ui2d
                0x00000000080004ac                __floatunsidf
                0x00000000080004cc                __floatsidf
                0x00000000080004cc                __aeabi_i2d
                0x00000000080004f0                __extendsfdf2
                0x00000000080004f0                __aeabi_f2d
                0x0000000008000534                __aeabi_ul2d
                0x0000000008000534                __floatundidf
                0x0000000008000544                __aeabi_l2d
                0x0000000008000544                __floatdidf
 .text          0x00000000080005a0      0x424 /Users/parallels/sw/gcc-arm/gcc-arm-none-eabi-10.3-2021.07/bin/../lib/gcc/arm-none-eabi/10.3.1/thumb/v7-m/nofp/libgcc.a(_arm_muldivdf3.o)
                0x00000000080005a0                __aeabi_dmul
                0x00000000080005a0                __muldf3
                0x00000000080007f4                __aeabi_ddiv
                0x00000000080007f4                __divdf3
 .text          0x00000000080009c4      0x110 /Users/parallels/sw/gcc-arm/gcc-arm-none-eabi-10.3-2021.07/bin/../lib/gcc/arm-none-eabi/10.3.1/thumb/v7-m/nofp/libgcc.a(_arm_cmpdf2.o)
                0x00000000080009c4                __gedf2
                0x00000000080009c4                __gtdf2
                0x00000000080009cc                __ledf2
                0x00000000080009cc                __ltdf2
                0x00000000080009d4                __cmpdf2
                0x00000000080009d4                __eqdf2
                0x00000000080009d4                __nedf2
                0x0000000008000a50                __aeabi_cdrcmple
                0x0000000008000a60                __aeabi_cdcmple
                0x0000000008000a60                __aeabi_cdcmpeq
                0x0000000008000a70                __aeabi_dcmpeq
                0x0000000008000a84                __aeabi_dcmplt
                0x0000000008000a98                __aeabi_dcmple
                0x0000000008000aac                __aeabi_dcmpge
                0x0000000008000ac0                __aeabi_dcmpgt
 .text          0x0000000008000ad4       0x2c /Users/parallels/sw/gcc-arm/gcc-arm-none-eabi-10.3-2021.07/bin/../lib/gcc/arm-none-eabi/10.3.1/thumb/v7-m/nofp/libgcc.a(_arm_unorddf2.o)
                0x0000000008000ad4                __aeabi_dcmpun
                0x0000000008000ad4                __unorddf2
 .text          0x0000000008000b00       0x50 /Users/parallels/sw/gcc-arm/gcc-arm-none-eabi-10.3-2021.07/bin/../lib/gcc/arm-none-eabi/10.3.1/thumb/v7-m/nofp/libgcc.a(_arm_fixdfsi.o)
                0x0000000008000b00                __fixdfsi
                0x0000000008000b00                __aeabi_d2iz
 .text          0x0000000008000b50       0x40 /Users/parallels/sw/gcc-arm/gcc-arm-none-eabi-10.3-2021.07/bin/../lib/gcc/arm-none-eabi/10.3.1/thumb/v7-m/nofp/libgcc.a(_arm_fixunsdfsi.o)
                0x0000000008000b50                __fixunsdfsi
                0x0000000008000b50                __aeabi_d2uiz
 .text          0x0000000008000b90       0xa0 /Users/parallels/sw/gcc-arm/gcc-arm-none-eabi-10.3-2021.07/bin/../lib/gcc/arm-none-eabi/10.3.1/thumb/v7-m/nofp/libgcc.a(_arm_truncdfsf2.o)
                0x0000000008000b90                __aeabi_d2f
                0x0000000008000b90                __truncdfsf2
 .text          0x0000000008000c30      0x21c /Users/parallels/sw/gcc-arm/gcc-arm-none-eabi-10.3-2021.07/bin/../lib/gcc/arm-none-eabi/10.3.1/thumb/v7-m/nofp/libgcc.a(_arm_addsubsf3.o)
                0x0000000008000c30                __aeabi_frsub
                0x0000000008000c38                __aeabi_fsub
                0x0000000008000c38                __subsf3
                0x0000000008000c3c                __aeabi_fadd
                0x0000000008000c3c                __addsf3
                0x0000000008000d9c                __aeabi_ui2f
                0x0000000008000d9c                __floatunsisf
                0x0000000008000da4                __floatsisf
                0x0000000008000da4                __aeabi_i2f
                0x0000000008000dc0                __aeabi_ul2f
                0x0000000008000dc0                __floatundisf
                0x0000000008000dd0                __aeabi_l2f
                0x0000000008000dd0                __floatdisf
 .text          0x0000000008000e4c       0x30 /Users/parallels/sw/gcc-arm/gcc-arm-none-eabi-10.3-2021.07/bin/../lib/gcc/arm-none-eabi/10.3.1/thumb/v7-m/nofp/libgcc.a(_aeabi_uldivmod.o)
                0x0000000008000e4c                __aeabi_uldivmod
 .text          0x0000000008000e7c       0x34 /Users/parallels/sw/gcc-arm/gcc-arm-none-eabi-10.3-2021.07/bin/../lib/gcc/arm-none-eabi/10.3.1/thumb/v7-m/nofp/libgcc.a(_fixdfdi.o)
                0x0000000008000e7c                __aeabi_d2lz
                0x0000000008000e7c                __fixdfdi
 .text          0x0000000008000eb0       0x3c /Users/parallels/sw/gcc-arm/gcc-arm-none-eabi-10.3-2021.07/bin/../lib/gcc/arm-none-eabi/10.3.1/thumb/v7-m/nofp/libgcc.a(_fixunsdfdi.o)
                0x0000000008000eb0                __aeabi_d2ulz
                0x0000000008000eb0                __fixunsdfdi
 .text          0x0000000008000eec      0x2d4 /Users/parallels/sw/gcc-arm/gcc-arm-none-eabi-10.3-2021.07/bin/../lib/gcc/arm-none-eabi/10.3.1/thumb/v7-m/nofp/libgcc.a(_udivmoddi4.o)
                0x0000000008000eec                __udivmoddi4
 .text          0x00000000080011c0        0x4 /Users/parallels/sw/gcc-arm/gcc-arm-none-eabi-10.3-2021.07/bin/../lib/gcc/arm-none-eabi/10.3.1/thumb/v7-m/nofp/libgcc.a(_dvmd_tls.o)
                0x00000000080011c0                __aeabi_ldiv0
                0x00000000080011c0                __aeabi_idiv0
 .text          0x00000000080011c4       0xec /Users/parallels/sw/gcc-arm/gcc-arm-none-eabi-10.3-2021.07/bin/../lib/gcc/arm-none-eabi/10.3.1/../../../../arm-none-eabi/lib/thumb/v7-m/nofp/libc.a(lib_a-memcpy.o)
                0x00000000080011c4                memcpy
 *(.text*)
 .text.Reset_Handler
                0x00000000080012b0       0x48 /var/folders/g4/0jm82hrn5yz7rm40wy0zb1q80000gr/T//ccujtanV.o
                0x00000000080012b0                Reset_Handler
 .text.Default_Handler
                0x00000000080012f8        0x2 /var/folders/g4/0jm82hrn5yz7rm40wy0zb1q80000gr/T//ccujtanV.o
                0x00000000080012f8                DMA2_Channel3_IRQHandler
                0x00000000080012f8                DebugMon_Handler
                0x00000000080012f8                TIM1_CC_IRQHandler
                0x00000000080012f8                HardFault_Handler
                0x00000000080012f8                TIM6_IRQHandler
                0x00000000080012f8                PVD_IRQHandler
                0x00000000080012f8                PendSV_Handler
                0x00000000080012f8                NMI_Handler
                0x00000000080012f8                CAN2_RX1_IRQHandler
                0x00000000080012f8                EXTI3_IRQHandler
                0x00000000080012f8                EXTI0_IRQHandler
                0x00000000080012f8                I2C2_EV_IRQHandler
                0x00000000080012f8                CAN1_RX0_IRQHandler
                0x00000000080012f8                UsageFault_Handler
                0x00000000080012f8                CAN2_SCE_IRQHandler
                0x00000000080012f8                ADC1_2_IRQHandler
                0x00000000080012f8                SPI1_IRQHandler
                0x00000000080012f8                TAMPER_IRQHandler
                0x00000000080012f8                CAN2_RX0_IRQHandler
                0x00000000080012f8                DMA2_Channel2_IRQHandler
                0x00000000080012f8                DMA1_Channel4_IRQHandler
                0x00000000080012f8                USART3_IRQHandler
                0x00000000080012f8                RTC_IRQHandler
                0x00000000080012f8                DMA1_Channel7_IRQHandler
                0x00000000080012f8                CAN1_RX1_IRQHandler
                0x00000000080012f8                UART5_IRQHandler
                0x00000000080012f8                TIM4_IRQHandler
                0x00000000080012f8                DMA2_Channel1_IRQHandler
                0x00000000080012f8                I2C1_EV_IRQHandler
                0x00000000080012f8                DMA1_Channel6_IRQHandler
                0x00000000080012f8                UART4_IRQHandler
                0x00000000080012f8                DMA2_Channel4_IRQHandler
                0x00000000080012f8                TIM3_IRQHandler
                0x00000000080012f8                RCC_IRQHandler
                0x00000000080012f8                TIM1_TRG_COM_IRQHandler
                0x00000000080012f8                DMA1_Channel1_IRQHandler
                0x00000000080012f8                Default_Handler
                0x00000000080012f8                EXTI15_10_IRQHandler
                0x00000000080012f8                TIM7_IRQHandler
                0x00000000080012f8                CAN2_TX_IRQHandler
                0x00000000080012f8                TIM5_IRQHandler
                0x00000000080012f8                ETH_WKUP_IRQHandler
                0x00000000080012f8                SPI2_IRQHandler
                0x00000000080012f8                MemManage_Handler
                0x00000000080012f8                CAN1_TX_IRQHandler
                0x00000000080012f8                SVC_Handler
                0x00000000080012f8                DMA2_Channel5_IRQHandler
                0x00000000080012f8                DMA1_Channel5_IRQHandler
                0x00000000080012f8                EXTI4_IRQHandler
                0x00000000080012f8                DMA1_Channel3_IRQHandler
                0x00000000080012f8                ETH_IRQHandler
                0x00000000080012f8                TIM1_UP_IRQHandler
                0x00000000080012f8                WWDG_IRQHandler
                0x00000000080012f8                TIM2_IRQHandler
                0x00000000080012f8                TIM1_BRK_IRQHandler
                0x00000000080012f8                EXTI1_IRQHandler
                0x00000000080012f8                USART2_IRQHandler
                0x00000000080012f8                I2C2_ER_IRQHandler
                0x00000000080012f8                DMA1_Channel2_IRQHandler
                0x00000000080012f8                CAN1_SCE_IRQHandler
                0x00000000080012f8                FLASH_IRQHandler
                0x00000000080012f8                BusFault_Handler
                0x00000000080012f8                USART1_IRQHandler
                0x00000000080012f8                SPI3_IRQHandler
                0x00000000080012f8                I2C1_ER_IRQHandler
                0x00000000080012f8                EXTI2_IRQHandler
 *fill*         0x00000000080012fa        0x2 
 .text.process_thread_ranging_resp_process
                0x00000000080012fc      0x168 rng-resp.co
 .text.startup.main
                0x0000000008001464      0x15c obj_evb1000/contiki-main.o
                0x0000000008001464                main
 .text.rtc_init
                0x00000000080015c0       0x58 obj_evb1000/board.o
                0x00000000080015c0                rtc_init
 .text.rcc_init
                0x0000000008001618       0xa8 obj_evb1000/board.o
                0x0000000008001618                rcc_init
 .text.gpio_init
                0x00000000080016c0       0x5c obj_evb1000/board.o
                0x00000000080016c0                gpio_init
 .text.nvic_init
                0x000000000800171c        0x8 obj_evb1000/board.o
                0x000000000800171c                nvic_init
 .text.leds_arch_init
                0x0000000008001724       0x3c obj_evb1000/leds-arch.o
                0x0000000008001724                leds_arch_init
 .text.leds_arch_set
                0x0000000008001760       0x60 obj_evb1000/leds-arch.o
                0x0000000008001760                leds_arch_set
 .text.lcd_write
                0x00000000080017c0       0xa0 obj_evb1000/lcd.o
                0x00000000080017c0                lcd_write
 .text.lcd_display_str
                0x0000000008001860       0x40 obj_evb1000/lcd.o
                0x0000000008001860                lcd_display_str
 .text.lcd_init
                0x00000000080018a0      0x12c obj_evb1000/lcd.o
                0x00000000080018a0                lcd_init
 .text.OTG_FS_WKUP_IRQHandler
                0x00000000080019cc       0x40 obj_evb1000/stm32f10x_it.o
                0x00000000080019cc                OTG_FS_WKUP_IRQHandler
 .text.OTG_FS_IRQHandler
                0x0000000008001a0c        0xc obj_evb1000/stm32f10x_it.o
                0x0000000008001a0c                OTG_FS_IRQHandler
 .text._sbrk    0x0000000008001a18       0x30 obj_evb1000/syscalls.o
                0x0000000008001a18                _sbrk
 .text._write   0x0000000008001a48       0x18 obj_evb1000/syscalls.o
                0x0000000008001a48                _write
 .text._close   0x0000000008001a60        0x4 obj_evb1000/syscalls.o
                0x0000000008001a60                _close
 .text._lseek   0x0000000008001a64        0x4 obj_evb1000/syscalls.o
                0x0000000008001a64                _lseek
 .text._read    0x0000000008001a68        0x4 obj_evb1000/syscalls.o
                0x0000000008001a68                _read
 .text._fstat   0x0000000008001a6c        0x4 obj_evb1000/syscalls.o
                0x0000000008001a6c                _fstat
 .text._isatty  0x0000000008001a70        0x4 obj_evb1000/syscalls.o
                0x0000000008001a70                _isatty
 .text.EXTI9_5_IRQHandler
                0x0000000008001a74       0x28 obj_evb1000/dw1000-arch.o
                0x0000000008001a74                EXTI9_5_IRQHandler
 .text.dw1000_set_isr
                0x0000000008001a9c       0x2c obj_evb1000/dw1000-arch.o
                0x0000000008001a9c                dw1000_set_isr
 .text.dw1000_spi_read
                0x0000000008001ac8       0x80 obj_evb1000/dw1000-arch.o
                0x0000000008001ac8                dw1000_spi_read
 .text.dw1000_spi_write
                0x0000000008001b48       0x7c obj_evb1000/dw1000-arch.o
                0x0000000008001b48                dw1000_spi_write
 .text.dw1000_arch_reset
                0x0000000008001bc4       0x48 obj_evb1000/dw1000-arch.o
                0x0000000008001bc4                dw1000_arch_reset
 .text.dw1000_arch_wakeup_nowait
                0x0000000008001c0c       0x1c obj_evb1000/dw1000-arch.o
                0x0000000008001c0c                dw1000_arch_wakeup_nowait
 .text.dw1000_arch_init
                0x0000000008001c28      0x120 obj_evb1000/dw1000-arch.o
                0x0000000008001c28                dw1000_arch_init
 .text.dwt_getpartid
                0x0000000008001d48        0xc obj_evb1000/deca_device.o
                0x0000000008001d48                dwt_getpartid
 .text.dwt_getlotid
                0x0000000008001d54        0xc obj_evb1000/deca_device.o
                0x0000000008001d54                dwt_getlotid
 .text.dwt_configuretxrf
                0x0000000008001d60       0x5c obj_evb1000/deca_device.o
                0x0000000008001d60                dwt_configuretxrf
 .text.dwt_setrxantennadelay
                0x0000000008001dbc       0x38 obj_evb1000/deca_device.o
                0x0000000008001dbc                dwt_setrxantennadelay
 .text.dwt_settxantennadelay
                0x0000000008001df4       0x2c obj_evb1000/deca_device.o
                0x0000000008001df4                dwt_settxantennadelay
 .text.dwt_writetxdata
                0x0000000008001e20       0x54 obj_evb1000/deca_device.o
                0x0000000008001e20                dwt_writetxdata
 .text.dwt_writetxfctrl
                0x0000000008001e74       0x58 obj_evb1000/deca_device.o
                0x0000000008001e74                dwt_writetxfctrl
 .text.dwt_readrxdata
                0x0000000008001ecc       0x60 obj_evb1000/deca_device.o
                0x0000000008001ecc                dwt_readrxdata
 .text.dwt_readcarrierintegrator
                0x0000000008001f2c       0x4c obj_evb1000/deca_device.o
                0x0000000008001f2c                dwt_readcarrierintegrator
 .text.dwt_readtxtimestamp
                0x0000000008001f78       0x20 obj_evb1000/deca_device.o
                0x0000000008001f78                dwt_readtxtimestamp
 .text.dwt_readrxtimestamp
                0x0000000008001f98       0x20 obj_evb1000/deca_device.o
                0x0000000008001f98                dwt_readrxtimestamp
 .text.dwt_writetodevice
                0x0000000008001fb8       0x58 obj_evb1000/deca_device.o
                0x0000000008001fb8                dwt_writetodevice
 .text.dwt_readfromdevice
                0x0000000008002010       0x54 obj_evb1000/deca_device.o
                0x0000000008002010                dwt_readfromdevice
 .text.dwt_read32bitoffsetreg
                0x0000000008002064       0x5c obj_evb1000/deca_device.o
                0x0000000008002064                dwt_read32bitoffsetreg
 .text.dwt_readdevid
                0x00000000080020c0        0x8 obj_evb1000/deca_device.o
                0x00000000080020c0                dwt_readdevid
 .text.dwt_readtxtimestamplo32
                0x00000000080020c8        0x8 obj_evb1000/deca_device.o
                0x00000000080020c8                dwt_readtxtimestamplo32
 .text.dwt_readrxtimestamplo32
                0x00000000080020d0        0x8 obj_evb1000/deca_device.o
                0x00000000080020d0                dwt_readrxtimestamplo32
 .text.dwt_read16bitoffsetreg
                0x00000000080020d8       0x54 obj_evb1000/deca_device.o
                0x00000000080020d8                dwt_read16bitoffsetreg
 .text.dwt_readdiagnostics
                0x000000000800212c       0xdc obj_evb1000/deca_device.o
                0x000000000800212c                dwt_readdiagnostics
 .text.dwt_write8bitoffsetreg
                0x0000000008002208       0x50 obj_evb1000/deca_device.o
                0x0000000008002208                dwt_write8bitoffsetreg
 .text.dwt_write16bitoffsetreg
                0x0000000008002258       0x54 obj_evb1000/deca_device.o
                0x0000000008002258                dwt_write16bitoffsetreg
 .text.dwt_write32bitoffsetreg
                0x00000000080022ac       0x64 obj_evb1000/deca_device.o
                0x00000000080022ac                dwt_write32bitoffsetreg
 .text.dwt_enableframefilter
                0x0000000008002310       0x68 obj_evb1000/deca_device.o
                0x0000000008002310                dwt_enableframefilter
 .text.dwt_setpanid
                0x0000000008002378       0x30 obj_evb1000/deca_device.o
                0x0000000008002378                dwt_setpanid
 .text.dwt_setaddress16
                0x00000000080023a8       0x2c obj_evb1000/deca_device.o
                0x00000000080023a8                dwt_setaddress16
 .text.dwt_seteui
                0x00000000080023d4       0x20 obj_evb1000/deca_device.o
                0x00000000080023d4                dwt_seteui
 .text.dwt_geteui
                0x00000000080023f4       0x1c obj_evb1000/deca_device.o
                0x00000000080023f4                dwt_geteui
 .text._dwt_otpread
                0x0000000008002410       0x78 obj_evb1000/deca_device.o
                0x0000000008002410                _dwt_otpread
 .text.dwt_configuresleep
                0x0000000008002488       0x5c obj_evb1000/deca_device.o
                0x0000000008002488                dwt_configuresleep
 .text._dwt_configlde
                0x00000000080024e4       0x60 obj_evb1000/deca_device.o
                0x00000000080024e4                _dwt_configlde
 .text.dwt_configure
                0x0000000008002544      0x348 obj_evb1000/deca_device.o
                0x0000000008002544                dwt_configure
 .text.dwt_setsmarttxpower
                0x000000000800288c       0x40 obj_evb1000/deca_device.o
                0x000000000800288c                dwt_setsmarttxpower
 .text.dwt_setrxaftertxdelay
                0x00000000080028cc       0x58 obj_evb1000/deca_device.o
                0x00000000080028cc                dwt_setrxaftertxdelay
 .text.dwt_setcallbacks
                0x0000000008002924       0x18 obj_evb1000/deca_device.o
                0x0000000008002924                dwt_setcallbacks
 .text.dwt_setleds
                0x000000000800293c       0x78 obj_evb1000/deca_device.o
                0x000000000800293c                dwt_setleds
 .text._dwt_enableclocks
                0x00000000080029b4      0x10c obj_evb1000/deca_device.o
                0x00000000080029b4                _dwt_enableclocks
 .text.dwt_readaccdata
                0x0000000008002ac0       0x54 obj_evb1000/deca_device.o
                0x0000000008002ac0                dwt_readaccdata
 .text.dwt_setdelayedtrxtime
                0x0000000008002b14       0x44 obj_evb1000/deca_device.o
                0x0000000008002b14                dwt_setdelayedtrxtime
 .text.dwt_starttx
                0x0000000008002b58       0x90 obj_evb1000/deca_device.o
                0x0000000008002b58                dwt_starttx
 .text.dwt_syncrxbufptrs
                0x0000000008002be8       0x54 obj_evb1000/deca_device.o
                0x0000000008002be8                dwt_syncrxbufptrs
 .text.dwt_forcetrxoff
                0x0000000008002c3c       0xbc obj_evb1000/deca_device.o
                0x0000000008002c3c                dwt_forcetrxoff
 .text.dwt_rxenable
                0x0000000008002cf8       0xac obj_evb1000/deca_device.o
                0x0000000008002cf8                dwt_rxenable
 .text.dwt_setrxtimeout
                0x0000000008002da4       0x88 obj_evb1000/deca_device.o
                0x0000000008002da4                dwt_setrxtimeout
 .text.dwt_setinterrupt
                0x0000000008002e2c       0x5c obj_evb1000/deca_device.o
                0x0000000008002e2c                dwt_setinterrupt
 .text.dwt_rxreset
                0x0000000008002e88       0x48 obj_evb1000/deca_device.o
                0x0000000008002e88                dwt_rxreset
 .text.dwt_isr  0x0000000008002ed0      0x164 obj_evb1000/deca_device.o
                0x0000000008002ed0                dwt_isr
 .text.dwt_softreset
                0x0000000008003034       0xe4 obj_evb1000/deca_device.o
                0x0000000008003034                dwt_softreset
 .text.dwt_initialise
                0x0000000008003118      0x290 obj_evb1000/deca_device.o
                0x0000000008003118                dwt_initialise
 .text.dwt_getrangebias
                0x00000000080033a8      0x18c obj_evb1000/deca_range_tables.o
                0x00000000080033a8                dwt_getrangebias
 .text.dw1000_receiving_packet
                0x0000000008003534        0xc obj_evb1000/dw1000.o
 .text.dw1000_pending_packet
                0x0000000008003540        0xc obj_evb1000/dw1000.o
 .text.dw1000_get_value
                0x000000000800354c       0x14 obj_evb1000/dw1000.o
 .text.dw1000_init
                0x0000000008003560       0x70 obj_evb1000/dw1000.o
 .text.dw1000_radio_read
                0x00000000080035d0       0x2c obj_evb1000/dw1000.o
 .text.dw1000_on
                0x00000000080035fc       0x20 obj_evb1000/dw1000.o
 .text.dw1000_set_object
                0x000000000800361c       0x48 obj_evb1000/dw1000.o
 .text.dw1000_get_object
                0x0000000008003664       0x50 obj_evb1000/dw1000.o
 .text.dw1000_set_value
                0x00000000080036b4       0x58 obj_evb1000/dw1000.o
 .text.dw1000_off
                0x000000000800370c       0x50 obj_evb1000/dw1000.o
 .text.dw1000_channel_clear
                0x000000000800375c       0x28 obj_evb1000/dw1000.o
 .text.dw1000_transmit
                0x0000000008003784       0xac obj_evb1000/dw1000.o
 .text.dw1000_prepare
                0x0000000008003830       0x4c obj_evb1000/dw1000.o
 .text.rx_ok_cb
                0x000000000800387c       0x64 obj_evb1000/dw1000.o
 .text.tx_conf_cb
                0x00000000080038e0       0x3c obj_evb1000/dw1000.o
 .text.rx_err_cb
                0x000000000800391c       0x30 obj_evb1000/dw1000.o
 .text.rx_to_cb
                0x000000000800394c       0x34 obj_evb1000/dw1000.o
 .text.dw1000_send
                0x0000000008003980       0x60 obj_evb1000/dw1000.o
 .text.process_thread_dw1000_process
                0x00000000080039e0       0xd4 obj_evb1000/dw1000.o
 *fill*         0x0000000008003ab4        0x4 
 .text.process_thread_dw1000_rng_process
                0x0000000008003ab8      0x328 obj_evb1000/dw1000-ranging.o
 .text.dw1000_ranging_init
                0x0000000008003de0       0x1c obj_evb1000/dw1000-ranging.o
                0x0000000008003de0                dw1000_ranging_init
 .text.dw1000_rng_ok_cb
                0x0000000008003dfc      0x5d0 obj_evb1000/dw1000-ranging.o
                0x0000000008003dfc                dw1000_rng_ok_cb
 .text.dw1000_rng_tx_conf_cb
                0x00000000080043cc       0x3c obj_evb1000/dw1000-ranging.o
                0x00000000080043cc                dw1000_rng_tx_conf_cb
 .text.dw1000_is_ranging
                0x0000000008004408       0x10 obj_evb1000/dw1000-ranging.o
                0x0000000008004408                dw1000_is_ranging
 .text.dw1000_range_reset
                0x0000000008004418       0x2c obj_evb1000/dw1000-ranging.o
                0x0000000008004418                dw1000_range_reset
 .text.dw1000_configure
                0x0000000008004444       0x68 obj_evb1000/dw1000-config.o
                0x0000000008004444                dw1000_configure
 .text.dw1000_get_recommended_tx_cfg
                0x00000000080044ac       0x74 obj_evb1000/dw1000-config.o
                0x00000000080044ac                dw1000_get_recommended_tx_cfg
 .text.dw1000_reset_cfg
                0x0000000008004520      0x148 obj_evb1000/dw1000-config.o
                0x0000000008004520                dw1000_reset_cfg
 .text.dw1000_get_current_cfg
                0x0000000008004668        0x8 obj_evb1000/dw1000-config.o
                0x0000000008004668                dw1000_get_current_cfg
 .text.dw1000_print_cfg
                0x0000000008004670       0xe4 obj_evb1000/dw1000-config.o
                0x0000000008004670                dw1000_print_cfg
 *fill*         0x0000000008004754        0x4 
 .text.dw1000_get_hz2ppm_multiplier
                0x0000000008004758       0x64 obj_evb1000/dw1000-util.o
                0x0000000008004758                dw1000_get_hz2ppm_multiplier
 .text.dw1000_read_cir
                0x00000000080047bc       0x50 obj_evb1000/dw1000-cir.o
                0x00000000080047bc                dw1000_read_cir
 .text.DW_VCP_Init
                0x000000000800480c        0x4 obj_evb1000/deca_usb.o
                0x000000000800480c                DW_VCP_Init
 .text.DW_VCP_Ctrl
                0x0000000008004810        0x4 obj_evb1000/deca_usb.o
                0x0000000008004810                DW_VCP_Ctrl
 .text.DW_VCP_DataTx
                0x0000000008004814       0x68 obj_evb1000/deca_usb.o
                0x0000000008004814                DW_VCP_DataTx
 .text.DW_VCP_DataRx
                0x000000000800487c       0x20 obj_evb1000/deca_usb.o
                0x000000000800487c                DW_VCP_DataRx
 .text.DW_VCP_DeInit
                0x000000000800489c        0x4 obj_evb1000/deca_usb.o
                0x000000000800489c                DW_VCP_DeInit
 .text.usb_init
                0x00000000080048a0       0x2c obj_evb1000/deca_usb.o
                0x00000000080048a0                usb_init
 .text.USB_OTG_BSP_Init
                0x00000000080048cc       0x60 obj_evb1000/deca_usb_bsp_evk1000.o
                0x00000000080048cc                USB_OTG_BSP_Init
 .text.USB_OTG_BSP_EnableInterrupt
                0x000000000800492c       0x30 obj_evb1000/deca_usb_bsp_evk1000.o
                0x000000000800492c                USB_OTG_BSP_EnableInterrupt
 .text.USB_OTG_BSP_uDelay
                0x000000000800495c        0x4 obj_evb1000/deca_usb_bsp_evk1000.o
                0x000000000800495c                USB_OTG_BSP_uDelay
 .text.USB_OTG_BSP_mDelay
                0x0000000008004960        0x4 obj_evb1000/deca_usb_bsp_evk1000.o
                0x0000000008004960                USB_OTG_BSP_mDelay
 .text.USBD_USR_DeviceDescriptor
                0x0000000008004964        0xc obj_evb1000/usbd_desc.o
                0x0000000008004964                USBD_USR_DeviceDescriptor
 .text.USBD_USR_LangIDStrDescriptor
                0x0000000008004970        0xc obj_evb1000/usbd_desc.o
                0x0000000008004970                USBD_USR_LangIDStrDescriptor
 .text.USBD_USR_ManufacturerStrDescriptor
                0x000000000800497c       0x1c obj_evb1000/usbd_desc.o
                0x000000000800497c                USBD_USR_ManufacturerStrDescriptor
 .text.USBD_USR_ProductStrDescriptor
                0x0000000008004998       0x28 obj_evb1000/usbd_desc.o
                0x0000000008004998                USBD_USR_ProductStrDescriptor
 .text.USBD_USR_SerialStrDescriptor
                0x00000000080049c0       0x28 obj_evb1000/usbd_desc.o
                0x00000000080049c0                USBD_USR_SerialStrDescriptor
 .text.USBD_USR_ConfigStrDescriptor
                0x00000000080049e8       0x1c obj_evb1000/usbd_desc.o
                0x00000000080049e8                USBD_USR_ConfigStrDescriptor
 .text.USBD_USR_InterfaceStrDescriptor
                0x0000000008004a04       0x1c obj_evb1000/usbd_desc.o
                0x0000000008004a04                USBD_USR_InterfaceStrDescriptor
 .text.USBD_USR_Init
                0x0000000008004a20        0x4 obj_evb1000/usbd_usr.o
                0x0000000008004a20                USBD_USR_Init
 .text.USBD_USR_DeviceReset
                0x0000000008004a24        0x4 obj_evb1000/usbd_usr.o
                0x0000000008004a24                USBD_USR_DeviceReset
 .text.USBD_USR_DeviceDisconnected
                0x0000000008004a28        0x4 obj_evb1000/usbd_usr.o
                0x0000000008004a28                USBD_USR_DeviceDisconnected
 .text.USBD_USR_DeviceConfigured
                0x0000000008004a2c        0x4 obj_evb1000/usbd_usr.o
                0x0000000008004a2c                USBD_USR_DeviceConfigured
 .text.USBD_USR_DeviceSuspended
                0x0000000008004a30        0x4 obj_evb1000/usbd_usr.o
                0x0000000008004a30                USBD_USR_DeviceSuspended
 .text.USBD_USR_DeviceResumed
                0x0000000008004a34        0x4 obj_evb1000/usbd_usr.o
                0x0000000008004a34                USBD_USR_DeviceResumed
 .text.USBD_USR_DeviceConnected
                0x0000000008004a38        0x4 obj_evb1000/usbd_usr.o
                0x0000000008004a38                USBD_USR_DeviceConnected
 .text.SystemInit
                0x0000000008004a3c      0x130 obj_evb1000/system_stm32f10x.o
                0x0000000008004a3c                SystemInit
 .text.__get_MSP
                0x0000000008004b6c        0x8 obj_evb1000/core_cm3.o
                0x0000000008004b6c                __get_MSP
 .text.NVIC_PriorityGroupConfig
                0x0000000008004b74       0x14 obj_evb1000/misc.o
                0x0000000008004b74                NVIC_PriorityGroupConfig
 .text.NVIC_Init
                0x0000000008004b88       0x6c obj_evb1000/misc.o
                0x0000000008004b88                NVIC_Init
 .text.GPIO_Init
                0x0000000008004bf4       0xc4 obj_evb1000/stm32f10x_gpio.o
                0x0000000008004bf4                GPIO_Init
 .text.GPIO_ReadInputDataBit
                0x0000000008004cb8        0xc obj_evb1000/stm32f10x_gpio.o
                0x0000000008004cb8                GPIO_ReadInputDataBit
 .text.GPIO_SetBits
                0x0000000008004cc4        0x4 obj_evb1000/stm32f10x_gpio.o
                0x0000000008004cc4                GPIO_SetBits
 .text.GPIO_ResetBits
                0x0000000008004cc8        0x4 obj_evb1000/stm32f10x_gpio.o
                0x0000000008004cc8                GPIO_ResetBits
 .text.GPIO_WriteBit
                0x0000000008004ccc        0xc obj_evb1000/stm32f10x_gpio.o
                0x0000000008004ccc                GPIO_WriteBit
 .text.GPIO_EXTILineConfig
                0x0000000008004cd8       0x2c obj_evb1000/stm32f10x_gpio.o
                0x0000000008004cd8                GPIO_EXTILineConfig
 .text.RCC_DeInit
                0x0000000008004d04       0x50 obj_evb1000/stm32f10x_rcc.o
                0x0000000008004d04                RCC_DeInit
 .text.RCC_HSEConfig
                0x0000000008004d54       0x38 obj_evb1000/stm32f10x_rcc.o
                0x0000000008004d54                RCC_HSEConfig
 .text.RCC_WaitForHSEStartUp
                0x0000000008004d8c       0x30 obj_evb1000/stm32f10x_rcc.o
                0x0000000008004d8c                RCC_WaitForHSEStartUp
 .text.RCC_PLLConfig
                0x0000000008004dbc       0x14 obj_evb1000/stm32f10x_rcc.o
                0x0000000008004dbc                RCC_PLLConfig
 .text.RCC_PLLCmd
                0x0000000008004dd0        0xc obj_evb1000/stm32f10x_rcc.o
                0x0000000008004dd0                RCC_PLLCmd
 .text.RCC_PREDIV1Config
                0x0000000008004ddc       0x18 obj_evb1000/stm32f10x_rcc.o
                0x0000000008004ddc                RCC_PREDIV1Config
 .text.RCC_PREDIV2Config
                0x0000000008004df4       0x14 obj_evb1000/stm32f10x_rcc.o
                0x0000000008004df4                RCC_PREDIV2Config
 .text.RCC_PLL2Config
                0x0000000008004e08       0x14 obj_evb1000/stm32f10x_rcc.o
                0x0000000008004e08                RCC_PLL2Config
 .text.RCC_PLL2Cmd
                0x0000000008004e1c        0xc obj_evb1000/stm32f10x_rcc.o
                0x0000000008004e1c                RCC_PLL2Cmd
 .text.RCC_SYSCLKConfig
                0x0000000008004e28       0x14 obj_evb1000/stm32f10x_rcc.o
                0x0000000008004e28                RCC_SYSCLKConfig
 .text.RCC_GetSYSCLKSource
                0x0000000008004e3c       0x10 obj_evb1000/stm32f10x_rcc.o
                0x0000000008004e3c                RCC_GetSYSCLKSource
 .text.RCC_HCLKConfig
                0x0000000008004e4c       0x14 obj_evb1000/stm32f10x_rcc.o
                0x0000000008004e4c                RCC_HCLKConfig
 .text.RCC_PCLK1Config
                0x0000000008004e60       0x14 obj_evb1000/stm32f10x_rcc.o
                0x0000000008004e60                RCC_PCLK1Config
 .text.RCC_PCLK2Config
                0x0000000008004e74       0x14 obj_evb1000/stm32f10x_rcc.o
                0x0000000008004e74                RCC_PCLK2Config
 .text.RCC_ADCCLKConfig
                0x0000000008004e88       0x14 obj_evb1000/stm32f10x_rcc.o
                0x0000000008004e88                RCC_ADCCLKConfig
 .text.RCC_LSEConfig
                0x0000000008004e9c       0x28 obj_evb1000/stm32f10x_rcc.o
                0x0000000008004e9c                RCC_LSEConfig
 .text.RCC_RTCCLKConfig
                0x0000000008004ec4       0x10 obj_evb1000/stm32f10x_rcc.o
                0x0000000008004ec4                RCC_RTCCLKConfig
 .text.RCC_RTCCLKCmd
                0x0000000008004ed4        0xc obj_evb1000/stm32f10x_rcc.o
                0x0000000008004ed4                RCC_RTCCLKCmd
 .text.RCC_GetClocksFreq
                0x0000000008004ee0       0xe0 obj_evb1000/stm32f10x_rcc.o
                0x0000000008004ee0                RCC_GetClocksFreq
 .text.RCC_AHBPeriphClockCmd
                0x0000000008004fc0       0x18 obj_evb1000/stm32f10x_rcc.o
                0x0000000008004fc0                RCC_AHBPeriphClockCmd
 .text.RCC_APB2PeriphClockCmd
                0x0000000008004fd8       0x18 obj_evb1000/stm32f10x_rcc.o
                0x0000000008004fd8                RCC_APB2PeriphClockCmd
 .text.RCC_APB1PeriphClockCmd
                0x0000000008004ff0       0x18 obj_evb1000/stm32f10x_rcc.o
                0x0000000008004ff0                RCC_APB1PeriphClockCmd
 .text.RCC_BackupResetCmd
                0x0000000008005008        0xc obj_evb1000/stm32f10x_rcc.o
                0x0000000008005008                RCC_BackupResetCmd
 .text.RCC_GetFlagStatus
                0x0000000008005014       0x34 obj_evb1000/stm32f10x_rcc.o
                0x0000000008005014                RCC_GetFlagStatus
 .text.EXTI_Init
                0x0000000008005048       0x80 obj_evb1000/stm32f10x_exti.o
                0x0000000008005048                EXTI_Init
 .text.EXTI_ClearITPendingBit
                0x00000000080050c8        0xc obj_evb1000/stm32f10x_exti.o
                0x00000000080050c8                EXTI_ClearITPendingBit
 .text.RTC_ITConfig
                0x00000000080050d4       0x1c obj_evb1000/stm32f10x_rtc.o
                0x00000000080050d4                RTC_ITConfig
 .text.RTC_GetCounter
                0x00000000080050f0       0x14 obj_evb1000/stm32f10x_rtc.o
                0x00000000080050f0                RTC_GetCounter
 .text.RTC_SetPrescaler
                0x0000000008005104       0x28 obj_evb1000/stm32f10x_rtc.o
                0x0000000008005104                RTC_SetPrescaler
 .text.RTC_SetAlarm
                0x000000000800512c       0x28 obj_evb1000/stm32f10x_rtc.o
                0x000000000800512c                RTC_SetAlarm
 .text.RTC_WaitForLastTask
                0x0000000008005154       0x10 obj_evb1000/stm32f10x_rtc.o
                0x0000000008005154                RTC_WaitForLastTask
 .text.RTC_WaitForSynchro
                0x0000000008005164       0x1c obj_evb1000/stm32f10x_rtc.o
                0x0000000008005164                RTC_WaitForSynchro
 .text.RTC_GetITStatus
                0x0000000008005180       0x20 obj_evb1000/stm32f10x_rtc.o
                0x0000000008005180                RTC_GetITStatus
 .text.RTC_ClearITPendingBit
                0x00000000080051a0       0x14 obj_evb1000/stm32f10x_rtc.o
                0x00000000080051a0                RTC_ClearITPendingBit
 .text.BKP_DeInit
                0x00000000080051b4       0x14 obj_evb1000/stm32f10x_bkp.o
                0x00000000080051b4                BKP_DeInit
 .text.FLASH_SetLatency
                0x00000000080051c8       0x14 obj_evb1000/stm32f10x_flash.o
                0x00000000080051c8                FLASH_SetLatency
 .text.FLASH_PrefetchBufferCmd
                0x00000000080051dc       0x18 obj_evb1000/stm32f10x_flash.o
                0x00000000080051dc                FLASH_PrefetchBufferCmd
 .text.IWDG_WriteAccessCmd
                0x00000000080051f4        0xc obj_evb1000/stm32f10x_iwdg.o
                0x00000000080051f4                IWDG_WriteAccessCmd
 .text.IWDG_SetPrescaler
                0x0000000008005200        0xc obj_evb1000/stm32f10x_iwdg.o
                0x0000000008005200                IWDG_SetPrescaler
 .text.IWDG_SetReload
                0x000000000800520c        0xc obj_evb1000/stm32f10x_iwdg.o
                0x000000000800520c                IWDG_SetReload
 .text.IWDG_ReloadCounter
                0x0000000008005218       0x10 obj_evb1000/stm32f10x_iwdg.o
                0x0000000008005218                IWDG_ReloadCounter
 .text.IWDG_Enable
                0x0000000008005228       0x10 obj_evb1000/stm32f10x_iwdg.o
                0x0000000008005228                IWDG_Enable
 .text.PWR_BackupAccessCmd
                0x0000000008005238        0xc obj_evb1000/stm32f10x_pwr.o
                0x0000000008005238                PWR_BackupAccessCmd
 .text.PWR_GetFlagStatus
                0x0000000008005244       0x14 obj_evb1000/stm32f10x_pwr.o
                0x0000000008005244                PWR_GetFlagStatus
 .text.PWR_ClearFlag
                0x0000000008005258       0x10 obj_evb1000/stm32f10x_pwr.o
                0x0000000008005258                PWR_ClearFlag
 .text.SPI_Init
                0x0000000008005268       0x54 obj_evb1000/stm32f10x_spi.o
                0x0000000008005268                SPI_Init
 .text.SPI_StructInit
                0x00000000080052bc       0x18 obj_evb1000/stm32f10x_spi.o
                0x00000000080052bc                SPI_StructInit
 .text.SPI_Cmd  0x00000000080052d4       0x1c obj_evb1000/stm32f10x_spi.o
                0x00000000080052d4                SPI_Cmd
 .text.SPI_I2S_SendData
                0x00000000080052f0        0x4 obj_evb1000/stm32f10x_spi.o
                0x00000000080052f0                SPI_I2S_SendData
 .text.SPI_I2S_ReceiveData
                0x00000000080052f4        0x8 obj_evb1000/stm32f10x_spi.o
                0x00000000080052f4                SPI_I2S_ReceiveData
 .text.SPI_SSOutputCmd
                0x00000000080052fc       0x1c obj_evb1000/stm32f10x_spi.o
                0x00000000080052fc                SPI_SSOutputCmd
 .text.SPI_I2S_GetFlagStatus
                0x0000000008005318        0xc obj_evb1000/stm32f10x_spi.o
                0x0000000008005318                SPI_I2S_GetFlagStatus
 .text.USBD_Resume
                0x0000000008005324       0x18 obj_evb1000/usbd_core.o
 .text.USBD_Suspend
                0x000000000800533c       0x1c obj_evb1000/usbd_core.o
 .text.USBD_SOF
                0x0000000008005358       0x10 obj_evb1000/usbd_core.o
 .text.USBD_IsoINIncomplete
                0x0000000008005368       0x10 obj_evb1000/usbd_core.o
 .text.USBD_IsoOUTIncomplete
                0x0000000008005378       0x10 obj_evb1000/usbd_core.o
 .text.USBD_DevConnected
                0x0000000008005388       0x18 obj_evb1000/usbd_core.o
 .text.USBD_DevDisconnected
                0x00000000080053a0       0x20 obj_evb1000/usbd_core.o
 .text.USBD_Reset
                0x00000000080053c0       0x30 obj_evb1000/usbd_core.o
 .text.USBD_SetupStage
                0x00000000080053f0       0x58 obj_evb1000/usbd_core.o
 .text.USBD_DataInStage
                0x0000000008005448       0xd0 obj_evb1000/usbd_core.o
 .text.USBD_DataOutStage
                0x0000000008005518       0x78 obj_evb1000/usbd_core.o
 .text.USBD_Init
                0x0000000008005590       0x3c obj_evb1000/usbd_core.o
                0x0000000008005590                USBD_Init
 .text.USBD_SetCfg
                0x00000000080055cc       0x18 obj_evb1000/usbd_core.o
                0x00000000080055cc                USBD_SetCfg
 .text.USBD_ClrCfg
                0x00000000080055e4       0x10 obj_evb1000/usbd_core.o
                0x00000000080055e4                USBD_ClrCfg
 .text.USBD_CtlSendData
                0x00000000080055f4       0x1c obj_evb1000/usbd_ioreq.o
                0x00000000080055f4                USBD_CtlSendData
 .text.USBD_CtlContinueSendData
                0x0000000008005610       0x14 obj_evb1000/usbd_ioreq.o
                0x0000000008005610                USBD_CtlContinueSendData
 .text.USBD_CtlPrepareRx
                0x0000000008005624       0x1c obj_evb1000/usbd_ioreq.o
                0x0000000008005624                USBD_CtlPrepareRx
 .text.USBD_CtlContinueRx
                0x0000000008005640       0x14 obj_evb1000/usbd_ioreq.o
                0x0000000008005640                USBD_CtlContinueRx
 .text.USBD_CtlSendStatus
                0x0000000008005654       0x20 obj_evb1000/usbd_ioreq.o
                0x0000000008005654                USBD_CtlSendStatus
 .text.USBD_CtlReceiveStatus
                0x0000000008005674       0x20 obj_evb1000/usbd_ioreq.o
                0x0000000008005674                USBD_CtlReceiveStatus
 .text.USBD_StdDevReq
                0x0000000008005694      0x2bc obj_evb1000/usbd_req.o
                0x0000000008005694                USBD_StdDevReq
 .text.USBD_StdItfReq
                0x0000000008005950       0x44 obj_evb1000/usbd_req.o
                0x0000000008005950                USBD_StdItfReq
 .text.USBD_StdEPReq
                0x0000000008005994      0x100 obj_evb1000/usbd_req.o
                0x0000000008005994                USBD_StdEPReq
 .text.USBD_ParseSetupRequest
                0x0000000008005a94       0x44 obj_evb1000/usbd_req.o
                0x0000000008005a94                USBD_ParseSetupRequest
 .text.USBD_CtlError
                0x0000000008005ad8       0x1c obj_evb1000/usbd_req.o
                0x0000000008005ad8                USBD_CtlError
 .text.USBD_GetString
                0x0000000008005af4       0x54 obj_evb1000/usbd_req.o
                0x0000000008005af4                USBD_GetString
 .text.usbd_cdc_EP0_RxReady
                0x0000000008005b48       0x30 obj_evb1000/usbd_cdc_core.o
                0x0000000008005b48                usbd_cdc_EP0_RxReady
 .text.USBD_cdc_GetCfgDesc
                0x0000000008005b78        0xc obj_evb1000/usbd_cdc_core.o
 .text.usbd_cdc_Init
                0x0000000008005b84       0x54 obj_evb1000/usbd_cdc_core.o
                0x0000000008005b84                usbd_cdc_Init
 .text.usbd_cdc_DataOut
                0x0000000008005bd8       0x34 obj_evb1000/usbd_cdc_core.o
                0x0000000008005bd8                usbd_cdc_DataOut
 .text.usbd_cdc_DeInit
                0x0000000008005c0c       0x28 obj_evb1000/usbd_cdc_core.o
                0x0000000008005c0c                usbd_cdc_DeInit
 .text.usbd_cdc_Setup
                0x0000000008005c34       0xa4 obj_evb1000/usbd_cdc_core.o
                0x0000000008005c34                usbd_cdc_Setup
 .text.usbd_cdc_DataIn
                0x0000000008005cd8       0x80 obj_evb1000/usbd_cdc_core.o
                0x0000000008005cd8                usbd_cdc_DataIn
 .text.usbd_cdc_SOF
                0x0000000008005d58       0x98 obj_evb1000/usbd_cdc_core.o
                0x0000000008005d58                usbd_cdc_SOF
 .text.USB_OTG_CoreReset.isra.0
                0x0000000008005df0       0x68 obj_evb1000/usb_core.o
 .text.USB_OTG_WritePacket
                0x0000000008005e58       0x30 obj_evb1000/usb_core.o
                0x0000000008005e58                USB_OTG_WritePacket
 .text.USB_OTG_ReadPacket
                0x0000000008005e88       0x30 obj_evb1000/usb_core.o
                0x0000000008005e88                USB_OTG_ReadPacket
 .text.USB_OTG_SelectCore
                0x0000000008005eb8      0x120 obj_evb1000/usb_core.o
                0x0000000008005eb8                USB_OTG_SelectCore
 .text.USB_OTG_CoreInit
                0x0000000008005fd8       0x90 obj_evb1000/usb_core.o
                0x0000000008005fd8                USB_OTG_CoreInit
 .text.USB_OTG_EnableGlobalInt
                0x0000000008006068       0x10 obj_evb1000/usb_core.o
                0x0000000008006068                USB_OTG_EnableGlobalInt
 .text.USB_OTG_DisableGlobalInt
                0x0000000008006078       0x10 obj_evb1000/usb_core.o
                0x0000000008006078                USB_OTG_DisableGlobalInt
 .text.USB_OTG_FlushTxFifo
                0x0000000008006088       0x48 obj_evb1000/usb_core.o
                0x0000000008006088                USB_OTG_FlushTxFifo
 .text.USB_OTG_SetCurrentMode
                0x00000000080060d0       0x30 obj_evb1000/usb_core.o
                0x00000000080060d0                USB_OTG_SetCurrentMode
 .text.USB_OTG_IsDeviceMode
                0x0000000008006100        0xc obj_evb1000/usb_core.o
                0x0000000008006100                USB_OTG_IsDeviceMode
 .text.USB_OTG_ReadCoreItr
                0x000000000800610c        0xc obj_evb1000/usb_core.o
                0x000000000800610c                USB_OTG_ReadCoreItr
 .text.USB_OTG_EnableDevInt
                0x0000000008006118       0x40 obj_evb1000/usb_core.o
                0x0000000008006118                USB_OTG_EnableDevInt
 .text.USB_OTG_CoreInitDev
                0x0000000008006158      0x140 obj_evb1000/usb_core.o
                0x0000000008006158                USB_OTG_CoreInitDev
 .text.USB_OTG_GetDeviceSpeed
                0x0000000008006298       0x14 obj_evb1000/usb_core.o
                0x0000000008006298                USB_OTG_GetDeviceSpeed
 .text.USB_OTG_EP0Activate
                0x00000000080062ac       0x28 obj_evb1000/usb_core.o
                0x00000000080062ac                USB_OTG_EP0Activate
 .text.USB_OTG_EPActivate
                0x00000000080062d4       0x70 obj_evb1000/usb_core.o
                0x00000000080062d4                USB_OTG_EPActivate
 .text.USB_OTG_EPDeactivate
                0x0000000008006344       0x3c obj_evb1000/usb_core.o
                0x0000000008006344                USB_OTG_EPDeactivate
 .text.USB_OTG_EPStartXfer
                0x0000000008006380      0x168 obj_evb1000/usb_core.o
                0x0000000008006380                USB_OTG_EPStartXfer
 .text.USB_OTG_EP0StartXfer
                0x00000000080064e8       0xe0 obj_evb1000/usb_core.o
                0x00000000080064e8                USB_OTG_EP0StartXfer
 .text.USB_OTG_EPSetStall
                0x00000000080065c8       0x48 obj_evb1000/usb_core.o
                0x00000000080065c8                USB_OTG_EPSetStall
 .text.USB_OTG_EPClearStall
                0x0000000008006610       0x34 obj_evb1000/usb_core.o
                0x0000000008006610                USB_OTG_EPClearStall
 .text.USB_OTG_ReadDevAllOutEp_itr
                0x0000000008006644        0xc obj_evb1000/usb_core.o
                0x0000000008006644                USB_OTG_ReadDevAllOutEp_itr
 .text.USB_OTG_ReadDevOutEP_itr
                0x0000000008006650       0x10 obj_evb1000/usb_core.o
                0x0000000008006650                USB_OTG_ReadDevOutEP_itr
 .text.USB_OTG_ReadDevAllInEPItr
                0x0000000008006660        0xc obj_evb1000/usb_core.o
                0x0000000008006660                USB_OTG_ReadDevAllInEPItr
 .text.USB_OTG_EP0_OutStart
                0x000000000800666c       0x20 obj_evb1000/usb_core.o
                0x000000000800666c                USB_OTG_EP0_OutStart
 .text.USB_OTG_UngateClock
                0x000000000800668c       0x20 obj_evb1000/usb_core.o
                0x000000000800668c                USB_OTG_UngateClock
 .text.USBD_OTG_ISR_Handler
                0x00000000080066ac      0x5f4 obj_evb1000/usb_dcd_int.o
                0x00000000080066ac                USBD_OTG_ISR_Handler
 .text.DCD_Init
                0x0000000008006ca0       0x90 obj_evb1000/usb_dcd.o
                0x0000000008006ca0                DCD_Init
 .text.DCD_EP_Open
                0x0000000008006d30       0x68 obj_evb1000/usb_dcd.o
                0x0000000008006d30                DCD_EP_Open
 .text.DCD_EP_Close
                0x0000000008006d98       0x40 obj_evb1000/usb_dcd.o
                0x0000000008006d98                DCD_EP_Close
 .text.DCD_EP_PrepareRx
                0x0000000008006dd8       0x48 obj_evb1000/usb_dcd.o
                0x0000000008006dd8                DCD_EP_PrepareRx
 .text.DCD_EP_Tx
                0x0000000008006e20       0x3c obj_evb1000/usb_dcd.o
                0x0000000008006e20                DCD_EP_Tx
 .text.DCD_EP_Stall
                0x0000000008006e5c       0x44 obj_evb1000/usb_dcd.o
                0x0000000008006e5c                DCD_EP_Stall
 .text.DCD_EP_ClrStall
                0x0000000008006ea0       0x44 obj_evb1000/usb_dcd.o
                0x0000000008006ea0                DCD_EP_ClrStall
 .text.DCD_EP_SetAddress
                0x0000000008006ee4       0x10 obj_evb1000/usb_dcd.o
                0x0000000008006ee4                DCD_EP_SetAddress
 .text.SysTick_Handler
                0x0000000008006ef4       0x3c obj_evb1000/clock.o
                0x0000000008006ef4                SysTick_Handler
 .text.clock_init
                0x0000000008006f30       0x40 obj_evb1000/clock.o
                0x0000000008006f30                clock_init
 .text.clock_time
                0x0000000008006f70        0xc obj_evb1000/clock.o
                0x0000000008006f70                clock_time
 .text.clock_wait
                0x0000000008006f7c       0x14 obj_evb1000/clock.o
                0x0000000008006f7c                clock_wait
 .text.clock_delay_usec
                0x0000000008006f90        0x4 obj_evb1000/clock.o
                0x0000000008006f90                clock_delay_usec
 .text.watchdog_init
                0x0000000008006f94       0x1c obj_evb1000/watchdog.o
                0x0000000008006f94                watchdog_init
 .text.watchdog_start
                0x0000000008006fb0       0x10 obj_evb1000/watchdog.o
                0x0000000008006fb0                watchdog_start
 .text.watchdog_periodic
                0x0000000008006fc0        0x4 obj_evb1000/watchdog.o
                0x0000000008006fc0                watchdog_periodic
 .text.RTCAlarm_IRQHandler
                0x0000000008006fc4       0x3c obj_evb1000/rtimer-arch.o
                0x0000000008006fc4                RTCAlarm_IRQHandler
 .text.rtimer_arch_init
                0x0000000008007000       0x48 obj_evb1000/rtimer-arch.o
                0x0000000008007000                rtimer_arch_init
 .text.rtimer_arch_schedule
                0x0000000008007048        0x4 obj_evb1000/rtimer-arch.o
                0x0000000008007048                rtimer_arch_schedule
 .text.rtimer_arch_now
                0x000000000800704c        0x4 obj_evb1000/rtimer-arch.o
                0x000000000800704c                rtimer_arch_now
 .text.spix_init
                0x0000000008007050       0xac obj_evb1000/spix.o
                0x0000000008007050                spix_init
 .text.spix_change_speed
                0x00000000080070fc       0x10 obj_evb1000/spix.o
                0x00000000080070fc                spix_change_speed
 .text.get_rx_timestamp
                0x000000000800710c       0x2c obj_evb1000/rng-support.o
                0x000000000800710c                get_rx_timestamp
 .text.get_tx_timestamp
                0x0000000008007138       0x2c obj_evb1000/rng-support.o
                0x0000000008007138                get_tx_timestamp
 .text.predict_tx_timestamp
                0x0000000008007164       0x18 obj_evb1000/rng-support.o
                0x0000000008007164                predict_tx_timestamp
 .text.resp_msg_set_timestamp
                0x000000000800717c       0x30 obj_evb1000/rng-support.o
                0x000000000800717c                resp_msg_set_timestamp
 .text.fill_ieee_hdr
                0x00000000080071ac       0x34 obj_evb1000/rng-support.o
                0x00000000080071ac                fill_ieee_hdr
 .text.start_tx
                0x00000000080071e0       0xa0 obj_evb1000/rng-support.o
                0x00000000080071e0                start_tx
 .text.radio_init
                0x0000000008007280       0x38 obj_evb1000/rng-support.o
                0x0000000008007280                radio_init
 .text.start_rx
                0x00000000080072b8       0x10 obj_evb1000/rng-support.o
                0x00000000080072b8                start_rx
 .text.wait_rx  0x00000000080072c8       0x20 obj_evb1000/rng-support.o
                0x00000000080072c8                wait_rx
 .text.read_rx_data
                0x00000000080072e8       0x2c obj_evb1000/rng-support.o
                0x00000000080072e8                read_rx_data
 .text.radio_reset
                0x0000000008007314       0x2c obj_evb1000/rng-support.o
                0x0000000008007314                radio_reset
 .text.autostart_start
                0x0000000008007340       0x18 contiki-evb1000.a(autostart.o)
                0x0000000008007340                autostart_start
 .text.process_thread_ctimer_process
                0x0000000008007358       0x94 contiki-evb1000.a(ctimer.o)
 .text.ctimer_init
                0x00000000080073ec       0x28 contiki-evb1000.a(ctimer.o)
                0x00000000080073ec                ctimer_init
 .text.ctimer_set
                0x0000000008007414       0x4c contiki-evb1000.a(ctimer.o)
                0x0000000008007414                ctimer_set
 .text.ctimer_stop
                0x0000000008007460       0x34 contiki-evb1000.a(ctimer.o)
                0x0000000008007460                ctimer_stop
 .text.energest_init
                0x0000000008007494        0x4 contiki-evb1000.a(energest.o)
                0x0000000008007494                energest_init
 .text.update_time.part.0
                0x0000000008007498       0x3c contiki-evb1000.a(etimer.o)
 .text.process_thread_etimer_process
                0x00000000080074d4       0xd4 contiki-evb1000.a(etimer.o)
 .text.add_timer
                0x00000000080075a8       0x54 contiki-evb1000.a(etimer.o)
 .text.etimer_request_poll
                0x00000000080075fc        0xc contiki-evb1000.a(etimer.o)
                0x00000000080075fc                etimer_request_poll
 .text.etimer_set
                0x0000000008007608       0x14 contiki-evb1000.a(etimer.o)
                0x0000000008007608                etimer_set
 .text.etimer_pending
                0x000000000800761c       0x10 contiki-evb1000.a(etimer.o)
                0x000000000800761c                etimer_pending
 .text.etimer_stop
                0x000000000800762c       0x54 contiki-evb1000.a(etimer.o)
                0x000000000800762c                etimer_stop
 .text.exit_process
                0x0000000008007680       0xd8 contiki-evb1000.a(process.o)
 .text.call_process.part.0
                0x0000000008007758       0x38 contiki-evb1000.a(process.o)
 .text.do_poll  0x0000000008007790       0x5c contiki-evb1000.a(process.o)
 .text.process_alloc_event
                0x00000000080077ec       0x10 contiki-evb1000.a(process.o)
                0x00000000080077ec                process_alloc_event
 .text.process_start
                0x00000000080077fc       0x64 contiki-evb1000.a(process.o)
                0x00000000080077fc                process_start
 .text.process_init
                0x0000000008007860       0x38 contiki-evb1000.a(process.o)
                0x0000000008007860                process_init
 .text.process_run
                0x0000000008007898       0xd8 contiki-evb1000.a(process.o)
                0x0000000008007898                process_run
 .text.process_post
                0x0000000008007970       0x4c contiki-evb1000.a(process.o)
                0x0000000008007970                process_post
 .text.process_post_synch
                0x00000000080079bc       0x18 contiki-evb1000.a(process.o)
                0x00000000080079bc                process_post_synch
 .text.process_poll
                0x00000000080079d4       0x1c contiki-evb1000.a(process.o)
                0x00000000080079d4                process_poll
 .text.rtimer_init
                0x00000000080079f0        0x4 contiki-evb1000.a(rtimer.o)
                0x00000000080079f0                rtimer_init
 .text.rtimer_run_next
                0x00000000080079f4       0x28 contiki-evb1000.a(rtimer.o)
                0x00000000080079f4                rtimer_run_next
 .text.timer_set
                0x0000000008007a1c       0x10 contiki-evb1000.a(timer.o)
                0x0000000008007a1c                timer_set
 .text.timer_expired
                0x0000000008007a2c       0x1c contiki-evb1000.a(timer.o)
                0x0000000008007a2c                timer_expired
 .text.leds_init
                0x0000000008007a48       0x14 contiki-evb1000.a(leds.o)
                0x0000000008007a48                leds_init
 .text.leds_set
                0x0000000008007a5c        0xc contiki-evb1000.a(leds.o)
                0x0000000008007a5c                leds_set
 .text.leds_on  0x0000000008007a68       0x10 contiki-evb1000.a(leds.o)
                0x0000000008007a68                leds_on
 .text.leds_off
                0x0000000008007a78       0x14 contiki-evb1000.a(leds.o)
                0x0000000008007a78                leds_off
 .text.leds_toggle
                0x0000000008007a8c       0x10 contiki-evb1000.a(leds.o)
                0x0000000008007a8c                leds_toggle
 .text.process_thread_serial_line_process
                0x0000000008007a9c       0xa8 contiki-evb1000.a(serial-line.o)
 .text.serial_line_input_byte
                0x0000000008007b44       0x58 contiki-evb1000.a(serial-line.o)
                0x0000000008007b44                serial_line_input_byte
 .text.serial_line_init
                0x0000000008007b9c       0x24 contiki-evb1000.a(serial-line.o)
                0x0000000008007b9c                serial_line_init
 .text.list_init
                0x0000000008007bc0        0x8 contiki-evb1000.a(list.o)
                0x0000000008007bc0                list_init
 .text.list_head
                0x0000000008007bc8        0x4 contiki-evb1000.a(list.o)
                0x0000000008007bc8                list_head
 .text.list_add
                0x0000000008007bcc       0x5c contiki-evb1000.a(list.o)
                0x0000000008007bcc                list_add
 .text.list_push
                0x0000000008007c28       0x3c contiki-evb1000.a(list.o)
                0x0000000008007c28                list_push
 .text.list_remove
                0x0000000008007c64       0x30 contiki-evb1000.a(list.o)
                0x0000000008007c64                list_remove
 .text.list_length
                0x0000000008007c94       0x14 contiki-evb1000.a(list.o)
                0x0000000008007c94                list_length
 .text.list_item_next
                0x0000000008007ca8        0x8 contiki-evb1000.a(list.o)
                0x0000000008007ca8                list_item_next
 .text.random_init
                0x0000000008007cb0        0x4 contiki-evb1000.a(random.o)
                0x0000000008007cb0                random_init
 .text.random_rand
                0x0000000008007cb4        0xc contiki-evb1000.a(random.o)
                0x0000000008007cb4                random_rand
 .text.ringbuf_init
                0x0000000008007cc0       0x10 contiki-evb1000.a(ringbuf.o)
                0x0000000008007cc0                ringbuf_init
 .text.ringbuf_put
                0x0000000008007cd0       0x2c contiki-evb1000.a(ringbuf.o)
                0x0000000008007cd0                ringbuf_put
 .text.ringbuf_get
                0x0000000008007cfc       0x28 contiki-evb1000.a(ringbuf.o)
                0x0000000008007cfc                ringbuf_get
 .text.linkaddr_copy
                0x0000000008007d24        0x8 contiki-evb1000.a(linkaddr.o)
                0x0000000008007d24                linkaddr_copy
 .text.linkaddr_cmp
                0x0000000008007d2c       0x20 contiki-evb1000.a(linkaddr.o)
                0x0000000008007d2c                linkaddr_cmp
 .text.netstack_init
                0x0000000008007d4c       0x38 contiki-evb1000.a(netstack.o)
                0x0000000008007d4c                netstack_init
 .text.packetbuf_clear
                0x0000000008007d84       0x4c contiki-evb1000.a(packetbuf.o)
                0x0000000008007d84                packetbuf_clear
 .text.packetbuf_copyfrom
                0x0000000008007dd0       0x70 contiki-evb1000.a(packetbuf.o)
                0x0000000008007dd0                packetbuf_copyfrom
 .text.packetbuf_compact
                0x0000000008007e40       0x4c contiki-evb1000.a(packetbuf.o)
                0x0000000008007e40                packetbuf_compact
 .text.packetbuf_copyto
                0x0000000008007e8c       0x54 contiki-evb1000.a(packetbuf.o)
                0x0000000008007e8c                packetbuf_copyto
 .text.packetbuf_hdralloc
                0x0000000008007ee0       0x64 contiki-evb1000.a(packetbuf.o)
                0x0000000008007ee0                packetbuf_hdralloc
 .text.packetbuf_hdrreduce
                0x0000000008007f44       0x2c contiki-evb1000.a(packetbuf.o)
                0x0000000008007f44                packetbuf_hdrreduce
 .text.packetbuf_set_datalen
                0x0000000008007f70        0xc contiki-evb1000.a(packetbuf.o)
                0x0000000008007f70                packetbuf_set_datalen
 .text.packetbuf_dataptr
                0x0000000008007f7c       0x20 contiki-evb1000.a(packetbuf.o)
                0x0000000008007f7c                packetbuf_dataptr
 .text.packetbuf_hdrptr
                0x0000000008007f9c        0x8 contiki-evb1000.a(packetbuf.o)
                0x0000000008007f9c                packetbuf_hdrptr
 .text.packetbuf_datalen
                0x0000000008007fa4        0xc contiki-evb1000.a(packetbuf.o)
                0x0000000008007fa4                packetbuf_datalen
 .text.packetbuf_totlen
                0x0000000008007fb0       0x24 contiki-evb1000.a(packetbuf.o)
                0x0000000008007fb0                packetbuf_totlen
 .text.packetbuf_attr_copyto
                0x0000000008007fd4       0x48 contiki-evb1000.a(packetbuf.o)
                0x0000000008007fd4                packetbuf_attr_copyto
 .text.packetbuf_attr_copyfrom
                0x000000000800801c       0x48 contiki-evb1000.a(packetbuf.o)
                0x000000000800801c                packetbuf_attr_copyfrom
 .text.packetbuf_set_attr
                0x0000000008008064       0x10 contiki-evb1000.a(packetbuf.o)
                0x0000000008008064                packetbuf_set_attr
 .text.packetbuf_attr
                0x0000000008008074        0xc contiki-evb1000.a(packetbuf.o)
                0x0000000008008074                packetbuf_attr
 .text.packetbuf_set_addr
                0x0000000008008080       0x18 contiki-evb1000.a(packetbuf.o)
                0x0000000008008080                packetbuf_set_addr
 .text.packetbuf_addr
                0x0000000008008098       0x10 contiki-evb1000.a(packetbuf.o)
                0x0000000008008098                packetbuf_addr
 .text.packetbuf_holds_broadcast
                0x00000000080080a8       0x10 contiki-evb1000.a(packetbuf.o)
                0x00000000080080a8                packetbuf_holds_broadcast
 .text.input_packet
                0x00000000080080b8        0xc contiki-evb1000.a(csma.o)
 .text.on       0x00000000080080c4        0xc contiki-evb1000.a(csma.o)
 .text.off      0x00000000080080d0        0xc contiki-evb1000.a(csma.o)
 .text.channel_check_interval
                0x00000000080080dc       0x10 contiki-evb1000.a(csma.o)
 .text.schedule_transmission
                0x00000000080080ec       0x50 contiki-evb1000.a(csma.o)
 .text.send_packet
                0x000000000800813c      0x160 contiki-evb1000.a(csma.o)
 .text.init     0x000000000800829c       0x24 contiki-evb1000.a(csma.o)
 .text.transmit_packet_list
                0x00000000080082c0       0x34 contiki-evb1000.a(csma.o)
 .text.tx_done  0x00000000080082f4       0x8c contiki-evb1000.a(csma.o)
 .text.packet_sent
                0x0000000008008380       0xec contiki-evb1000.a(csma.o)
 .text.frame802154_get_pan_id
                0x000000000800846c        0xc contiki-evb1000.a(frame802154.o)
                0x000000000800846c                frame802154_get_pan_id
 .text.frame802154_has_panid
                0x0000000008008478       0xdc contiki-evb1000.a(frame802154.o)
                0x0000000008008478                frame802154_has_panid
 .text.field_len
                0x0000000008008554       0x88 contiki-evb1000.a(frame802154.o)
 .text.frame802154_is_broadcast_addr
                0x00000000080085dc       0x24 contiki-evb1000.a(frame802154.o)
                0x00000000080085dc                frame802154_is_broadcast_addr
 .text.frame802154_hdrlen
                0x0000000008008600       0x34 contiki-evb1000.a(frame802154.o)
                0x0000000008008600                frame802154_hdrlen
 .text.frame802154_create_fcf
                0x0000000008008634       0x6c contiki-evb1000.a(frame802154.o)
                0x0000000008008634                frame802154_create_fcf
 .text.frame802154_create
                0x00000000080086a0       0xb0 contiki-evb1000.a(frame802154.o)
                0x00000000080086a0                frame802154_create
 .text.frame802154_parse_fcf
                0x0000000008008750       0x48 contiki-evb1000.a(frame802154.o)
                0x0000000008008750                frame802154_parse_fcf
 .text.frame802154_parse
                0x0000000008008798      0x134 contiki-evb1000.a(frame802154.o)
                0x0000000008008798                frame802154_parse
 .text.mac_call_sent_callback
                0x00000000080088cc       0x18 contiki-evb1000.a(mac.o)
                0x00000000080088cc                mac_call_sent_callback
 .text.on       0x00000000080088e4        0xc contiki-evb1000.a(nullrdc.o)
 .text.channel_check_interval
                0x00000000080088f0        0x4 contiki-evb1000.a(nullrdc.o)
 .text.init     0x00000000080088f4        0xc contiki-evb1000.a(nullrdc.o)
 .text.packet_input
                0x0000000008008900       0xf8 contiki-evb1000.a(nullrdc.o)
 .text.send_one_packet
                0x00000000080089f8      0x140 contiki-evb1000.a(nullrdc.o)
 .text.send_list
                0x0000000008008b38       0x20 contiki-evb1000.a(nullrdc.o)
 .text.send_packet
                0x0000000008008b58        0x4 contiki-evb1000.a(nullrdc.o)
 .text.off      0x0000000008008b5c       0x1c contiki-evb1000.a(nullrdc.o)
 .text.init     0x0000000008008b78        0x4 contiki-evb1000.a(nullsec.o)
 .text.input    0x0000000008008b7c        0xc contiki-evb1000.a(nullsec.o)
 .text.send     0x0000000008008b88       0x20 contiki-evb1000.a(nullsec.o)
 .text.memb_init
                0x0000000008008ba8       0x24 contiki-evb1000.a(memb.o)
                0x0000000008008ba8                memb_init
 .text.memb_alloc
                0x0000000008008bcc       0x38 contiki-evb1000.a(memb.o)
                0x0000000008008bcc                memb_alloc
 .text.memb_free
                0x0000000008008c04       0x40 contiki-evb1000.a(memb.o)
                0x0000000008008c04                memb_free
 .text.memb_inmemb
                0x0000000008008c44       0x1c contiki-evb1000.a(memb.o)
                0x0000000008008c44                memb_inmemb
 .text.packet_sent
                0x0000000008008c60       0x38 contiki-evb1000.a(rime.o)
 .text.input    0x0000000008008c98       0x38 contiki-evb1000.a(rime.o)
 .text.init     0x0000000008008cd0       0x2c contiki-evb1000.a(rime.o)
 .text.rime_output
                0x0000000008008cfc       0x28 contiki-evb1000.a(rime.o)
                0x0000000008008cfc                rime_output
 .text.queuebuf_init
                0x0000000008008d24       0x1c contiki-evb1000.a(queuebuf.o)
                0x0000000008008d24                queuebuf_init
 .text.queuebuf_new_from_packetbuf
                0x0000000008008d40       0x48 contiki-evb1000.a(queuebuf.o)
                0x0000000008008d40                queuebuf_new_from_packetbuf
 .text.queuebuf_update_attr_from_packetbuf
                0x0000000008008d88        0xc contiki-evb1000.a(queuebuf.o)
                0x0000000008008d88                queuebuf_update_attr_from_packetbuf
 .text.queuebuf_free
                0x0000000008008d94       0x2c contiki-evb1000.a(queuebuf.o)
                0x0000000008008d94                queuebuf_free
 .text.queuebuf_to_packetbuf
                0x0000000008008dc0       0x30 contiki-evb1000.a(queuebuf.o)
                0x0000000008008dc0                queuebuf_to_packetbuf
 .text.queuebuf_attr
                0x0000000008008df0        0xc contiki-evb1000.a(queuebuf.o)
                0x0000000008008df0                queuebuf_attr
 .text.parse    0x0000000008008dfc       0xa8 contiki-evb1000.a(framer-802154.o)
 .text.create_frame.constprop.0
                0x0000000008008ea4      0x148 contiki-evb1000.a(framer-802154.o)
 .text.hdr_length
                0x0000000008008fec        0x8 contiki-evb1000.a(framer-802154.o)
 .text.create   0x0000000008008ff4        0x8 contiki-evb1000.a(framer-802154.o)
 .text.mac_sequence_is_duplicate
                0x0000000008008ffc       0x54 contiki-evb1000.a(mac-sequence.o)
                0x0000000008008ffc                mac_sequence_is_duplicate
 .text.mac_sequence_register_seqno
                0x0000000008009050       0x64 contiki-evb1000.a(mac-sequence.o)
                0x0000000008009050                mac_sequence_register_seqno
 .text.abc_open
                0x00000000080090b4       0x20 contiki-evb1000.a(abc.o)
                0x00000000080090b4                abc_open
 .text.abc_send
                0x00000000080090d4        0x4 contiki-evb1000.a(abc.o)
                0x00000000080090d4                abc_send
 .text.abc_input
                0x00000000080090d8        0xc contiki-evb1000.a(abc.o)
                0x00000000080090d8                abc_input
 .text.abc_sent
                0x00000000080090e4        0xc contiki-evb1000.a(abc.o)
                0x00000000080090e4                abc_sent
 .text.announcement_init
                0x00000000080090f0        0xc contiki-evb1000.a(announcement.o)
                0x00000000080090f0                announcement_init
 .text.announcement_register_observer_callback
                0x00000000080090fc        0xc contiki-evb1000.a(announcement.o)
                0x00000000080090fc                announcement_register_observer_callback
 .text.announcement_list
                0x0000000008009108        0xc contiki-evb1000.a(announcement.o)
                0x0000000008009108                announcement_list
 .text.announcement_heard
                0x0000000008009114       0x3c contiki-evb1000.a(announcement.o)
                0x0000000008009114                announcement_heard
 .text.adv_packet_sent
                0x0000000008009150        0x4 contiki-evb1000.a(broadcast-annou)
 .text.send_adv
                0x0000000008009154       0x5c contiki-evb1000.a(broadcast-annou)
 .text.adv_packet_received
                0x00000000080091b0       0x34 contiki-evb1000.a(broadcast-annou)
 .text.new_announcement
                0x00000000080091e4       0x4c contiki-evb1000.a(broadcast-annou)
 .text.send_timer
                0x0000000008009230       0x4c contiki-evb1000.a(broadcast-annou)
 .text.broadcast_announcement_init
                0x000000000800927c       0x30 contiki-evb1000.a(broadcast-annou)
                0x000000000800927c                broadcast_announcement_init
 .text.sent_by_abc
                0x00000000080092ac        0xc contiki-evb1000.a(broadcast.o)
 .text.recv_from_abc
                0x00000000080092b8       0x24 contiki-evb1000.a(broadcast.o)
 .text.broadcast_open
                0x00000000080092dc       0x24 contiki-evb1000.a(broadcast.o)
                0x00000000080092dc                broadcast_open
 .text.broadcast_send
                0x0000000008009300       0x1c contiki-evb1000.a(broadcast.o)
                0x0000000008009300                broadcast_send
 .text.chameleon_init
                0x000000000800931c        0x4 contiki-evb1000.a(chameleon.o)
                0x000000000800931c                chameleon_init
 .text.chameleon_parse
                0x0000000008009320       0x1c contiki-evb1000.a(chameleon.o)
                0x0000000008009320                chameleon_parse
 .text.chameleon_create
                0x000000000800933c       0x20 contiki-evb1000.a(chameleon.o)
                0x000000000800933c                chameleon_create
 .text.chameleon_hdrsize
                0x000000000800935c        0xc contiki-evb1000.a(chameleon.o)
                0x000000000800935c                chameleon_hdrsize
 .text.channel_init
                0x0000000008009368        0xc contiki-evb1000.a(channel.o)
                0x0000000008009368                channel_init
 .text.channel_set_attributes
                0x0000000008009374       0x34 contiki-evb1000.a(channel.o)
                0x0000000008009374                channel_set_attributes
 .text.channel_open
                0x00000000080093a8       0x14 contiki-evb1000.a(channel.o)
                0x00000000080093a8                channel_open
 .text.channel_lookup
                0x00000000080093bc       0x24 contiki-evb1000.a(channel.o)
                0x00000000080093bc                channel_lookup
 .text.header_size
                0x00000000080093e0       0x20 contiki-evb1000.a(chameleon-bitop)
 .text.get_bits
                0x0000000008009400       0xac contiki-evb1000.a(chameleon-bitop)
                0x0000000008009400                get_bits
 .text.unpack_header
                0x00000000080094ac       0xc0 contiki-evb1000.a(chameleon-bitop)
 .text.set_bits
                0x000000000800956c       0xdc contiki-evb1000.a(chameleon-bitop)
                0x000000000800956c                set_bits
 .text.pack_header
                0x0000000008009648       0xac contiki-evb1000.a(chameleon-bitop)
 .text.__errno  0x00000000080096f4        0xc /Users/parallels/sw/gcc-arm/gcc-arm-none-eabi-10.3-2021.07/bin/../lib/gcc/arm-none-eabi/10.3.1/../../../../arm-none-eabi/lib/thumb/v7-m/nofp/libc.a(lib_a-errno.o)
                0x00000000080096f4                __errno
 .text.__sflush_r
                0x0000000008009700      0x124 /Users/parallels/sw/gcc-arm/gcc-arm-none-eabi-10.3-2021.07/bin/../lib/gcc/arm-none-eabi/10.3.1/../../../../arm-none-eabi/lib/thumb/v7-m/nofp/libc.a(lib_a-fflush.o)
                0x0000000008009700                __sflush_r
 .text._fflush_r
                0x0000000008009824       0x5c /Users/parallels/sw/gcc-arm/gcc-arm-none-eabi-10.3-2021.07/bin/../lib/gcc/arm-none-eabi/10.3.1/../../../../arm-none-eabi/lib/thumb/v7-m/nofp/libc.a(lib_a-fflush.o)
                0x0000000008009824                _fflush_r
 .text._cleanup_r
                0x0000000008009880        0xc /Users/parallels/sw/gcc-arm/gcc-arm-none-eabi-10.3-2021.07/bin/../lib/gcc/arm-none-eabi/10.3.1/../../../../arm-none-eabi/lib/thumb/v7-m/nofp/libc.a(lib_a-findfp.o)
                0x0000000008009880                _cleanup_r
 .text.__sinit  0x000000000800988c      0x10c /Users/parallels/sw/gcc-arm/gcc-arm-none-eabi-10.3-2021.07/bin/../lib/gcc/arm-none-eabi/10.3.1/../../../../arm-none-eabi/lib/thumb/v7-m/nofp/libc.a(lib_a-findfp.o)
                0x000000000800988c                __sinit
 .text.__sfp_lock_acquire
                0x0000000008009998        0xc /Users/parallels/sw/gcc-arm/gcc-arm-none-eabi-10.3-2021.07/bin/../lib/gcc/arm-none-eabi/10.3.1/../../../../arm-none-eabi/lib/thumb/v7-m/nofp/libc.a(lib_a-findfp.o)
                0x0000000008009998                __sfp_lock_acquire
 .text.__sfp_lock_release
                0x00000000080099a4        0xc /Users/parallels/sw/gcc-arm/gcc-arm-none-eabi-10.3-2021.07/bin/../lib/gcc/arm-none-eabi/10.3.1/../../../../arm-none-eabi/lib/thumb/v7-m/nofp/libc.a(lib_a-findfp.o)
                0x00000000080099a4                __sfp_lock_release
 .text._malloc_trim_r
                0x00000000080099b0       0xa0 /Users/parallels/sw/gcc-arm/gcc-arm-none-eabi-10.3-2021.07/bin/../lib/gcc/arm-none-eabi/10.3.1/../../../../arm-none-eabi/lib/thumb/v7-m/nofp/libc.a(lib_a-freer.o)
                0x00000000080099b0                _malloc_trim_r
 .text._free_r  0x0000000008009a50      0x200 /Users/parallels/sw/gcc-arm/gcc-arm-none-eabi-10.3-2021.07/bin/../lib/gcc/arm-none-eabi/10.3.1/../../../../arm-none-eabi/lib/thumb/v7-m/nofp/libc.a(lib_a-freer.o)
                0x0000000008009a50                _free_r
 .text._fwalk_reent
                0x0000000008009c50       0x48 /Users/parallels/sw/gcc-arm/gcc-arm-none-eabi-10.3-2021.07/bin/../lib/gcc/arm-none-eabi/10.3.1/../../../../arm-none-eabi/lib/thumb/v7-m/nofp/libc.a(lib_a-fwalk.o)
                0x0000000008009c50                _fwalk_reent
 .text.__libc_init_array
                0x0000000008009c98       0x48 /Users/parallels/sw/gcc-arm/gcc-arm-none-eabi-10.3-2021.07/bin/../lib/gcc/arm-none-eabi/10.3.1/../../../../arm-none-eabi/lib/thumb/v7-m/nofp/libc.a(lib_a-init.o)
                0x0000000008009c98                __libc_init_array
 .text.__retarget_lock_init_recursive
                0x0000000008009ce0        0x4 /Users/parallels/sw/gcc-arm/gcc-arm-none-eabi-10.3-2021.07/bin/../lib/gcc/arm-none-eabi/10.3.1/../../../../arm-none-eabi/lib/thumb/v7-m/nofp/libc.a(lib_a-lock.o)
                0x0000000008009ce0                __retarget_lock_init_recursive
 .text.__retarget_lock_close_recursive
                0x0000000008009ce4        0x4 /Users/parallels/sw/gcc-arm/gcc-arm-none-eabi-10.3-2021.07/bin/../lib/gcc/arm-none-eabi/10.3.1/../../../../arm-none-eabi/lib/thumb/v7-m/nofp/libc.a(lib_a-lock.o)
                0x0000000008009ce4                __retarget_lock_close_recursive
 .text.__retarget_lock_acquire_recursive
                0x0000000008009ce8        0x4 /Users/parallels/sw/gcc-arm/gcc-arm-none-eabi-10.3-2021.07/bin/../lib/gcc/arm-none-eabi/10.3.1/../../../../arm-none-eabi/lib/thumb/v7-m/nofp/libc.a(lib_a-lock.o)
                0x0000000008009ce8                __retarget_lock_acquire_recursive
 .text.__retarget_lock_release_recursive
                0x0000000008009cec        0x4 /Users/parallels/sw/gcc-arm/gcc-arm-none-eabi-10.3-2021.07/bin/../lib/gcc/arm-none-eabi/10.3.1/../../../../arm-none-eabi/lib/thumb/v7-m/nofp/libc.a(lib_a-lock.o)
                0x0000000008009cec                __retarget_lock_release_recursive
 .text._malloc_r
                0x0000000008009cf0      0x558 /Users/parallels/sw/gcc-arm/gcc-arm-none-eabi-10.3-2021.07/bin/../lib/gcc/arm-none-eabi/10.3.1/../../../../arm-none-eabi/lib/thumb/v7-m/nofp/libc.a(lib_a-mallocr.o)
                0x0000000008009cf0                _malloc_r
 .text.memset   0x000000000800a248       0xa4 /Users/parallels/sw/gcc-arm/gcc-arm-none-eabi-10.3-2021.07/bin/../lib/gcc/arm-none-eabi/10.3.1/../../../../arm-none-eabi/lib/thumb/v7-m/nofp/libc.a(lib_a-memset.o)
                0x000000000800a248                memset
 .text.__malloc_lock
                0x000000000800a2ec        0xc /Users/parallels/sw/gcc-arm/gcc-arm-none-eabi-10.3-2021.07/bin/../lib/gcc/arm-none-eabi/10.3.1/../../../../arm-none-eabi/lib/thumb/v7-m/nofp/libc.a(lib_a-mlock.o)
                0x000000000800a2ec                __malloc_lock
 .text.__malloc_unlock
                0x000000000800a2f8        0xc /Users/parallels/sw/gcc-arm/gcc-arm-none-eabi-10.3-2021.07/bin/../lib/gcc/arm-none-eabi/10.3.1/../../../../arm-none-eabi/lib/thumb/v7-m/nofp/libc.a(lib_a-mlock.o)
                0x000000000800a2f8                __malloc_unlock
 .text.printf   0x000000000800a304       0x28 /Users/parallels/sw/gcc-arm/gcc-arm-none-eabi-10.3-2021.07/bin/../lib/gcc/arm-none-eabi/10.3.1/../../../../arm-none-eabi/lib/thumb/v7-m/nofp/libc.a(lib_a-printf.o)
                0x000000000800a304                printf
 .text._puts_r  0x000000000800a32c       0x9c /Users/parallels/sw/gcc-arm/gcc-arm-none-eabi-10.3-2021.07/bin/../lib/gcc/arm-none-eabi/10.3.1/../../../../arm-none-eabi/lib/thumb/v7-m/nofp/libc.a(lib_a-puts.o)
                0x000000000800a32c                _puts_r
 .text.puts     0x000000000800a3c8       0x10 /Users/parallels/sw/gcc-arm/gcc-arm-none-eabi-10.3-2021.07/bin/../lib/gcc/arm-none-eabi/10.3.1/../../../../arm-none-eabi/lib/thumb/v7-m/nofp/libc.a(lib_a-puts.o)
                0x000000000800a3c8                puts
 .text.srand    0x000000000800a3d8       0x10 /Users/parallels/sw/gcc-arm/gcc-arm-none-eabi-10.3-2021.07/bin/../lib/gcc/arm-none-eabi/10.3.1/../../../../arm-none-eabi/lib/thumb/v7-m/nofp/libc.a(lib_a-rand.o)
                0x000000000800a3d8                srand
 .text.rand     0x000000000800a3e8       0x38 /Users/parallels/sw/gcc-arm/gcc-arm-none-eabi-10.3-2021.07/bin/../lib/gcc/arm-none-eabi/10.3.1/../../../../arm-none-eabi/lib/thumb/v7-m/nofp/libc.a(lib_a-rand.o)
                0x000000000800a3e8                rand
 .text._sbrk_r  0x000000000800a420       0x24 /Users/parallels/sw/gcc-arm/gcc-arm-none-eabi-10.3-2021.07/bin/../lib/gcc/arm-none-eabi/10.3.1/../../../../arm-none-eabi/lib/thumb/v7-m/nofp/libc.a(lib_a-sbrkr.o)
                0x000000000800a420                _sbrk_r
 .text.snprintf
                0x000000000800a444       0x84 /Users/parallels/sw/gcc-arm/gcc-arm-none-eabi-10.3-2021.07/bin/../lib/gcc/arm-none-eabi/10.3.1/../../../../arm-none-eabi/lib/thumb/v7-m/nofp/libc.a(lib_a-snprintf.o)
                0x000000000800a444                snprintf
 .text.__sread  0x000000000800a4c8       0x24 /Users/parallels/sw/gcc-arm/gcc-arm-none-eabi-10.3-2021.07/bin/../lib/gcc/arm-none-eabi/10.3.1/../../../../arm-none-eabi/lib/thumb/v7-m/nofp/libc.a(lib_a-stdio.o)
                0x000000000800a4c8                __sread
 .text.__swrite
                0x000000000800a4ec       0x40 /Users/parallels/sw/gcc-arm/gcc-arm-none-eabi-10.3-2021.07/bin/../lib/gcc/arm-none-eabi/10.3.1/../../../../arm-none-eabi/lib/thumb/v7-m/nofp/libc.a(lib_a-stdio.o)
                0x000000000800a4ec                __swrite
 .text.__sseek  0x000000000800a52c       0x20 /Users/parallels/sw/gcc-arm/gcc-arm-none-eabi-10.3-2021.07/bin/../lib/gcc/arm-none-eabi/10.3.1/../../../../arm-none-eabi/lib/thumb/v7-m/nofp/libc.a(lib_a-stdio.o)
                0x000000000800a52c                __sseek
 .text.__sclose
                0x000000000800a54c        0x8 /Users/parallels/sw/gcc-arm/gcc-arm-none-eabi-10.3-2021.07/bin/../lib/gcc/arm-none-eabi/10.3.1/../../../../arm-none-eabi/lib/thumb/v7-m/nofp/libc.a(lib_a-stdio.o)
                0x000000000800a54c                __sclose
 .text.strlen   0x000000000800a554       0x5c /Users/parallels/sw/gcc-arm/gcc-arm-none-eabi-10.3-2021.07/bin/../lib/gcc/arm-none-eabi/10.3.1/../../../../arm-none-eabi/lib/thumb/v7-m/nofp/libc.a(lib_a-strlen-stub.o)
                0x000000000800a554                strlen
 .text._svfprintf_r
                0x000000000800a5b0     0x1aa4 /Users/parallels/sw/gcc-arm/gcc-arm-none-eabi-10.3-2021.07/bin/../lib/gcc/arm-none-eabi/10.3.1/../../../../arm-none-eabi/lib/thumb/v7-m/nofp/libc.a(lib_a-svfprintf.o)
                0x000000000800a5b0                _svfprintf_r
 .text._vfprintf_r
                0x000000000800c054     0x1b58 /Users/parallels/sw/gcc-arm/gcc-arm-none-eabi-10.3-2021.07/bin/../lib/gcc/arm-none-eabi/10.3.1/../../../../arm-none-eabi/lib/thumb/v7-m/nofp/libc.a(lib_a-vfprintf.o)
                0x000000000800c054                _vfprintf_r
 .text.__sbprintf
                0x000000000800dbac       0x84 /Users/parallels/sw/gcc-arm/gcc-arm-none-eabi-10.3-2021.07/bin/../lib/gcc/arm-none-eabi/10.3.1/../../../../arm-none-eabi/lib/thumb/v7-m/nofp/libc.a(lib_a-vfprintf.o)
 .text._write_r
                0x000000000800dc30       0x2c /Users/parallels/sw/gcc-arm/gcc-arm-none-eabi-10.3-2021.07/bin/../lib/gcc/arm-none-eabi/10.3.1/../../../../arm-none-eabi/lib/thumb/v7-m/nofp/libc.a(lib_a-writer.o)
                0x000000000800dc30                _write_r
 .text.__swsetup_r
                0x000000000800dc5c       0xd4 /Users/parallels/sw/gcc-arm/gcc-arm-none-eabi-10.3-2021.07/bin/../lib/gcc/arm-none-eabi/10.3.1/../../../../arm-none-eabi/lib/thumb/v7-m/nofp/libc.a(lib_a-wsetup.o)
                0x000000000800dc5c                __swsetup_r
 .text.startup.register_fini
                0x000000000800dd30       0x14 /Users/parallels/sw/gcc-arm/gcc-arm-none-eabi-10.3-2021.07/bin/../lib/gcc/arm-none-eabi/10.3.1/../../../../arm-none-eabi/lib/thumb/v7-m/nofp/libc.a(lib_a-__call_atexit.o)
 .text.atexit   0x000000000800dd44        0xc /Users/parallels/sw/gcc-arm/gcc-arm-none-eabi-10.3-2021.07/bin/../lib/gcc/arm-none-eabi/10.3.1/../../../../arm-none-eabi/lib/thumb/v7-m/nofp/libc.a(lib_a-atexit.o)
                0x000000000800dd44                atexit
 .text._close_r
                0x000000000800dd50       0x24 /Users/parallels/sw/gcc-arm/gcc-arm-none-eabi-10.3-2021.07/bin/../lib/gcc/arm-none-eabi/10.3.1/../../../../arm-none-eabi/lib/thumb/v7-m/nofp/libc.a(lib_a-closer.o)
                0x000000000800dd50                _close_r
 .text.quorem   0x000000000800dd74      0x12c /Users/parallels/sw/gcc-arm/gcc-arm-none-eabi-10.3-2021.07/bin/../lib/gcc/arm-none-eabi/10.3.1/../../../../arm-none-eabi/lib/thumb/v7-m/nofp/libc.a(lib_a-dtoa.o)
 .text._dtoa_r  0x000000000800dea0      0xecc /Users/parallels/sw/gcc-arm/gcc-arm-none-eabi-10.3-2021.07/bin/../lib/gcc/arm-none-eabi/10.3.1/../../../../arm-none-eabi/lib/thumb/v7-m/nofp/libc.a(lib_a-dtoa.o)
                0x000000000800dea0                _dtoa_r
 .text._fclose_r
                0x000000000800ed6c       0xcc /Users/parallels/sw/gcc-arm/gcc-arm-none-eabi-10.3-2021.07/bin/../lib/gcc/arm-none-eabi/10.3.1/../../../../arm-none-eabi/lib/thumb/v7-m/nofp/libc.a(lib_a-fclose.o)
                0x000000000800ed6c                _fclose_r
 .text.__libc_fini_array
                0x000000000800ee38       0x2c /Users/parallels/sw/gcc-arm/gcc-arm-none-eabi-10.3-2021.07/bin/../lib/gcc/arm-none-eabi/10.3.1/../../../../arm-none-eabi/lib/thumb/v7-m/nofp/libc.a(lib_a-fini.o)
                0x000000000800ee38                __libc_fini_array
 .text.__sfvwrite_r
                0x000000000800ee64      0x2f0 /Users/parallels/sw/gcc-arm/gcc-arm-none-eabi-10.3-2021.07/bin/../lib/gcc/arm-none-eabi/10.3.1/../../../../arm-none-eabi/lib/thumb/v7-m/nofp/libc.a(lib_a-fvwrite.o)
                0x000000000800ee64                __sfvwrite_r
 .text._localeconv_r
                0x000000000800f154        0x8 /Users/parallels/sw/gcc-arm/gcc-arm-none-eabi-10.3-2021.07/bin/../lib/gcc/arm-none-eabi/10.3.1/../../../../arm-none-eabi/lib/thumb/v7-m/nofp/libc.a(lib_a-localeconv.o)
                0x000000000800f154                _localeconv_r
 .text._lseek_r
                0x000000000800f15c       0x2c /Users/parallels/sw/gcc-arm/gcc-arm-none-eabi-10.3-2021.07/bin/../lib/gcc/arm-none-eabi/10.3.1/../../../../arm-none-eabi/lib/thumb/v7-m/nofp/libc.a(lib_a-lseekr.o)